Archive member included because of file (symbol)

c:/intel/nios2eds/bin/gnu/h-i686-mingw32/bin/../lib/gcc/nios2-elf/4.1.2/mno-hw-mul\libgcc.a(lib2-divmod.o)
                              obj/default/include/lcd.o (__divsi3)
c:/intel/nios2eds/bin/gnu/h-i686-mingw32/bin/../lib/gcc/nios2-elf/4.1.2/mno-hw-mul\libgcc.a(lib2-mul.o)
                              obj/default/include/lcd.o (__mulsi3)
c:/intel/nios2eds/bin/gnu/h-i686-mingw32/bin/../lib/gcc/nios2-elf/4.1.2/../../../../nios2-elf/lib/mno-hw-mul\libsmallc.a(lib_a-ctype_.o)
                              obj/default/source.o (__ctype_ptr)
c:/intel/nios2eds/bin/gnu/h-i686-mingw32/bin/../lib/gcc/nios2-elf/4.1.2/../../../../nios2-elf/lib/mno-hw-mul\libsmallc.a(lib_a-printf.o)
                              obj/default/source.o (printf)
c:/intel/nios2eds/bin/gnu/h-i686-mingw32/bin/../lib/gcc/nios2-elf/4.1.2/../../../../nios2-elf/lib/mno-hw-mul\libsmallc.a(lib_a-puts.o)
                              obj/default/source.o (puts)
c:/intel/nios2eds/bin/gnu/h-i686-mingw32/bin/../lib/gcc/nios2-elf/4.1.2/../../../../nios2-elf/lib/mno-hw-mul\libsmallc.a(lib_a-strlen.o)
                              obj/default/source.o (strlen)
c:/intel/nios2eds/bin/gnu/h-i686-mingw32/bin/../lib/gcc/nios2-elf/4.1.2/../../../../nios2-elf/lib/mno-hw-mul\libsmallc.a(lib_a-vfprintf.o)
                              c:/intel/nios2eds/bin/gnu/h-i686-mingw32/bin/../lib/gcc/nios2-elf/4.1.2/../../../../nios2-elf/lib/mno-hw-mul\libsmallc.a(lib_a-printf.o) (___vfprintf_internal_r)
c:/intel/nios2eds/bin/gnu/h-i686-mingw32/bin/../lib/gcc/nios2-elf/4.1.2/../../../../nios2-elf/lib/mno-hw-mul\libsmallc.a(lib_a-fvwrite_small_dev.o)
                              c:/intel/nios2eds/bin/gnu/h-i686-mingw32/bin/../lib/gcc/nios2-elf/4.1.2/../../../../nios2-elf/lib/mno-hw-mul\libsmallc.a(lib_a-printf.o) (__sfvwrite_small_dev)
c:/intel/nios2eds/bin/gnu/h-i686-mingw32/bin/../lib/gcc/nios2-elf/4.1.2/../../../../nios2-elf/lib/mno-hw-mul\libsmallc.a(lib_a-impure.o)
                              c:/intel/nios2eds/bin/gnu/h-i686-mingw32/bin/../lib/gcc/nios2-elf/4.1.2/../../../../nios2-elf/lib/mno-hw-mul\libsmallc.a(lib_a-printf.o) (_impure_ptr)
c:/intel/nios2eds/bin/gnu/h-i686-mingw32/bin/../lib/gcc/nios2-elf/4.1.2/../../../../nios2-elf/lib/mno-hw-mul\libsmallc.a(lib_a-writer.o)
                              c:/intel/nios2eds/bin/gnu/h-i686-mingw32/bin/../lib/gcc/nios2-elf/4.1.2/../../../../nios2-elf/lib/mno-hw-mul\libsmallc.a(lib_a-fvwrite_small_dev.o) (_write_r)
c:/intel/nios2eds/bin/gnu/h-i686-mingw32/bin/../lib/gcc/nios2-elf/4.1.2/../../../../nios2-elf/lib/mno-hw-mul\libsmallc.a(lib_a-int_errno.o)
                              c:/intel/nios2eds/bin/gnu/h-i686-mingw32/bin/../lib/gcc/nios2-elf/4.1.2/../../../../nios2-elf/lib/mno-hw-mul\libsmallc.a(lib_a-writer.o) (errno)
../fpga_bsp/\libhal_bsp.a(alt_iic.o)
                              obj/default/source.o (alt_ic_isr_register)
../fpga_bsp/\libhal_bsp.a(alt_iic_isr_register.o)
                              ../fpga_bsp/\libhal_bsp.a(alt_iic.o) (alt_iic_isr_register)
../fpga_bsp/\libhal_bsp.a(alt_irq_entry.o)
                              ../fpga_bsp/\libhal_bsp.a(alt_iic_isr_register.o) (alt_irq_entry)
../fpga_bsp/\libhal_bsp.a(alt_irq_handler.o)
                              ../fpga_bsp/\libhal_bsp.a(alt_iic_isr_register.o) (alt_irq_handler)
../fpga_bsp/\libhal_bsp.a(alt_irq_vars.o)
                              ../fpga_bsp/\libhal_bsp.a(alt_iic.o) (alt_irq_active)
../fpga_bsp/\libhal_bsp.a(alt_load.o)
                              ../fpga_bsp//obj/HAL/src/crt0.o (alt_load)
../fpga_bsp/\libhal_bsp.a(alt_main.o)
                              ../fpga_bsp//obj/HAL/src/crt0.o (alt_main)
../fpga_bsp/\libhal_bsp.a(alt_write.o)
                              c:/intel/nios2eds/bin/gnu/h-i686-mingw32/bin/../lib/gcc/nios2-elf/4.1.2/../../../../nios2-elf/lib/mno-hw-mul\libsmallc.a(lib_a-writer.o) (write)
../fpga_bsp/\libhal_bsp.a(alt_sys_init.o)
                              ../fpga_bsp/\libhal_bsp.a(alt_main.o) (alt_irq_init)
../fpga_bsp/\libhal_bsp.a(altera_avalon_jtag_uart_fd.o)
                              ../fpga_bsp/\libhal_bsp.a(alt_sys_init.o) (altera_avalon_jtag_uart_read_fd)
../fpga_bsp/\libhal_bsp.a(altera_avalon_jtag_uart_read.o)
                              ../fpga_bsp/\libhal_bsp.a(altera_avalon_jtag_uart_fd.o) (altera_avalon_jtag_uart_read)
../fpga_bsp/\libhal_bsp.a(altera_avalon_jtag_uart_write.o)
                              ../fpga_bsp/\libhal_bsp.a(altera_avalon_jtag_uart_fd.o) (altera_avalon_jtag_uart_write)
../fpga_bsp/\libhal_bsp.a(altera_avalon_uart_fd.o)
                              ../fpga_bsp/\libhal_bsp.a(alt_sys_init.o) (altera_avalon_uart_read_fd)
../fpga_bsp/\libhal_bsp.a(altera_avalon_uart_read.o)
                              ../fpga_bsp/\libhal_bsp.a(altera_avalon_uart_fd.o) (altera_avalon_uart_read)
../fpga_bsp/\libhal_bsp.a(altera_avalon_uart_write.o)
                              ../fpga_bsp/\libhal_bsp.a(altera_avalon_uart_fd.o) (altera_avalon_uart_write)
../fpga_bsp/\libhal_bsp.a(alt_close.o)
                              ../fpga_bsp/\libhal_bsp.a(alt_main.o) (close)
../fpga_bsp/\libhal_bsp.a(alt_dcache_flush_all.o)
                              ../fpga_bsp/\libhal_bsp.a(alt_load.o) (alt_dcache_flush_all)
../fpga_bsp/\libhal_bsp.a(alt_dev.o)
                              ../fpga_bsp/\libhal_bsp.a(alt_sys_init.o) (alt_dev_list)
../fpga_bsp/\libhal_bsp.a(alt_dev_llist_insert.o)
                              ../fpga_bsp/\libhal_bsp.a(alt_sys_init.o) (alt_dev_llist_insert)
../fpga_bsp/\libhal_bsp.a(alt_do_ctors.o)
                              ../fpga_bsp/\libhal_bsp.a(alt_main.o) (_do_ctors)
../fpga_bsp/\libhal_bsp.a(alt_do_dtors.o)
                              ../fpga_bsp/\libhal_bsp.a(alt_main.o) (_do_dtors)
../fpga_bsp/\libhal_bsp.a(alt_errno.o)
                              ../fpga_bsp/\libhal_bsp.a(alt_write.o) (alt_errno)
../fpga_bsp/\libhal_bsp.a(alt_exception_entry.o)
                              ../fpga_bsp/\libhal_bsp.a(alt_irq_entry.o) (alt_exception)
../fpga_bsp/\libhal_bsp.a(alt_icache_flush_all.o)
                              ../fpga_bsp/\libhal_bsp.a(alt_load.o) (alt_icache_flush_all)
../fpga_bsp/\libhal_bsp.a(alt_io_redirect.o)
                              ../fpga_bsp/\libhal_bsp.a(alt_main.o) (alt_io_redirect)
../fpga_bsp/\libhal_bsp.a(alt_open.o)
                              ../fpga_bsp/\libhal_bsp.a(alt_io_redirect.o) (open)
../fpga_bsp/\libhal_bsp.a(alt_release_fd.o)
                              ../fpga_bsp/\libhal_bsp.a(alt_close.o) (alt_release_fd)
../fpga_bsp/\libhal_bsp.a(altera_nios2_qsys_irq.o)
                              ../fpga_bsp/\libhal_bsp.a(alt_sys_init.o) (altera_nios2_qsys_irq_init)
../fpga_bsp/\libhal_bsp.a(alt_find_dev.o)
                              ../fpga_bsp/\libhal_bsp.a(alt_open.o) (alt_find_dev)
../fpga_bsp/\libhal_bsp.a(alt_find_file.o)
                              ../fpga_bsp/\libhal_bsp.a(alt_open.o) (alt_find_file)
../fpga_bsp/\libhal_bsp.a(alt_get_fd.o)
                              ../fpga_bsp/\libhal_bsp.a(alt_open.o) (alt_get_fd)
c:/intel/nios2eds/bin/gnu/h-i686-mingw32/bin/../lib/gcc/nios2-elf/4.1.2/../../../../nios2-elf/lib/mno-hw-mul\libsmallc.a(lib_a-atexit.o)
                              ../fpga_bsp/\libhal_bsp.a(alt_main.o) (atexit)
c:/intel/nios2eds/bin/gnu/h-i686-mingw32/bin/../lib/gcc/nios2-elf/4.1.2/../../../../nios2-elf/lib/mno-hw-mul\libsmallc.a(lib_a-exit.o)
                              ../fpga_bsp/\libhal_bsp.a(alt_main.o) (exit)
c:/intel/nios2eds/bin/gnu/h-i686-mingw32/bin/../lib/gcc/nios2-elf/4.1.2/../../../../nios2-elf/lib/mno-hw-mul\libsmallc.a(lib_a-memcmp.o)
                              ../fpga_bsp/\libhal_bsp.a(alt_find_dev.o) (memcmp)
c:/intel/nios2eds/bin/gnu/h-i686-mingw32/bin/../lib/gcc/nios2-elf/4.1.2/../../../../nios2-elf/lib/mno-hw-mul\libsmallc.a(lib_a-__atexit.o)
                              c:/intel/nios2eds/bin/gnu/h-i686-mingw32/bin/../lib/gcc/nios2-elf/4.1.2/../../../../nios2-elf/lib/mno-hw-mul\libsmallc.a(lib_a-atexit.o) (__register_exitproc)
c:/intel/nios2eds/bin/gnu/h-i686-mingw32/bin/../lib/gcc/nios2-elf/4.1.2/../../../../nios2-elf/lib/mno-hw-mul\libsmallc.a(lib_a-__call_atexit.o)
                              c:/intel/nios2eds/bin/gnu/h-i686-mingw32/bin/../lib/gcc/nios2-elf/4.1.2/../../../../nios2-elf/lib/mno-hw-mul\libsmallc.a(lib_a-exit.o) (__call_exitprocs)
../fpga_bsp/\libhal_bsp.a(alt_exit.o)
                              c:/intel/nios2eds/bin/gnu/h-i686-mingw32/bin/../lib/gcc/nios2-elf/4.1.2/../../../../nios2-elf/lib/mno-hw-mul\libsmallc.a(lib_a-exit.o) (_exit)

Allocating common symbols
Common symbol       size              file

alt_irq             0x100             ../fpga_bsp/\libhal_bsp.a(alt_irq_handler.o)
errno               0x4               c:/intel/nios2eds/bin/gnu/h-i686-mingw32/bin/../lib/gcc/nios2-elf/4.1.2/../../../../nios2-elf/lib/mno-hw-mul\libsmallc.a(lib_a-int_errno.o)
_atexit0            0x8c              c:/intel/nios2eds/bin/gnu/h-i686-mingw32/bin/../lib/gcc/nios2-elf/4.1.2/../../../../nios2-elf/lib/mno-hw-mul\libsmallc.a(lib_a-atexit.o)

Memory Configuration

Name             Origin             Length             Attributes
reset            0x00008000         0x00000020
onchip_memory2_0 0x00008020         0x00007fe0
*default*        0x00000000         0xffffffff

Linker script and memory map

LOAD ../fpga_bsp//obj/HAL/src/crt0.o
LOAD obj/default/include/datetime.o
LOAD obj/default/include/lcd.o
LOAD obj/default/include/timer_ctrl.o
LOAD obj/default/include/uart.o
LOAD obj/default/source.o
LOAD c:/intel/nios2eds/bin/gnu/h-i686-mingw32/bin/../lib/gcc/nios2-elf/4.1.2/../../../../nios2-elf/lib/mno-hw-mul\libstdc++.a
LOAD c:/intel/nios2eds/bin/gnu/h-i686-mingw32/bin/../lib/gcc/nios2-elf/4.1.2/../../../../nios2-elf/lib/mno-hw-mul\libm.a
LOAD c:/intel/nios2eds/bin/gnu/h-i686-mingw32/bin/../lib/gcc/nios2-elf/4.1.2/mno-hw-mul\libgcc.a
START GROUP
LOAD c:/intel/nios2eds/bin/gnu/h-i686-mingw32/bin/../lib/gcc/nios2-elf/4.1.2/../../../../nios2-elf/lib/mno-hw-mul\libsmallc.a
LOAD c:/intel/nios2eds/bin/gnu/h-i686-mingw32/bin/../lib/gcc/nios2-elf/4.1.2/mno-hw-mul\libgcc.a
LOAD ../fpga_bsp/\libhal_bsp.a
END GROUP
LOAD c:/intel/nios2eds/bin/gnu/h-i686-mingw32/bin/../lib/gcc/nios2-elf/4.1.2/mno-hw-mul\libgcc.a
                0x00008000                __alt_mem_onchip_memory2_0 = 0x8000

.entry          0x00008000       0x20
 *(.entry)
 .entry         0x00008000       0x20 ../fpga_bsp//obj/HAL/src/crt0.o
                0x00008000                __reset

.exceptions     0x00008020      0x194
                0x00008020                PROVIDE (__ram_exceptions_start, ABSOLUTE (.))
                0x00008020                . = ALIGN (0x20)
 *(.irq)
 *(.exceptions.entry.label)
 .exceptions.entry.label
                0x00008020        0x0 ../fpga_bsp/\libhal_bsp.a(alt_irq_entry.o)
                0x00008020                alt_irq_entry
 .exceptions.entry.label
                0x00008020        0x0 ../fpga_bsp/\libhal_bsp.a(alt_exception_entry.o)
                0x00008020                alt_exception
 *(.exceptions.entry.user)
 *(.exceptions.entry)
 .exceptions.entry
                0x00008020       0x54 ../fpga_bsp/\libhal_bsp.a(alt_exception_entry.o)
 *(.exceptions.irqtest.user)
 *(.exceptions.irqtest)
 .exceptions.irqtest
                0x00008074       0x10 ../fpga_bsp/\libhal_bsp.a(alt_irq_entry.o)
 *(.exceptions.irqhandler.user)
 *(.exceptions.irqhandler)
 .exceptions.irqhandler
                0x00008084        0x4 ../fpga_bsp/\libhal_bsp.a(alt_irq_entry.o)
 *(.exceptions.irqreturn.user)
 *(.exceptions.irqreturn)
 .exceptions.irqreturn
                0x00008088        0x4 ../fpga_bsp/\libhal_bsp.a(alt_irq_entry.o)
 *(.exceptions.notirq.label)
 .exceptions.notirq.label
                0x0000808c        0x0 ../fpga_bsp/\libhal_bsp.a(alt_irq_entry.o)
 *(.exceptions.notirq.user)
 *(.exceptions.notirq)
 .exceptions.notirq
                0x0000808c        0x8 ../fpga_bsp/\libhal_bsp.a(alt_exception_entry.o)
 *(.exceptions.soft.user)
 *(.exceptions.soft)
 *(.exceptions.unknown.user)
 *(.exceptions.unknown)
 .exceptions.unknown
                0x00008094        0x4 ../fpga_bsp/\libhal_bsp.a(alt_exception_entry.o)
 *(.exceptions.exit.label)
 .exceptions.exit.label
                0x00008098        0x0 ../fpga_bsp/\libhal_bsp.a(alt_irq_entry.o)
 .exceptions.exit.label
                0x00008098        0x0 ../fpga_bsp/\libhal_bsp.a(alt_exception_entry.o)
 *(.exceptions.exit.user)
 *(.exceptions.exit)
 .exceptions.exit
                0x00008098       0x54 ../fpga_bsp/\libhal_bsp.a(alt_exception_entry.o)
 *(.exceptions)
 .exceptions    0x000080ec       0xc8 ../fpga_bsp/\libhal_bsp.a(alt_irq_handler.o)
                0x000080ec                alt_irq_handler
                0x000081b4                PROVIDE (__ram_exceptions_end, ABSOLUTE (.))
                0x00008020                PROVIDE (__flash_exceptions_start, LOADADDR (.exceptions))

.text           0x000081b4     0x4104
                0x000081b4                PROVIDE (stext, ABSOLUTE (.))
 *(.interp)
 *(.hash)
 *(.dynsym)
 *(.dynstr)
 *(.gnu.version)
 *(.gnu.version_d)
 *(.gnu.version_r)
 *(.rel.init)
 *(.rela.init)
 *(.rel.text .rel.text.* .rel.gnu.linkonce.t.*)
 *(.rela.text .rela.text.* .rela.gnu.linkonce.t.*)
 *(.rel.fini)
 *(.rela.fini)
 *(.rel.rodata .rel.rodata.* .rel.gnu.linkonce.r.*)
 *(.rela.rodata .rela.rodata.* .rela.gnu.linkonce.r.*)
 *(.rel.data .rel.data.* .rel.gnu.linkonce.d.*)
 *(.rela.data .rela.data.* .rela.gnu.linkonce.d.*)
 *(.rel.tdata .rel.tdata.* .rel.gnu.linkonce.td.*)
 *(.rela.tdata .rela.tdata.* .rela.gnu.linkonce.td.*)
 *(.rel.tbss .rel.tbss.* .rel.gnu.linkonce.tb.*)
 *(.rela.tbss .rela.tbss.* .rela.gnu.linkonce.tb.*)
 *(.rel.ctors)
 *(.rela.ctors)
 *(.rel.dtors)
 *(.rela.dtors)
 *(.rel.got)
 *(.rela.got)
 *(.rel.sdata .rel.sdata.* .rel.gnu.linkonce.s.*)
 *(.rela.sdata .rela.sdata.* .rela.gnu.linkonce.s.*)
 *(.rel.sbss .rel.sbss.* .rel.gnu.linkonce.sb.*)
 *(.rela.sbss .rela.sbss.* .rela.gnu.linkonce.sb.*)
 *(.rel.sdata2 .rel.sdata2.* .rel.gnu.linkonce.s2.*)
 *(.rela.sdata2 .rela.sdata2.* .rela.gnu.linkonce.s2.*)
 *(.rel.sbss2 .rel.sbss2.* .rel.gnu.linkonce.sb2.*)
 *(.rela.sbss2 .rela.sbss2.* .rela.gnu.linkonce.sb2.*)
 *(.rel.bss .rel.bss.* .rel.gnu.linkonce.b.*)
 *(.rela.bss .rela.bss.* .rela.gnu.linkonce.b.*)
 *(.rel.plt)
 *(.rela.plt)
 *(.rel.dyn)
 *(.init)
 *(.plt)
 *(.text .stub .text.* .gnu.linkonce.t.*)
 .text          0x000081b4       0x3c ../fpga_bsp//obj/HAL/src/crt0.o
                0x000081b4                _start
 .text          0x000081f0      0x30c obj/default/include/datetime.o
                0x000081f0                datetime_tick
                0x0000844c                is_alarm
 .text          0x000084fc      0x5e4 obj/default/include/lcd.o
                0x000087ec                lcd_init
                0x00008848                lcd_power_on
                0x00008884                lcd_show_datetime
 .text          0x00008ae0       0xb0 obj/default/include/timer_ctrl.o
                0x00008ae0                timer_init
                0x00008b64                timer_clear_timeout
 .text          0x00008b90      0x230 obj/default/include/uart.o
                0x00008b90                is_uart_available
                0x00008bc0                uart_send_char
                0x00008c08                uart_send_string
                0x00008c7c                uart_receive_char
                0x00008cb0                uart_receive_string
 .text          0x00008dc0      0xedc obj/default/source.o
                0x000090e4                Timer_IQR_Handler
                0x000091e4                main
                0x00009c2c                set_time
                0x00009c64                set_alarm
 .text          0x00009c9c      0x14c c:/intel/nios2eds/bin/gnu/h-i686-mingw32/bin/../lib/gcc/nios2-elf/4.1.2/mno-hw-mul\libgcc.a(lib2-divmod.o)
                0x00009d18                __divsi3
                0x00009d78                __modsi3
                0x00009dd8                __udivsi3
                0x00009de0                __umodsi3
 .text          0x00009de8       0x38 c:/intel/nios2eds/bin/gnu/h-i686-mingw32/bin/../lib/gcc/nios2-elf/4.1.2/mno-hw-mul\libgcc.a(lib2-mul.o)
                0x00009de8                __mulsi3
 .text          0x00009e20        0x0 c:/intel/nios2eds/bin/gnu/h-i686-mingw32/bin/../lib/gcc/nios2-elf/4.1.2/../../../../nios2-elf/lib/mno-hw-mul\libsmallc.a(lib_a-ctype_.o)
 .text          0x00009e20       0x98 c:/intel/nios2eds/bin/gnu/h-i686-mingw32/bin/../lib/gcc/nios2-elf/4.1.2/../../../../nios2-elf/lib/mno-hw-mul\libsmallc.a(lib_a-printf.o)
                0x00009e20                printf
                0x00009e74                _printf_r
 .text          0x00009eb8       0xa4 c:/intel/nios2eds/bin/gnu/h-i686-mingw32/bin/../lib/gcc/nios2-elf/4.1.2/../../../../nios2-elf/lib/mno-hw-mul\libsmallc.a(lib_a-puts.o)
                0x00009eb8                _puts_r
                0x00009f48                puts
 .text          0x00009f5c       0x20 c:/intel/nios2eds/bin/gnu/h-i686-mingw32/bin/../lib/gcc/nios2-elf/4.1.2/../../../../nios2-elf/lib/mno-hw-mul\libsmallc.a(lib_a-strlen.o)
                0x00009f5c                strlen
 .text          0x00009f7c      0x740 c:/intel/nios2eds/bin/gnu/h-i686-mingw32/bin/../lib/gcc/nios2-elf/4.1.2/../../../../nios2-elf/lib/mno-hw-mul\libsmallc.a(lib_a-vfprintf.o)
                0x00009ffc                ___vfprintf_internal_r
                0x0000a698                __vfprintf_internal
 .text          0x0000a6bc       0xbc c:/intel/nios2eds/bin/gnu/h-i686-mingw32/bin/../lib/gcc/nios2-elf/4.1.2/../../../../nios2-elf/lib/mno-hw-mul\libsmallc.a(lib_a-fvwrite_small_dev.o)
                0x0000a6bc                __sfvwrite_small_dev
 .text          0x0000a778        0x0 c:/intel/nios2eds/bin/gnu/h-i686-mingw32/bin/../lib/gcc/nios2-elf/4.1.2/../../../../nios2-elf/lib/mno-hw-mul\libsmallc.a(lib_a-impure.o)
 .text          0x0000a778       0x78 c:/intel/nios2eds/bin/gnu/h-i686-mingw32/bin/../lib/gcc/nios2-elf/4.1.2/../../../../nios2-elf/lib/mno-hw-mul\libsmallc.a(lib_a-writer.o)
                0x0000a778                _write_r
 .text          0x0000a7f0        0x0 c:/intel/nios2eds/bin/gnu/h-i686-mingw32/bin/../lib/gcc/nios2-elf/4.1.2/../../../../nios2-elf/lib/mno-hw-mul\libsmallc.a(lib_a-int_errno.o)
 .text          0x0000a7f0      0x1d4 ../fpga_bsp/\libhal_bsp.a(alt_iic.o)
                0x0000a7f0                alt_ic_isr_register
                0x0000a840                alt_ic_irq_enable
                0x0000a8dc                alt_ic_irq_disable
                0x0000a97c                alt_ic_irq_enabled
 .text          0x0000a9c4       0xf8 ../fpga_bsp/\libhal_bsp.a(alt_iic_isr_register.o)
                0x0000a9c4                alt_iic_isr_register
 .text          0x0000aabc        0x0 ../fpga_bsp/\libhal_bsp.a(alt_irq_entry.o)
 .text          0x0000aabc        0x0 ../fpga_bsp/\libhal_bsp.a(alt_irq_handler.o)
 .text          0x0000aabc        0x0 ../fpga_bsp/\libhal_bsp.a(alt_irq_vars.o)
 .text          0x0000aabc       0xec ../fpga_bsp/\libhal_bsp.a(alt_load.o)
                0x0000aabc                alt_load
 .text          0x0000aba8       0x6c ../fpga_bsp/\libhal_bsp.a(alt_main.o)
                0x0000aba8                alt_main
 .text          0x0000ac14      0x184 ../fpga_bsp/\libhal_bsp.a(alt_write.o)
                0x0000ac14                write
 .text          0x0000ad98       0xa8 ../fpga_bsp/\libhal_bsp.a(alt_sys_init.o)
                0x0000ad98                alt_irq_init
                0x0000adcc                alt_sys_init
 .text          0x0000ae40       0xb0 ../fpga_bsp/\libhal_bsp.a(altera_avalon_jtag_uart_fd.o)
                0x0000ae40                altera_avalon_jtag_uart_read_fd
                0x0000ae98                altera_avalon_jtag_uart_write_fd
 .text          0x0000aef0      0x104 ../fpga_bsp/\libhal_bsp.a(altera_avalon_jtag_uart_read.o)
                0x0000aef0                altera_avalon_jtag_uart_read
 .text          0x0000aff4       0xa4 ../fpga_bsp/\libhal_bsp.a(altera_avalon_jtag_uart_write.o)
                0x0000aff4                altera_avalon_jtag_uart_write
 .text          0x0000b098       0xb0 ../fpga_bsp/\libhal_bsp.a(altera_avalon_uart_fd.o)
                0x0000b098                altera_avalon_uart_read_fd
                0x0000b0f0                altera_avalon_uart_write_fd
 .text          0x0000b148      0x130 ../fpga_bsp/\libhal_bsp.a(altera_avalon_uart_read.o)
                0x0000b148                altera_avalon_uart_read
 .text          0x0000b278      0x150 ../fpga_bsp/\libhal_bsp.a(altera_avalon_uart_write.o)
                0x0000b278                altera_avalon_uart_write
 .text          0x0000b3c8      0x160 ../fpga_bsp/\libhal_bsp.a(alt_close.o)
                0x0000b3c8                close
 .text          0x0000b528       0x1c ../fpga_bsp/\libhal_bsp.a(alt_dcache_flush_all.o)
                0x0000b528                alt_dcache_flush_all
 .text          0x0000b544       0x2c ../fpga_bsp/\libhal_bsp.a(alt_dev.o)
 .text          0x0000b570      0x114 ../fpga_bsp/\libhal_bsp.a(alt_dev_llist_insert.o)
                0x0000b570                alt_dev_llist_insert
 .text          0x0000b684       0x64 ../fpga_bsp/\libhal_bsp.a(alt_do_ctors.o)
                0x0000b684                _do_ctors
 .text          0x0000b6e8       0x64 ../fpga_bsp/\libhal_bsp.a(alt_do_dtors.o)
                0x0000b6e8                _do_dtors
 .text          0x0000b74c        0x0 ../fpga_bsp/\libhal_bsp.a(alt_errno.o)
 .text          0x0000b74c        0x0 ../fpga_bsp/\libhal_bsp.a(alt_exception_entry.o)
 .text          0x0000b74c       0x1c ../fpga_bsp/\libhal_bsp.a(alt_icache_flush_all.o)
                0x0000b74c                alt_icache_flush_all
 .text          0x0000b768      0x150 ../fpga_bsp/\libhal_bsp.a(alt_io_redirect.o)
                0x0000b840                alt_io_redirect
 .text          0x0000b8b8      0x2e4 ../fpga_bsp/\libhal_bsp.a(alt_open.o)
                0x0000b9b0                open
 .text          0x0000bb9c       0x78 ../fpga_bsp/\libhal_bsp.a(alt_release_fd.o)
                0x0000bb9c                alt_release_fd
 .text          0x0000bc14       0x20 ../fpga_bsp/\libhal_bsp.a(altera_nios2_qsys_irq.o)
                0x0000bc14                altera_nios2_qsys_irq_init
 .text          0x0000bc34       0x94 ../fpga_bsp/\libhal_bsp.a(alt_find_dev.o)
                0x0000bc34                alt_find_dev
 .text          0x0000bcc8      0x120 ../fpga_bsp/\libhal_bsp.a(alt_find_file.o)
                0x0000bcc8                alt_find_file
 .text          0x0000bde8       0xd0 ../fpga_bsp/\libhal_bsp.a(alt_get_fd.o)
                0x0000bde8                alt_get_fd
 .text          0x0000beb8       0x14 c:/intel/nios2eds/bin/gnu/h-i686-mingw32/bin/../lib/gcc/nios2-elf/4.1.2/../../../../nios2-elf/lib/mno-hw-mul\libsmallc.a(lib_a-atexit.o)
                0x0000beb8                atexit
 .text          0x0000becc       0x20 c:/intel/nios2eds/bin/gnu/h-i686-mingw32/bin/../lib/gcc/nios2-elf/4.1.2/../../../../nios2-elf/lib/mno-hw-mul\libsmallc.a(lib_a-exit.o)
                0x0000becc                exit
 .text          0x0000beec       0x3c c:/intel/nios2eds/bin/gnu/h-i686-mingw32/bin/../lib/gcc/nios2-elf/4.1.2/../../../../nios2-elf/lib/mno-hw-mul\libsmallc.a(lib_a-memcmp.o)
                0x0000beec                memcmp
 .text          0x0000bf28      0x16c c:/intel/nios2eds/bin/gnu/h-i686-mingw32/bin/../lib/gcc/nios2-elf/4.1.2/../../../../nios2-elf/lib/mno-hw-mul\libsmallc.a(lib_a-__atexit.o)
                0x0000bf28                __register_exitproc
 .text          0x0000c094      0x1c0 c:/intel/nios2eds/bin/gnu/h-i686-mingw32/bin/../lib/gcc/nios2-elf/4.1.2/../../../../nios2-elf/lib/mno-hw-mul\libsmallc.a(lib_a-__call_atexit.o)
                0x0000c098                __call_exitprocs
 .text          0x0000c254       0x60 ../fpga_bsp/\libhal_bsp.a(alt_exit.o)
                0x0000c294                _exit
 *(.gnu.warning.*)
 *(.fini)
                0x0000c2b4                PROVIDE (__etext, ABSOLUTE (.))
                0x0000c2b4                PROVIDE (_etext, ABSOLUTE (.))
                0x0000c2b4                PROVIDE (etext, ABSOLUTE (.))
 *(.eh_frame_hdr)
                0x0000c2b4                . = ALIGN (0x4)
                0x0000c2b4                PROVIDE (__preinit_array_start, ABSOLUTE (.))
 *(.preinit_array)
                0x0000c2b4                PROVIDE (__preinit_array_end, ABSOLUTE (.))
                0x0000c2b4                PROVIDE (__init_array_start, ABSOLUTE (.))
 *(.init_array)
                0x0000c2b4                PROVIDE (__init_array_end, ABSOLUTE (.))
                0x0000c2b4                PROVIDE (__fini_array_start, ABSOLUTE (.))
 *(.fini_array)
                0x0000c2b4                PROVIDE (__fini_array_end, ABSOLUTE (.))
 *(.eh_frame)
 *(.gcc_except_table)
 *(.dynamic)
                0x0000c2b4                PROVIDE (__CTOR_LIST__, ABSOLUTE (.))
 *(.ctors)
 *(SORT(.ctors.*))
 .ctors.65535   0x0000c2b4        0x4 c:/intel/nios2eds/bin/gnu/h-i686-mingw32/bin/../lib/gcc/nios2-elf/4.1.2/../../../../nios2-elf/lib/mno-hw-mul\libsmallc.a(lib_a-__call_atexit.o)
                0x0000c2b8                PROVIDE (__CTOR_END__, ABSOLUTE (.))
                0x0000c2b8                PROVIDE (__DTOR_LIST__, ABSOLUTE (.))
 *(.dtors)
 *(SORT(.dtors.*))
                0x0000c2b8                PROVIDE (__DTOR_END__, ABSOLUTE (.))
 *(.jcr)
                0x0000c2b8                . = ALIGN (0x4)

.rodata         0x0000c2b8      0x59c
                0x0000c2b8                PROVIDE (__ram_rodata_start, ABSOLUTE (.))
                0x0000c2b8                . = ALIGN (0x4)
 *(.rodata .rodata.* .gnu.linkonce.r.*)
 .rodata        0x0000c2b8      0x2d4 obj/default/source.o
                0x0000c2b8                HEX_7SEG
 .rodata        0x0000c58c      0x281 c:/intel/nios2eds/bin/gnu/h-i686-mingw32/bin/../lib/gcc/nios2-elf/4.1.2/../../../../nios2-elf/lib/mno-hw-mul\libsmallc.a(lib_a-ctype_.o)
                0x0000c58c                _ctype_
 *fill*         0x0000c80d        0x3 00
 .rodata.str1.4
                0x0000c810        0x4 c:/intel/nios2eds/bin/gnu/h-i686-mingw32/bin/../lib/gcc/nios2-elf/4.1.2/../../../../nios2-elf/lib/mno-hw-mul\libsmallc.a(lib_a-puts.o)
 .rodata        0x0000c814       0x14 ../fpga_bsp/\libhal_bsp.a(alt_main.o)
 .rodata        0x0000c828       0x20 ../fpga_bsp/\libhal_bsp.a(alt_sys_init.o)
 .rodata        0x0000c848        0xc ../fpga_bsp/\libhal_bsp.a(alt_dev.o)
 *(.rodata1)
                0x0000c854                . = ALIGN (0x4)
                0x0000c854                PROVIDE (__ram_rodata_end, ABSOLUTE (.))
                0x0000c2b8                PROVIDE (__flash_rodata_start, LOADADDR (.rodata))

.rwdata         0x0000c854      0x338 load address 0x0000cb8c
                0x0000c854                PROVIDE (__ram_rwdata_start, ABSOLUTE (.))
                0x0000c854                . = ALIGN (0x4)
 *(.got.plt)
 *(.got)
 *(.data1)
 *(.data .data.* .gnu.linkonce.d.*)
 .data          0x0000c854        0x0 ../fpga_bsp//obj/HAL/src/crt0.o
 .data          0x0000c854        0x0 obj/default/include/datetime.o
 .data          0x0000c854        0x0 obj/default/include/lcd.o
 .data          0x0000c854        0x0 obj/default/include/timer_ctrl.o
 .data          0x0000c854        0x0 obj/default/include/uart.o
 .data          0x0000c854       0x30 obj/default/source.o
 .data          0x0000c884        0x0 c:/intel/nios2eds/bin/gnu/h-i686-mingw32/bin/../lib/gcc/nios2-elf/4.1.2/mno-hw-mul\libgcc.a(lib2-divmod.o)
 .data          0x0000c884        0x0 c:/intel/nios2eds/bin/gnu/h-i686-mingw32/bin/../lib/gcc/nios2-elf/4.1.2/mno-hw-mul\libgcc.a(lib2-mul.o)
 .data          0x0000c884        0x0 c:/intel/nios2eds/bin/gnu/h-i686-mingw32/bin/../lib/gcc/nios2-elf/4.1.2/../../../../nios2-elf/lib/mno-hw-mul\libsmallc.a(lib_a-ctype_.o)
 .data          0x0000c884        0x0 c:/intel/nios2eds/bin/gnu/h-i686-mingw32/bin/../lib/gcc/nios2-elf/4.1.2/../../../../nios2-elf/lib/mno-hw-mul\libsmallc.a(lib_a-printf.o)
 .data          0x0000c884        0x0 c:/intel/nios2eds/bin/gnu/h-i686-mingw32/bin/../lib/gcc/nios2-elf/4.1.2/../../../../nios2-elf/lib/mno-hw-mul\libsmallc.a(lib_a-puts.o)
 .data          0x0000c884        0x0 c:/intel/nios2eds/bin/gnu/h-i686-mingw32/bin/../lib/gcc/nios2-elf/4.1.2/../../../../nios2-elf/lib/mno-hw-mul\libsmallc.a(lib_a-strlen.o)
 .data          0x0000c884        0x0 c:/intel/nios2eds/bin/gnu/h-i686-mingw32/bin/../lib/gcc/nios2-elf/4.1.2/../../../../nios2-elf/lib/mno-hw-mul\libsmallc.a(lib_a-vfprintf.o)
 .data          0x0000c884        0x0 c:/intel/nios2eds/bin/gnu/h-i686-mingw32/bin/../lib/gcc/nios2-elf/4.1.2/../../../../nios2-elf/lib/mno-hw-mul\libsmallc.a(lib_a-fvwrite_small_dev.o)
 .data          0x0000c884       0xe0 c:/intel/nios2eds/bin/gnu/h-i686-mingw32/bin/../lib/gcc/nios2-elf/4.1.2/../../../../nios2-elf/lib/mno-hw-mul\libsmallc.a(lib_a-impure.o)
 .data          0x0000c964        0x0 c:/intel/nios2eds/bin/gnu/h-i686-mingw32/bin/../lib/gcc/nios2-elf/4.1.2/../../../../nios2-elf/lib/mno-hw-mul\libsmallc.a(lib_a-writer.o)
 .data          0x0000c964        0x0 c:/intel/nios2eds/bin/gnu/h-i686-mingw32/bin/../lib/gcc/nios2-elf/4.1.2/../../../../nios2-elf/lib/mno-hw-mul\libsmallc.a(lib_a-int_errno.o)
 .data          0x0000c964        0x0 ../fpga_bsp/\libhal_bsp.a(alt_iic.o)
 .data          0x0000c964        0x0 ../fpga_bsp/\libhal_bsp.a(alt_iic_isr_register.o)
 .data          0x0000c964        0x0 ../fpga_bsp/\libhal_bsp.a(alt_irq_entry.o)
 .data          0x0000c964        0x0 ../fpga_bsp/\libhal_bsp.a(alt_irq_handler.o)
 .data          0x0000c964        0x0 ../fpga_bsp/\libhal_bsp.a(alt_irq_vars.o)
 .data          0x0000c964        0x0 ../fpga_bsp/\libhal_bsp.a(alt_load.o)
 .data          0x0000c964        0x0 ../fpga_bsp/\libhal_bsp.a(alt_main.o)
 .data          0x0000c964        0x0 ../fpga_bsp/\libhal_bsp.a(alt_write.o)
 .data          0x0000c964       0x58 ../fpga_bsp/\libhal_bsp.a(alt_sys_init.o)
 .data          0x0000c9bc        0x0 ../fpga_bsp/\libhal_bsp.a(altera_avalon_jtag_uart_fd.o)
 .data          0x0000c9bc        0x0 ../fpga_bsp/\libhal_bsp.a(altera_avalon_jtag_uart_read.o)
 .data          0x0000c9bc        0x0 ../fpga_bsp/\libhal_bsp.a(altera_avalon_jtag_uart_write.o)
 .data          0x0000c9bc        0x0 ../fpga_bsp/\libhal_bsp.a(altera_avalon_uart_fd.o)
 .data          0x0000c9bc        0x0 ../fpga_bsp/\libhal_bsp.a(altera_avalon_uart_read.o)
 .data          0x0000c9bc        0x0 ../fpga_bsp/\libhal_bsp.a(altera_avalon_uart_write.o)
 .data          0x0000c9bc        0x0 ../fpga_bsp/\libhal_bsp.a(alt_close.o)
 .data          0x0000c9bc        0x0 ../fpga_bsp/\libhal_bsp.a(alt_dcache_flush_all.o)
 .data          0x0000c9bc      0x1a8 ../fpga_bsp/\libhal_bsp.a(alt_dev.o)
                0x0000c9bc                alt_dev_null
                0x0000c9e4                alt_fd_list
 .data          0x0000cb64        0x0 ../fpga_bsp/\libhal_bsp.a(alt_dev_llist_insert.o)
 .data          0x0000cb64        0x0 ../fpga_bsp/\libhal_bsp.a(alt_do_ctors.o)
 .data          0x0000cb64        0x0 ../fpga_bsp/\libhal_bsp.a(alt_do_dtors.o)
 .data          0x0000cb64        0x0 ../fpga_bsp/\libhal_bsp.a(alt_errno.o)
 .data          0x0000cb64        0x0 ../fpga_bsp/\libhal_bsp.a(alt_exception_entry.o)
 .data          0x0000cb64        0x0 ../fpga_bsp/\libhal_bsp.a(alt_icache_flush_all.o)
 .data          0x0000cb64        0x0 ../fpga_bsp/\libhal_bsp.a(alt_io_redirect.o)
 .data          0x0000cb64        0x0 ../fpga_bsp/\libhal_bsp.a(alt_open.o)
 .data          0x0000cb64        0x0 ../fpga_bsp/\libhal_bsp.a(alt_release_fd.o)
 .data          0x0000cb64        0x0 ../fpga_bsp/\libhal_bsp.a(altera_nios2_qsys_irq.o)
 .data          0x0000cb64        0x0 ../fpga_bsp/\libhal_bsp.a(alt_find_dev.o)
 .data          0x0000cb64        0x0 ../fpga_bsp/\libhal_bsp.a(alt_find_file.o)
 .data          0x0000cb64        0x0 ../fpga_bsp/\libhal_bsp.a(alt_get_fd.o)
 .data          0x0000cb64        0x0 c:/intel/nios2eds/bin/gnu/h-i686-mingw32/bin/../lib/gcc/nios2-elf/4.1.2/../../../../nios2-elf/lib/mno-hw-mul\libsmallc.a(lib_a-atexit.o)
 .data          0x0000cb64        0x0 c:/intel/nios2eds/bin/gnu/h-i686-mingw32/bin/../lib/gcc/nios2-elf/4.1.2/../../../../nios2-elf/lib/mno-hw-mul\libsmallc.a(lib_a-exit.o)
 .data          0x0000cb64        0x0 c:/intel/nios2eds/bin/gnu/h-i686-mingw32/bin/../lib/gcc/nios2-elf/4.1.2/../../../../nios2-elf/lib/mno-hw-mul\libsmallc.a(lib_a-memcmp.o)
 .data          0x0000cb64        0x0 c:/intel/nios2eds/bin/gnu/h-i686-mingw32/bin/../lib/gcc/nios2-elf/4.1.2/../../../../nios2-elf/lib/mno-hw-mul\libsmallc.a(lib_a-__atexit.o)
 .data          0x0000cb64        0x0 c:/intel/nios2eds/bin/gnu/h-i686-mingw32/bin/../lib/gcc/nios2-elf/4.1.2/../../../../nios2-elf/lib/mno-hw-mul\libsmallc.a(lib_a-__call_atexit.o)
 .data          0x0000cb64        0x0 ../fpga_bsp/\libhal_bsp.a(alt_exit.o)
                0x00014b64                _gp = ABSOLUTE ((. + 0x8000))
                0x00014b64                PROVIDE (gp, _gp)
 *(.rwdata .rwdata.*)
 *(.sdata .sdata.* .gnu.linkonce.s.*)
 .sdata         0x0000cb64        0x4 c:/intel/nios2eds/bin/gnu/h-i686-mingw32/bin/../lib/gcc/nios2-elf/4.1.2/../../../../nios2-elf/lib/mno-hw-mul\libsmallc.a(lib_a-ctype_.o)
                0x0000cb64                __ctype_ptr
 .sdata         0x0000cb68        0x8 c:/intel/nios2eds/bin/gnu/h-i686-mingw32/bin/../lib/gcc/nios2-elf/4.1.2/../../../../nios2-elf/lib/mno-hw-mul\libsmallc.a(lib_a-impure.o)
                0x0000cb68                _impure_ptr
                0x0000cb6c                _global_impure_ptr
 .sdata         0x0000cb70        0x4 ../fpga_bsp/\libhal_bsp.a(alt_irq_vars.o)
                0x0000cb70                alt_priority_mask
 .sdata         0x0000cb74       0x14 ../fpga_bsp/\libhal_bsp.a(alt_dev.o)
                0x0000cb74                alt_fs_list
                0x0000cb7c                alt_dev_list
                0x0000cb84                alt_max_fd
 .sdata         0x0000cb88        0x4 ../fpga_bsp/\libhal_bsp.a(alt_errno.o)
                0x0000cb88                alt_errno
 *(.sdata2 .sdata2.* .gnu.linkonce.s2.*)
                0x0000cb8c                . = ALIGN (0x4)
                0x0000cb8c                _edata = ABSOLUTE (.)
                0x0000cb8c                PROVIDE (edata, ABSOLUTE (.))
                0x0000cb8c                PROVIDE (__ram_rwdata_end, ABSOLUTE (.))
                0x0000cb8c                PROVIDE (__flash_rwdata_start, LOADADDR (.rwdata))

.bss            0x0000cec4      0x238
                0x0000cec4                __bss_start = ABSOLUTE (.)
                0x0000cec4                PROVIDE (__sbss_start, ABSOLUTE (.))
                0x0000cec4                PROVIDE (___sbss_start, ABSOLUTE (.))
 *(.dynsbss)
 *(.sbss .sbss.* .gnu.linkonce.sb.*)
 .sbss          0x0000cec4        0x4 obj/default/include/lcd.o
 .sbss          0x0000cec8       0x18 obj/default/source.o
                0x0000ced4                count
                0x0000ced8                count_2
                0x0000cedc                state
 .sbss          0x0000cee0        0x4 c:/intel/nios2eds/bin/gnu/h-i686-mingw32/bin/../lib/gcc/nios2-elf/4.1.2/../../../../nios2-elf/lib/mno-hw-mul\libsmallc.a(lib_a-int_errno.o)
                0x0000cee0                errno
 .sbss          0x0000cee4        0x4 ../fpga_bsp/\libhal_bsp.a(alt_irq_vars.o)
                0x0000cee4                alt_irq_active
 .sbss          0x0000cee8        0xc ../fpga_bsp/\libhal_bsp.a(alt_main.o)
                0x0000cee8                alt_argc
                0x0000ceec                alt_argv
                0x0000cef0                alt_envp
 *(.sbss2 .sbss2.* .gnu.linkonce.sb2.*)
 *(.scommon)
                0x0000cef4                PROVIDE (__sbss_end, ABSOLUTE (.))
                0x0000cef4                PROVIDE (___sbss_end, ABSOLUTE (.))
 *(.dynbss)
 *(.bss .bss.* .gnu.linkonce.b.*)
 .bss           0x0000cef4        0x0 ../fpga_bsp//obj/HAL/src/crt0.o
 .bss           0x0000cef4        0x0 obj/default/include/datetime.o
 .bss           0x0000cef4       0x18 obj/default/include/lcd.o
 .bss           0x0000cf0c        0x0 obj/default/include/timer_ctrl.o
 .bss           0x0000cf0c        0x0 obj/default/include/uart.o
 .bss           0x0000cf0c       0x64 obj/default/source.o
 .bss           0x0000cf70        0x0 c:/intel/nios2eds/bin/gnu/h-i686-mingw32/bin/../lib/gcc/nios2-elf/4.1.2/mno-hw-mul\libgcc.a(lib2-divmod.o)
 .bss           0x0000cf70        0x0 c:/intel/nios2eds/bin/gnu/h-i686-mingw32/bin/../lib/gcc/nios2-elf/4.1.2/mno-hw-mul\libgcc.a(lib2-mul.o)
 .bss           0x0000cf70        0x0 c:/intel/nios2eds/bin/gnu/h-i686-mingw32/bin/../lib/gcc/nios2-elf/4.1.2/../../../../nios2-elf/lib/mno-hw-mul\libsmallc.a(lib_a-ctype_.o)
 .bss           0x0000cf70        0x0 c:/intel/nios2eds/bin/gnu/h-i686-mingw32/bin/../lib/gcc/nios2-elf/4.1.2/../../../../nios2-elf/lib/mno-hw-mul\libsmallc.a(lib_a-printf.o)
 .bss           0x0000cf70        0x0 c:/intel/nios2eds/bin/gnu/h-i686-mingw32/bin/../lib/gcc/nios2-elf/4.1.2/../../../../nios2-elf/lib/mno-hw-mul\libsmallc.a(lib_a-puts.o)
 .bss           0x0000cf70        0x0 c:/intel/nios2eds/bin/gnu/h-i686-mingw32/bin/../lib/gcc/nios2-elf/4.1.2/../../../../nios2-elf/lib/mno-hw-mul\libsmallc.a(lib_a-strlen.o)
 .bss           0x0000cf70        0x0 c:/intel/nios2eds/bin/gnu/h-i686-mingw32/bin/../lib/gcc/nios2-elf/4.1.2/../../../../nios2-elf/lib/mno-hw-mul\libsmallc.a(lib_a-vfprintf.o)
 .bss           0x0000cf70        0x0 c:/intel/nios2eds/bin/gnu/h-i686-mingw32/bin/../lib/gcc/nios2-elf/4.1.2/../../../../nios2-elf/lib/mno-hw-mul\libsmallc.a(lib_a-fvwrite_small_dev.o)
 .bss           0x0000cf70        0x0 c:/intel/nios2eds/bin/gnu/h-i686-mingw32/bin/../lib/gcc/nios2-elf/4.1.2/../../../../nios2-elf/lib/mno-hw-mul\libsmallc.a(lib_a-impure.o)
 .bss           0x0000cf70        0x0 c:/intel/nios2eds/bin/gnu/h-i686-mingw32/bin/../lib/gcc/nios2-elf/4.1.2/../../../../nios2-elf/lib/mno-hw-mul\libsmallc.a(lib_a-writer.o)
 .bss           0x0000cf70        0x0 c:/intel/nios2eds/bin/gnu/h-i686-mingw32/bin/../lib/gcc/nios2-elf/4.1.2/../../../../nios2-elf/lib/mno-hw-mul\libsmallc.a(lib_a-int_errno.o)
 .bss           0x0000cf70        0x0 ../fpga_bsp/\libhal_bsp.a(alt_iic.o)
 .bss           0x0000cf70        0x0 ../fpga_bsp/\libhal_bsp.a(alt_iic_isr_register.o)
 .bss           0x0000cf70        0x0 ../fpga_bsp/\libhal_bsp.a(alt_irq_entry.o)
 .bss           0x0000cf70        0x0 ../fpga_bsp/\libhal_bsp.a(alt_irq_handler.o)
 .bss           0x0000cf70        0x0 ../fpga_bsp/\libhal_bsp.a(alt_irq_vars.o)
 .bss           0x0000cf70        0x0 ../fpga_bsp/\libhal_bsp.a(alt_load.o)
 .bss           0x0000cf70        0x0 ../fpga_bsp/\libhal_bsp.a(alt_main.o)
 .bss           0x0000cf70        0x0 ../fpga_bsp/\libhal_bsp.a(alt_write.o)
 .bss           0x0000cf70        0x0 ../fpga_bsp/\libhal_bsp.a(alt_sys_init.o)
 .bss           0x0000cf70        0x0 ../fpga_bsp/\libhal_bsp.a(altera_avalon_jtag_uart_fd.o)
 .bss           0x0000cf70        0x0 ../fpga_bsp/\libhal_bsp.a(altera_avalon_jtag_uart_read.o)
 .bss           0x0000cf70        0x0 ../fpga_bsp/\libhal_bsp.a(altera_avalon_jtag_uart_write.o)
 .bss           0x0000cf70        0x0 ../fpga_bsp/\libhal_bsp.a(altera_avalon_uart_fd.o)
 .bss           0x0000cf70        0x0 ../fpga_bsp/\libhal_bsp.a(altera_avalon_uart_read.o)
 .bss           0x0000cf70        0x0 ../fpga_bsp/\libhal_bsp.a(altera_avalon_uart_write.o)
 .bss           0x0000cf70        0x0 ../fpga_bsp/\libhal_bsp.a(alt_close.o)
 .bss           0x0000cf70        0x0 ../fpga_bsp/\libhal_bsp.a(alt_dcache_flush_all.o)
 .bss           0x0000cf70        0x0 ../fpga_bsp/\libhal_bsp.a(alt_dev.o)
 .bss           0x0000cf70        0x0 ../fpga_bsp/\libhal_bsp.a(alt_dev_llist_insert.o)
 .bss           0x0000cf70        0x0 ../fpga_bsp/\libhal_bsp.a(alt_do_ctors.o)
 .bss           0x0000cf70        0x0 ../fpga_bsp/\libhal_bsp.a(alt_do_dtors.o)
 .bss           0x0000cf70        0x0 ../fpga_bsp/\libhal_bsp.a(alt_errno.o)
 .bss           0x0000cf70        0x0 ../fpga_bsp/\libhal_bsp.a(alt_exception_entry.o)
 .bss           0x0000cf70        0x0 ../fpga_bsp/\libhal_bsp.a(alt_icache_flush_all.o)
 .bss           0x0000cf70        0x0 ../fpga_bsp/\libhal_bsp.a(alt_io_redirect.o)
 .bss           0x0000cf70        0x0 ../fpga_bsp/\libhal_bsp.a(alt_open.o)
 .bss           0x0000cf70        0x0 ../fpga_bsp/\libhal_bsp.a(alt_release_fd.o)
 .bss           0x0000cf70        0x0 ../fpga_bsp/\libhal_bsp.a(altera_nios2_qsys_irq.o)
 .bss           0x0000cf70        0x0 ../fpga_bsp/\libhal_bsp.a(alt_find_dev.o)
 .bss           0x0000cf70        0x0 ../fpga_bsp/\libhal_bsp.a(alt_find_file.o)
 .bss           0x0000cf70        0x0 ../fpga_bsp/\libhal_bsp.a(alt_get_fd.o)
 .bss           0x0000cf70        0x0 c:/intel/nios2eds/bin/gnu/h-i686-mingw32/bin/../lib/gcc/nios2-elf/4.1.2/../../../../nios2-elf/lib/mno-hw-mul\libsmallc.a(lib_a-atexit.o)
 .bss           0x0000cf70        0x0 c:/intel/nios2eds/bin/gnu/h-i686-mingw32/bin/../lib/gcc/nios2-elf/4.1.2/../../../../nios2-elf/lib/mno-hw-mul\libsmallc.a(lib_a-exit.o)
 .bss           0x0000cf70        0x0 c:/intel/nios2eds/bin/gnu/h-i686-mingw32/bin/../lib/gcc/nios2-elf/4.1.2/../../../../nios2-elf/lib/mno-hw-mul\libsmallc.a(lib_a-memcmp.o)
 .bss           0x0000cf70        0x0 c:/intel/nios2eds/bin/gnu/h-i686-mingw32/bin/../lib/gcc/nios2-elf/4.1.2/../../../../nios2-elf/lib/mno-hw-mul\libsmallc.a(lib_a-__atexit.o)
 .bss           0x0000cf70        0x0 c:/intel/nios2eds/bin/gnu/h-i686-mingw32/bin/../lib/gcc/nios2-elf/4.1.2/../../../../nios2-elf/lib/mno-hw-mul\libsmallc.a(lib_a-__call_atexit.o)
 .bss           0x0000cf70        0x0 ../fpga_bsp/\libhal_bsp.a(alt_exit.o)
 *(COMMON)
 COMMON         0x0000cf70      0x100 ../fpga_bsp/\libhal_bsp.a(alt_irq_handler.o)
                0x0000cf70                alt_irq
 COMMON         0x0000d070       0x8c c:/intel/nios2eds/bin/gnu/h-i686-mingw32/bin/../lib/gcc/nios2-elf/4.1.2/../../../../nios2-elf/lib/mno-hw-mul\libsmallc.a(lib_a-atexit.o)
                0x0000d070                _atexit0
                0x0000d0fc                . = ALIGN (0x4)
                0x0000d0fc                __bss_end = ABSOLUTE (.)

.onchip_memory2_0
                0x0000d0fc        0x0
                0x0000d0fc                PROVIDE (_alt_partition_onchip_memory2_0_start, ABSOLUTE (.))
 *(.onchip_memory2_0. onchip_memory2_0.*)
                0x0000d0fc                . = ALIGN (0x4)
                0x0000d0fc                PROVIDE (_alt_partition_onchip_memory2_0_end, ABSOLUTE (.))
                0x0000d0fc                _end = ABSOLUTE (.)
                0x0000d0fc                end = ABSOLUTE (.)
                0x0000d0fc                __alt_stack_base = ABSOLUTE (.)
                0x0000d0fc                PROVIDE (_alt_partition_onchip_memory2_0_load_addr, LOADADDR (.onchip_memory2_0))

.stab
 *(.stab)

.stabstr
 *(.stabstr)

.stab.excl
 *(.stab.excl)

.stab.exclstr
 *(.stab.exclstr)

.stab.index
 *(.stab.index)

.stab.indexstr
 *(.stab.indexstr)

.comment        0x00000000       0x26
 *(.comment)
 .comment       0x00000000       0x26 obj/default/include/datetime.o
                                 0x27 (size before relaxing)
 .comment       0x00000000       0x27 obj/default/include/lcd.o
 .comment       0x00000000       0x27 obj/default/include/timer_ctrl.o
 .comment       0x00000000       0x27 obj/default/include/uart.o
 .comment       0x00000000       0x27 obj/default/source.o
 .comment       0x00000000       0x27 c:/intel/nios2eds/bin/gnu/h-i686-mingw32/bin/../lib/gcc/nios2-elf/4.1.2/mno-hw-mul\libgcc.a(lib2-divmod.o)
 .comment       0x00000000       0x27 c:/intel/nios2eds/bin/gnu/h-i686-mingw32/bin/../lib/gcc/nios2-elf/4.1.2/mno-hw-mul\libgcc.a(lib2-mul.o)
 .comment       0x00000000       0x27 c:/intel/nios2eds/bin/gnu/h-i686-mingw32/bin/../lib/gcc/nios2-elf/4.1.2/../../../../nios2-elf/lib/mno-hw-mul\libsmallc.a(lib_a-ctype_.o)
 .comment       0x00000000       0x27 c:/intel/nios2eds/bin/gnu/h-i686-mingw32/bin/../lib/gcc/nios2-elf/4.1.2/../../../../nios2-elf/lib/mno-hw-mul\libsmallc.a(lib_a-printf.o)
 .comment       0x00000000       0x27 c:/intel/nios2eds/bin/gnu/h-i686-mingw32/bin/../lib/gcc/nios2-elf/4.1.2/../../../../nios2-elf/lib/mno-hw-mul\libsmallc.a(lib_a-puts.o)
 .comment       0x00000000       0x27 c:/intel/nios2eds/bin/gnu/h-i686-mingw32/bin/../lib/gcc/nios2-elf/4.1.2/../../../../nios2-elf/lib/mno-hw-mul\libsmallc.a(lib_a-strlen.o)
 .comment       0x00000000       0x27 c:/intel/nios2eds/bin/gnu/h-i686-mingw32/bin/../lib/gcc/nios2-elf/4.1.2/../../../../nios2-elf/lib/mno-hw-mul\libsmallc.a(lib_a-vfprintf.o)
 .comment       0x00000000       0x27 c:/intel/nios2eds/bin/gnu/h-i686-mingw32/bin/../lib/gcc/nios2-elf/4.1.2/../../../../nios2-elf/lib/mno-hw-mul\libsmallc.a(lib_a-fvwrite_small_dev.o)
 .comment       0x00000000       0x27 c:/intel/nios2eds/bin/gnu/h-i686-mingw32/bin/../lib/gcc/nios2-elf/4.1.2/../../../../nios2-elf/lib/mno-hw-mul\libsmallc.a(lib_a-impure.o)
 .comment       0x00000000       0x27 c:/intel/nios2eds/bin/gnu/h-i686-mingw32/bin/../lib/gcc/nios2-elf/4.1.2/../../../../nios2-elf/lib/mno-hw-mul\libsmallc.a(lib_a-writer.o)
 .comment       0x00000000       0x27 c:/intel/nios2eds/bin/gnu/h-i686-mingw32/bin/../lib/gcc/nios2-elf/4.1.2/../../../../nios2-elf/lib/mno-hw-mul\libsmallc.a(lib_a-int_errno.o)
 .comment       0x00000000       0x27 ../fpga_bsp/\libhal_bsp.a(alt_iic.o)
 .comment       0x00000000       0x27 ../fpga_bsp/\libhal_bsp.a(alt_iic_isr_register.o)
 .comment       0x00000000       0x27 ../fpga_bsp/\libhal_bsp.a(alt_irq_handler.o)
 .comment       0x00000000       0x27 ../fpga_bsp/\libhal_bsp.a(alt_irq_vars.o)
 .comment       0x00000000       0x27 ../fpga_bsp/\libhal_bsp.a(alt_load.o)
 .comment       0x00000000       0x27 ../fpga_bsp/\libhal_bsp.a(alt_main.o)
 .comment       0x00000000       0x27 ../fpga_bsp/\libhal_bsp.a(alt_write.o)
 .comment       0x00000000       0x27 ../fpga_bsp/\libhal_bsp.a(alt_sys_init.o)
 .comment       0x00000000       0x27 ../fpga_bsp/\libhal_bsp.a(altera_avalon_jtag_uart_fd.o)
 .comment       0x00000000       0x27 ../fpga_bsp/\libhal_bsp.a(altera_avalon_jtag_uart_read.o)
 .comment       0x00000000       0x27 ../fpga_bsp/\libhal_bsp.a(altera_avalon_jtag_uart_write.o)
 .comment       0x00000000       0x27 ../fpga_bsp/\libhal_bsp.a(altera_avalon_uart_fd.o)
 .comment       0x00000000       0x27 ../fpga_bsp/\libhal_bsp.a(altera_avalon_uart_read.o)
 .comment       0x00000000       0x27 ../fpga_bsp/\libhal_bsp.a(altera_avalon_uart_write.o)
 .comment       0x00000000       0x27 ../fpga_bsp/\libhal_bsp.a(alt_close.o)
 .comment       0x00000000       0x27 ../fpga_bsp/\libhal_bsp.a(alt_dcache_flush_all.o)
 .comment       0x00000000       0x27 ../fpga_bsp/\libhal_bsp.a(alt_dev.o)
 .comment       0x00000000       0x27 ../fpga_bsp/\libhal_bsp.a(alt_dev_llist_insert.o)
 .comment       0x00000000       0x27 ../fpga_bsp/\libhal_bsp.a(alt_do_ctors.o)
 .comment       0x00000000       0x27 ../fpga_bsp/\libhal_bsp.a(alt_do_dtors.o)
 .comment       0x00000000       0x27 ../fpga_bsp/\libhal_bsp.a(alt_errno.o)
 .comment       0x00000000       0x27 ../fpga_bsp/\libhal_bsp.a(alt_icache_flush_all.o)
 .comment       0x00000000       0x27 ../fpga_bsp/\libhal_bsp.a(alt_io_redirect.o)
 .comment       0x00000000       0x27 ../fpga_bsp/\libhal_bsp.a(alt_open.o)
 .comment       0x00000000       0x27 ../fpga_bsp/\libhal_bsp.a(alt_release_fd.o)
 .comment       0x00000000       0x27 ../fpga_bsp/\libhal_bsp.a(altera_nios2_qsys_irq.o)
 .comment       0x00000000       0x27 ../fpga_bsp/\libhal_bsp.a(alt_find_dev.o)
 .comment       0x00000000       0x27 ../fpga_bsp/\libhal_bsp.a(alt_find_file.o)
 .comment       0x00000000       0x27 ../fpga_bsp/\libhal_bsp.a(alt_get_fd.o)
 .comment       0x00000000       0x27 c:/intel/nios2eds/bin/gnu/h-i686-mingw32/bin/../lib/gcc/nios2-elf/4.1.2/../../../../nios2-elf/lib/mno-hw-mul\libsmallc.a(lib_a-atexit.o)
 .comment       0x00000000       0x27 c:/intel/nios2eds/bin/gnu/h-i686-mingw32/bin/../lib/gcc/nios2-elf/4.1.2/../../../../nios2-elf/lib/mno-hw-mul\libsmallc.a(lib_a-exit.o)
 .comment       0x00000000       0x27 c:/intel/nios2eds/bin/gnu/h-i686-mingw32/bin/../lib/gcc/nios2-elf/4.1.2/../../../../nios2-elf/lib/mno-hw-mul\libsmallc.a(lib_a-memcmp.o)
 .comment       0x00000000       0x27 c:/intel/nios2eds/bin/gnu/h-i686-mingw32/bin/../lib/gcc/nios2-elf/4.1.2/../../../../nios2-elf/lib/mno-hw-mul\libsmallc.a(lib_a-__atexit.o)
 .comment       0x00000000       0x27 c:/intel/nios2eds/bin/gnu/h-i686-mingw32/bin/../lib/gcc/nios2-elf/4.1.2/../../../../nios2-elf/lib/mno-hw-mul\libsmallc.a(lib_a-__call_atexit.o)
 .comment       0x00000000       0x27 ../fpga_bsp/\libhal_bsp.a(alt_exit.o)

.debug
 *(.debug)

.line
 *(.line)

.debug_srcinfo
 *(.debug_srcinfo)

.debug_sfnames
 *(.debug_sfnames)

.debug_aranges  0x00000000      0x658
 *(.debug_aranges)
 .debug_aranges
                0x00000000       0x28 ../fpga_bsp//obj/HAL/src/crt0.o
 .debug_aranges
                0x00000028       0x20 obj/default/include/datetime.o
 .debug_aranges
                0x00000048       0x20 obj/default/include/lcd.o
 .debug_aranges
                0x00000068       0x20 obj/default/include/timer_ctrl.o
 .debug_aranges
                0x00000088       0x20 obj/default/include/uart.o
 .debug_aranges
                0x000000a8       0x20 obj/default/source.o
 .debug_aranges
                0x000000c8       0x20 c:/intel/nios2eds/bin/gnu/h-i686-mingw32/bin/../lib/gcc/nios2-elf/4.1.2/mno-hw-mul\libgcc.a(lib2-divmod.o)
 .debug_aranges
                0x000000e8       0x20 c:/intel/nios2eds/bin/gnu/h-i686-mingw32/bin/../lib/gcc/nios2-elf/4.1.2/mno-hw-mul\libgcc.a(lib2-mul.o)
 .debug_aranges
                0x00000108       0x20 c:/intel/nios2eds/bin/gnu/h-i686-mingw32/bin/../lib/gcc/nios2-elf/4.1.2/../../../../nios2-elf/lib/mno-hw-mul\libsmallc.a(lib_a-printf.o)
 .debug_aranges
                0x00000128       0x20 c:/intel/nios2eds/bin/gnu/h-i686-mingw32/bin/../lib/gcc/nios2-elf/4.1.2/../../../../nios2-elf/lib/mno-hw-mul\libsmallc.a(lib_a-puts.o)
 .debug_aranges
                0x00000148       0x20 c:/intel/nios2eds/bin/gnu/h-i686-mingw32/bin/../lib/gcc/nios2-elf/4.1.2/../../../../nios2-elf/lib/mno-hw-mul\libsmallc.a(lib_a-strlen.o)
 .debug_aranges
                0x00000168       0x20 c:/intel/nios2eds/bin/gnu/h-i686-mingw32/bin/../lib/gcc/nios2-elf/4.1.2/../../../../nios2-elf/lib/mno-hw-mul\libsmallc.a(lib_a-vfprintf.o)
 .debug_aranges
                0x00000188       0x20 c:/intel/nios2eds/bin/gnu/h-i686-mingw32/bin/../lib/gcc/nios2-elf/4.1.2/../../../../nios2-elf/lib/mno-hw-mul\libsmallc.a(lib_a-fvwrite_small_dev.o)
 .debug_aranges
                0x000001a8       0x20 c:/intel/nios2eds/bin/gnu/h-i686-mingw32/bin/../lib/gcc/nios2-elf/4.1.2/../../../../nios2-elf/lib/mno-hw-mul\libsmallc.a(lib_a-writer.o)
 .debug_aranges
                0x000001c8       0x20 ../fpga_bsp/\libhal_bsp.a(alt_iic.o)
 .debug_aranges
                0x000001e8       0x20 ../fpga_bsp/\libhal_bsp.a(alt_iic_isr_register.o)
 .debug_aranges
                0x00000208       0x30 ../fpga_bsp/\libhal_bsp.a(alt_irq_entry.o)
 .debug_aranges
                0x00000238       0x28 ../fpga_bsp/\libhal_bsp.a(alt_irq_handler.o)
 .debug_aranges
                0x00000260       0x20 ../fpga_bsp/\libhal_bsp.a(alt_load.o)
 .debug_aranges
                0x00000280       0x20 ../fpga_bsp/\libhal_bsp.a(alt_main.o)
 .debug_aranges
                0x000002a0       0x20 ../fpga_bsp/\libhal_bsp.a(alt_write.o)
 .debug_aranges
                0x000002c0       0x20 ../fpga_bsp/\libhal_bsp.a(alt_sys_init.o)
 .debug_aranges
                0x000002e0       0x20 ../fpga_bsp/\libhal_bsp.a(altera_avalon_jtag_uart_fd.o)
 .debug_aranges
                0x00000300       0x20 ../fpga_bsp/\libhal_bsp.a(altera_avalon_jtag_uart_read.o)
 .debug_aranges
                0x00000320       0x20 ../fpga_bsp/\libhal_bsp.a(altera_avalon_jtag_uart_write.o)
 .debug_aranges
                0x00000340       0x20 ../fpga_bsp/\libhal_bsp.a(altera_avalon_uart_fd.o)
 .debug_aranges
                0x00000360       0x20 ../fpga_bsp/\libhal_bsp.a(altera_avalon_uart_read.o)
 .debug_aranges
                0x00000380       0x20 ../fpga_bsp/\libhal_bsp.a(altera_avalon_uart_write.o)
 .debug_aranges
                0x000003a0       0x20 ../fpga_bsp/\libhal_bsp.a(alt_close.o)
 .debug_aranges
                0x000003c0       0x20 ../fpga_bsp/\libhal_bsp.a(alt_dcache_flush_all.o)
 .debug_aranges
                0x000003e0       0x20 ../fpga_bsp/\libhal_bsp.a(alt_dev.o)
 .debug_aranges
                0x00000400       0x20 ../fpga_bsp/\libhal_bsp.a(alt_dev_llist_insert.o)
 .debug_aranges
                0x00000420       0x20 ../fpga_bsp/\libhal_bsp.a(alt_do_ctors.o)
 .debug_aranges
                0x00000440       0x20 ../fpga_bsp/\libhal_bsp.a(alt_do_dtors.o)
 .debug_aranges
                0x00000460       0x38 ../fpga_bsp/\libhal_bsp.a(alt_exception_entry.o)
 .debug_aranges
                0x00000498       0x20 ../fpga_bsp/\libhal_bsp.a(alt_icache_flush_all.o)
 .debug_aranges
                0x000004b8       0x20 ../fpga_bsp/\libhal_bsp.a(alt_io_redirect.o)
 .debug_aranges
                0x000004d8       0x20 ../fpga_bsp/\libhal_bsp.a(alt_open.o)
 .debug_aranges
                0x000004f8       0x20 ../fpga_bsp/\libhal_bsp.a(alt_release_fd.o)
 .debug_aranges
                0x00000518       0x20 ../fpga_bsp/\libhal_bsp.a(altera_nios2_qsys_irq.o)
 .debug_aranges
                0x00000538       0x20 ../fpga_bsp/\libhal_bsp.a(alt_find_dev.o)
 .debug_aranges
                0x00000558       0x20 ../fpga_bsp/\libhal_bsp.a(alt_find_file.o)
 .debug_aranges
                0x00000578       0x20 ../fpga_bsp/\libhal_bsp.a(alt_get_fd.o)
 .debug_aranges
                0x00000598       0x20 c:/intel/nios2eds/bin/gnu/h-i686-mingw32/bin/../lib/gcc/nios2-elf/4.1.2/../../../../nios2-elf/lib/mno-hw-mul\libsmallc.a(lib_a-atexit.o)
 .debug_aranges
                0x000005b8       0x20 c:/intel/nios2eds/bin/gnu/h-i686-mingw32/bin/../lib/gcc/nios2-elf/4.1.2/../../../../nios2-elf/lib/mno-hw-mul\libsmallc.a(lib_a-exit.o)
 .debug_aranges
                0x000005d8       0x20 c:/intel/nios2eds/bin/gnu/h-i686-mingw32/bin/../lib/gcc/nios2-elf/4.1.2/../../../../nios2-elf/lib/mno-hw-mul\libsmallc.a(lib_a-memcmp.o)
 .debug_aranges
                0x000005f8       0x20 c:/intel/nios2eds/bin/gnu/h-i686-mingw32/bin/../lib/gcc/nios2-elf/4.1.2/../../../../nios2-elf/lib/mno-hw-mul\libsmallc.a(lib_a-__atexit.o)
 .debug_aranges
                0x00000618       0x20 c:/intel/nios2eds/bin/gnu/h-i686-mingw32/bin/../lib/gcc/nios2-elf/4.1.2/../../../../nios2-elf/lib/mno-hw-mul\libsmallc.a(lib_a-__call_atexit.o)
 .debug_aranges
                0x00000638       0x20 ../fpga_bsp/\libhal_bsp.a(alt_exit.o)

.debug_pubnames
                0x00000000      0x9e8
 *(.debug_pubnames)
 .debug_pubnames
                0x00000000       0x31 obj/default/include/datetime.o
 .debug_pubnames
                0x00000031       0x46 obj/default/include/lcd.o
 .debug_pubnames
                0x00000077       0x39 obj/default/include/timer_ctrl.o
 .debug_pubnames
                0x000000b0       0x7e obj/default/include/uart.o
 .debug_pubnames
                0x0000012e       0x79 obj/default/source.o
 .debug_pubnames
                0x000001a7       0x48 c:/intel/nios2eds/bin/gnu/h-i686-mingw32/bin/../lib/gcc/nios2-elf/4.1.2/mno-hw-mul\libgcc.a(lib2-divmod.o)
 .debug_pubnames
                0x000001ef       0x1f c:/intel/nios2eds/bin/gnu/h-i686-mingw32/bin/../lib/gcc/nios2-elf/4.1.2/mno-hw-mul\libgcc.a(lib2-mul.o)
 .debug_pubnames
                0x0000020e       0x2e c:/intel/nios2eds/bin/gnu/h-i686-mingw32/bin/../lib/gcc/nios2-elf/4.1.2/../../../../nios2-elf/lib/mno-hw-mul\libsmallc.a(lib_a-ctype_.o)
 .debug_pubnames
                0x0000023c       0x2b c:/intel/nios2eds/bin/gnu/h-i686-mingw32/bin/../lib/gcc/nios2-elf/4.1.2/../../../../nios2-elf/lib/mno-hw-mul\libsmallc.a(lib_a-printf.o)
 .debug_pubnames
                0x00000267       0x27 c:/intel/nios2eds/bin/gnu/h-i686-mingw32/bin/../lib/gcc/nios2-elf/4.1.2/../../../../nios2-elf/lib/mno-hw-mul\libsmallc.a(lib_a-puts.o)
 .debug_pubnames
                0x0000028e       0x1d c:/intel/nios2eds/bin/gnu/h-i686-mingw32/bin/../lib/gcc/nios2-elf/4.1.2/../../../../nios2-elf/lib/mno-hw-mul\libsmallc.a(lib_a-strlen.o)
 .debug_pubnames
                0x000002ab       0x45 c:/intel/nios2eds/bin/gnu/h-i686-mingw32/bin/../lib/gcc/nios2-elf/4.1.2/../../../../nios2-elf/lib/mno-hw-mul\libsmallc.a(lib_a-vfprintf.o)
 .debug_pubnames
                0x000002f0       0x2b c:/intel/nios2eds/bin/gnu/h-i686-mingw32/bin/../lib/gcc/nios2-elf/4.1.2/../../../../nios2-elf/lib/mno-hw-mul\libsmallc.a(lib_a-fvwrite_small_dev.o)
 .debug_pubnames
                0x0000031b       0x39 c:/intel/nios2eds/bin/gnu/h-i686-mingw32/bin/../lib/gcc/nios2-elf/4.1.2/../../../../nios2-elf/lib/mno-hw-mul\libsmallc.a(lib_a-impure.o)
 .debug_pubnames
                0x00000354       0x1f c:/intel/nios2eds/bin/gnu/h-i686-mingw32/bin/../lib/gcc/nios2-elf/4.1.2/../../../../nios2-elf/lib/mno-hw-mul\libsmallc.a(lib_a-writer.o)
 .debug_pubnames
                0x00000373       0x1c c:/intel/nios2eds/bin/gnu/h-i686-mingw32/bin/../lib/gcc/nios2-elf/4.1.2/../../../../nios2-elf/lib/mno-hw-mul\libsmallc.a(lib_a-int_errno.o)
 .debug_pubnames
                0x0000038f       0x6e ../fpga_bsp/\libhal_bsp.a(alt_iic.o)
 .debug_pubnames
                0x000003fd       0x2b ../fpga_bsp/\libhal_bsp.a(alt_iic_isr_register.o)
 .debug_pubnames
                0x00000428       0x32 ../fpga_bsp/\libhal_bsp.a(alt_irq_handler.o)
 .debug_pubnames
                0x0000045a       0x3b ../fpga_bsp/\libhal_bsp.a(alt_irq_vars.o)
 .debug_pubnames
                0x00000495       0x1f ../fpga_bsp/\libhal_bsp.a(alt_load.o)
 .debug_pubnames
                0x000004b4       0x46 ../fpga_bsp/\libhal_bsp.a(alt_main.o)
 .debug_pubnames
                0x000004fa       0x1c ../fpga_bsp/\libhal_bsp.a(alt_write.o)
 .debug_pubnames
                0x00000516       0x34 ../fpga_bsp/\libhal_bsp.a(alt_sys_init.o)
 .debug_pubnames
                0x0000054a       0x5b ../fpga_bsp/\libhal_bsp.a(altera_avalon_jtag_uart_fd.o)
 .debug_pubnames
                0x000005a5       0x33 ../fpga_bsp/\libhal_bsp.a(altera_avalon_jtag_uart_read.o)
 .debug_pubnames
                0x000005d8       0x34 ../fpga_bsp/\libhal_bsp.a(altera_avalon_jtag_uart_write.o)
 .debug_pubnames
                0x0000060c       0x51 ../fpga_bsp/\libhal_bsp.a(altera_avalon_uart_fd.o)
 .debug_pubnames
                0x0000065d       0x2e ../fpga_bsp/\libhal_bsp.a(altera_avalon_uart_read.o)
 .debug_pubnames
                0x0000068b       0x2f ../fpga_bsp/\libhal_bsp.a(altera_avalon_uart_write.o)
 .debug_pubnames
                0x000006ba       0x1c ../fpga_bsp/\libhal_bsp.a(alt_close.o)
 .debug_pubnames
                0x000006d6       0x2b ../fpga_bsp/\libhal_bsp.a(alt_dcache_flush_all.o)
 .debug_pubnames
                0x00000701       0x63 ../fpga_bsp/\libhal_bsp.a(alt_dev.o)
 .debug_pubnames
                0x00000764       0x2b ../fpga_bsp/\libhal_bsp.a(alt_dev_llist_insert.o)
 .debug_pubnames
                0x0000078f       0x20 ../fpga_bsp/\libhal_bsp.a(alt_do_ctors.o)
 .debug_pubnames
                0x000007af       0x20 ../fpga_bsp/\libhal_bsp.a(alt_do_dtors.o)
 .debug_pubnames
                0x000007cf       0x20 ../fpga_bsp/\libhal_bsp.a(alt_errno.o)
 .debug_pubnames
                0x000007ef       0x2b ../fpga_bsp/\libhal_bsp.a(alt_icache_flush_all.o)
 .debug_pubnames
                0x0000081a       0x26 ../fpga_bsp/\libhal_bsp.a(alt_io_redirect.o)
 .debug_pubnames
                0x00000840       0x1b ../fpga_bsp/\libhal_bsp.a(alt_open.o)
 .debug_pubnames
                0x0000085b       0x25 ../fpga_bsp/\libhal_bsp.a(alt_release_fd.o)
 .debug_pubnames
                0x00000880       0x31 ../fpga_bsp/\libhal_bsp.a(altera_nios2_qsys_irq.o)
 .debug_pubnames
                0x000008b1       0x23 ../fpga_bsp/\libhal_bsp.a(alt_find_dev.o)
 .debug_pubnames
                0x000008d4       0x24 ../fpga_bsp/\libhal_bsp.a(alt_find_file.o)
 .debug_pubnames
                0x000008f8       0x21 ../fpga_bsp/\libhal_bsp.a(alt_get_fd.o)
 .debug_pubnames
                0x00000919       0x2a c:/intel/nios2eds/bin/gnu/h-i686-mingw32/bin/../lib/gcc/nios2-elf/4.1.2/../../../../nios2-elf/lib/mno-hw-mul\libsmallc.a(lib_a-atexit.o)
 .debug_pubnames
                0x00000943       0x1b c:/intel/nios2eds/bin/gnu/h-i686-mingw32/bin/../lib/gcc/nios2-elf/4.1.2/../../../../nios2-elf/lib/mno-hw-mul\libsmallc.a(lib_a-exit.o)
 .debug_pubnames
                0x0000095e       0x1d c:/intel/nios2eds/bin/gnu/h-i686-mingw32/bin/../lib/gcc/nios2-elf/4.1.2/../../../../nios2-elf/lib/mno-hw-mul\libsmallc.a(lib_a-memcmp.o)
 .debug_pubnames
                0x0000097b       0x2a c:/intel/nios2eds/bin/gnu/h-i686-mingw32/bin/../lib/gcc/nios2-elf/4.1.2/../../../../nios2-elf/lib/mno-hw-mul\libsmallc.a(lib_a-__atexit.o)
 .debug_pubnames
                0x000009a5       0x27 c:/intel/nios2eds/bin/gnu/h-i686-mingw32/bin/../lib/gcc/nios2-elf/4.1.2/../../../../nios2-elf/lib/mno-hw-mul\libsmallc.a(lib_a-__call_atexit.o)
 .debug_pubnames
                0x000009cc       0x1c ../fpga_bsp/\libhal_bsp.a(alt_exit.o)

.debug_info     0x00000000     0xb1a9
 *(.debug_info .gnu.linkonce.wi.*)
 .debug_info    0x00000000       0x52 ../fpga_bsp//obj/HAL/src/crt0.o
 .debug_info    0x00000052      0x18e obj/default/include/datetime.o
 .debug_info    0x000001e0      0x360 obj/default/include/lcd.o
 .debug_info    0x00000540      0x15b obj/default/include/timer_ctrl.o
 .debug_info    0x0000069b      0x248 obj/default/include/uart.o
 .debug_info    0x000008e3      0x5e6 obj/default/source.o
 .debug_info    0x00000ec9      0x21c c:/intel/nios2eds/bin/gnu/h-i686-mingw32/bin/../lib/gcc/nios2-elf/4.1.2/mno-hw-mul\libgcc.a(lib2-divmod.o)
 .debug_info    0x000010e5       0xf3 c:/intel/nios2eds/bin/gnu/h-i686-mingw32/bin/../lib/gcc/nios2-elf/4.1.2/mno-hw-mul\libgcc.a(lib2-mul.o)
 .debug_info    0x000011d8       0xa0 c:/intel/nios2eds/bin/gnu/h-i686-mingw32/bin/../lib/gcc/nios2-elf/4.1.2/../../../../nios2-elf/lib/mno-hw-mul\libsmallc.a(lib_a-ctype_.o)
 .debug_info    0x00001278      0x6c8 c:/intel/nios2eds/bin/gnu/h-i686-mingw32/bin/../lib/gcc/nios2-elf/4.1.2/../../../../nios2-elf/lib/mno-hw-mul\libsmallc.a(lib_a-printf.o)
 .debug_info    0x00001940      0x685 c:/intel/nios2eds/bin/gnu/h-i686-mingw32/bin/../lib/gcc/nios2-elf/4.1.2/../../../../nios2-elf/lib/mno-hw-mul\libsmallc.a(lib_a-puts.o)
 .debug_info    0x00001fc5       0xc2 c:/intel/nios2eds/bin/gnu/h-i686-mingw32/bin/../lib/gcc/nios2-elf/4.1.2/../../../../nios2-elf/lib/mno-hw-mul\libsmallc.a(lib_a-strlen.o)
 .debug_info    0x00002087      0x9b6 c:/intel/nios2eds/bin/gnu/h-i686-mingw32/bin/../lib/gcc/nios2-elf/4.1.2/../../../../nios2-elf/lib/mno-hw-mul\libsmallc.a(lib_a-vfprintf.o)
 .debug_info    0x00002a3d      0x68e c:/intel/nios2eds/bin/gnu/h-i686-mingw32/bin/../lib/gcc/nios2-elf/4.1.2/../../../../nios2-elf/lib/mno-hw-mul\libsmallc.a(lib_a-fvwrite_small_dev.o)
 .debug_info    0x000030cb      0x636 c:/intel/nios2eds/bin/gnu/h-i686-mingw32/bin/../lib/gcc/nios2-elf/4.1.2/../../../../nios2-elf/lib/mno-hw-mul\libsmallc.a(lib_a-impure.o)
 .debug_info    0x00003701      0x68c c:/intel/nios2eds/bin/gnu/h-i686-mingw32/bin/../lib/gcc/nios2-elf/4.1.2/../../../../nios2-elf/lib/mno-hw-mul\libsmallc.a(lib_a-writer.o)
 .debug_info    0x00003d8d       0x8c c:/intel/nios2eds/bin/gnu/h-i686-mingw32/bin/../lib/gcc/nios2-elf/4.1.2/../../../../nios2-elf/lib/mno-hw-mul\libsmallc.a(lib_a-int_errno.o)
 .debug_info    0x00003e19      0x46a ../fpga_bsp/\libhal_bsp.a(alt_iic.o)
 .debug_info    0x00004283      0x2eb ../fpga_bsp/\libhal_bsp.a(alt_iic_isr_register.o)
 .debug_info    0x0000456e       0x5b ../fpga_bsp/\libhal_bsp.a(alt_irq_entry.o)
 .debug_info    0x000045c9      0x24c ../fpga_bsp/\libhal_bsp.a(alt_irq_handler.o)
 .debug_info    0x00004815      0x13e ../fpga_bsp/\libhal_bsp.a(alt_irq_vars.o)
 .debug_info    0x00004953      0x264 ../fpga_bsp/\libhal_bsp.a(alt_load.o)
 .debug_info    0x00004bb7      0x1fc ../fpga_bsp/\libhal_bsp.a(alt_main.o)
 .debug_info    0x00004db3      0x66a ../fpga_bsp/\libhal_bsp.a(alt_write.o)
 .debug_info    0x0000541d      0x65f ../fpga_bsp/\libhal_bsp.a(alt_sys_init.o)
 .debug_info    0x00005a7c      0x590 ../fpga_bsp/\libhal_bsp.a(altera_avalon_jtag_uart_fd.o)
 .debug_info    0x0000600c      0x2e0 ../fpga_bsp/\libhal_bsp.a(altera_avalon_jtag_uart_read.o)
 .debug_info    0x000062ec      0x2bd ../fpga_bsp/\libhal_bsp.a(altera_avalon_jtag_uart_write.o)
 .debug_info    0x000065a9      0x525 ../fpga_bsp/\libhal_bsp.a(altera_avalon_uart_fd.o)
 .debug_info    0x00006ace      0x2b9 ../fpga_bsp/\libhal_bsp.a(altera_avalon_uart_read.o)
 .debug_info    0x00006d87      0x2d0 ../fpga_bsp/\libhal_bsp.a(altera_avalon_uart_write.o)
 .debug_info    0x00007057      0x43e ../fpga_bsp/\libhal_bsp.a(alt_close.o)
 .debug_info    0x00007495      0x133 ../fpga_bsp/\libhal_bsp.a(alt_dcache_flush_all.o)
 .debug_info    0x000075c8      0x656 ../fpga_bsp/\libhal_bsp.a(alt_dev.o)
 .debug_info    0x00007c1e      0x28e ../fpga_bsp/\libhal_bsp.a(alt_dev_llist_insert.o)
 .debug_info    0x00007eac       0xe6 ../fpga_bsp/\libhal_bsp.a(alt_do_ctors.o)
 .debug_info    0x00007f92       0xe5 ../fpga_bsp/\libhal_bsp.a(alt_do_dtors.o)
 .debug_info    0x00008077      0x13b ../fpga_bsp/\libhal_bsp.a(alt_errno.o)
 .debug_info    0x000081b2       0x61 ../fpga_bsp/\libhal_bsp.a(alt_exception_entry.o)
 .debug_info    0x00008213      0x133 ../fpga_bsp/\libhal_bsp.a(alt_icache_flush_all.o)
 .debug_info    0x00008346      0x66c ../fpga_bsp/\libhal_bsp.a(alt_io_redirect.o)
 .debug_info    0x000089b2      0x4fc ../fpga_bsp/\libhal_bsp.a(alt_open.o)
 .debug_info    0x00008eae      0x3c9 ../fpga_bsp/\libhal_bsp.a(alt_release_fd.o)
 .debug_info    0x00009277      0x13a ../fpga_bsp/\libhal_bsp.a(altera_nios2_qsys_irq.o)
 .debug_info    0x000093b1      0x3ef ../fpga_bsp/\libhal_bsp.a(alt_find_dev.o)
 .debug_info    0x000097a0      0x3f6 ../fpga_bsp/\libhal_bsp.a(alt_find_file.o)
 .debug_info    0x00009b96      0x437 ../fpga_bsp/\libhal_bsp.a(alt_get_fd.o)
 .debug_info    0x00009fcd      0x186 c:/intel/nios2eds/bin/gnu/h-i686-mingw32/bin/../lib/gcc/nios2-elf/4.1.2/../../../../nios2-elf/lib/mno-hw-mul\libsmallc.a(lib_a-atexit.o)
 .debug_info    0x0000a153       0x9f c:/intel/nios2eds/bin/gnu/h-i686-mingw32/bin/../lib/gcc/nios2-elf/4.1.2/../../../../nios2-elf/lib/mno-hw-mul\libsmallc.a(lib_a-exit.o)
 .debug_info    0x0000a1f2       0xef c:/intel/nios2eds/bin/gnu/h-i686-mingw32/bin/../lib/gcc/nios2-elf/4.1.2/../../../../nios2-elf/lib/mno-hw-mul\libsmallc.a(lib_a-memcmp.o)
 .debug_info    0x0000a2e1      0x68f c:/intel/nios2eds/bin/gnu/h-i686-mingw32/bin/../lib/gcc/nios2-elf/4.1.2/../../../../nios2-elf/lib/mno-hw-mul\libsmallc.a(lib_a-__atexit.o)
 .debug_info    0x0000a970      0x6d5 c:/intel/nios2eds/bin/gnu/h-i686-mingw32/bin/../lib/gcc/nios2-elf/4.1.2/../../../../nios2-elf/lib/mno-hw-mul\libsmallc.a(lib_a-__call_atexit.o)
 .debug_info    0x0000b045      0x164 ../fpga_bsp/\libhal_bsp.a(alt_exit.o)

.debug_abbrev   0x00000000     0x2b69
 *(.debug_abbrev)
 .debug_abbrev  0x00000000       0x12 ../fpga_bsp//obj/HAL/src/crt0.o
 .debug_abbrev  0x00000012       0xaf obj/default/include/datetime.o
 .debug_abbrev  0x000000c1       0xbe obj/default/include/lcd.o
 .debug_abbrev  0x0000017f       0x69 obj/default/include/timer_ctrl.o
 .debug_abbrev  0x000001e8       0x84 obj/default/include/uart.o
 .debug_abbrev  0x0000026c      0x1aa obj/default/source.o
 .debug_abbrev  0x00000416       0xe0 c:/intel/nios2eds/bin/gnu/h-i686-mingw32/bin/../lib/gcc/nios2-elf/4.1.2/mno-hw-mul\libgcc.a(lib2-divmod.o)
 .debug_abbrev  0x000004f6       0x7b c:/intel/nios2eds/bin/gnu/h-i686-mingw32/bin/../lib/gcc/nios2-elf/4.1.2/mno-hw-mul\libgcc.a(lib2-mul.o)
 .debug_abbrev  0x00000571       0x61 c:/intel/nios2eds/bin/gnu/h-i686-mingw32/bin/../lib/gcc/nios2-elf/4.1.2/../../../../nios2-elf/lib/mno-hw-mul\libsmallc.a(lib_a-ctype_.o)
 .debug_abbrev  0x000005d2      0x179 c:/intel/nios2eds/bin/gnu/h-i686-mingw32/bin/../lib/gcc/nios2-elf/4.1.2/../../../../nios2-elf/lib/mno-hw-mul\libsmallc.a(lib_a-printf.o)
 .debug_abbrev  0x0000074b      0x180 c:/intel/nios2eds/bin/gnu/h-i686-mingw32/bin/../lib/gcc/nios2-elf/4.1.2/../../../../nios2-elf/lib/mno-hw-mul\libsmallc.a(lib_a-puts.o)
 .debug_abbrev  0x000008cb       0x7a c:/intel/nios2eds/bin/gnu/h-i686-mingw32/bin/../lib/gcc/nios2-elf/4.1.2/../../../../nios2-elf/lib/mno-hw-mul\libsmallc.a(lib_a-strlen.o)
 .debug_abbrev  0x00000945      0x263 c:/intel/nios2eds/bin/gnu/h-i686-mingw32/bin/../lib/gcc/nios2-elf/4.1.2/../../../../nios2-elf/lib/mno-hw-mul\libsmallc.a(lib_a-vfprintf.o)
 .debug_abbrev  0x00000ba8      0x179 c:/intel/nios2eds/bin/gnu/h-i686-mingw32/bin/../lib/gcc/nios2-elf/4.1.2/../../../../nios2-elf/lib/mno-hw-mul\libsmallc.a(lib_a-fvwrite_small_dev.o)
 .debug_abbrev  0x00000d21      0x13f c:/intel/nios2eds/bin/gnu/h-i686-mingw32/bin/../lib/gcc/nios2-elf/4.1.2/../../../../nios2-elf/lib/mno-hw-mul\libsmallc.a(lib_a-impure.o)
 .debug_abbrev  0x00000e60      0x16c c:/intel/nios2eds/bin/gnu/h-i686-mingw32/bin/../lib/gcc/nios2-elf/4.1.2/../../../../nios2-elf/lib/mno-hw-mul\libsmallc.a(lib_a-writer.o)
 .debug_abbrev  0x00000fcc       0x3b c:/intel/nios2eds/bin/gnu/h-i686-mingw32/bin/../lib/gcc/nios2-elf/4.1.2/../../../../nios2-elf/lib/mno-hw-mul\libsmallc.a(lib_a-int_errno.o)
 .debug_abbrev  0x00001007      0x134 ../fpga_bsp/\libhal_bsp.a(alt_iic.o)
 .debug_abbrev  0x0000113b      0x14e ../fpga_bsp/\libhal_bsp.a(alt_iic_isr_register.o)
 .debug_abbrev  0x00001289       0x12 ../fpga_bsp/\libhal_bsp.a(alt_irq_entry.o)
 .debug_abbrev  0x0000129b      0x10c ../fpga_bsp/\libhal_bsp.a(alt_irq_handler.o)
 .debug_abbrev  0x000013a7       0x44 ../fpga_bsp/\libhal_bsp.a(alt_irq_vars.o)
 .debug_abbrev  0x000013eb       0x88 ../fpga_bsp/\libhal_bsp.a(alt_load.o)
 .debug_abbrev  0x00001473       0xb7 ../fpga_bsp/\libhal_bsp.a(alt_main.o)
 .debug_abbrev  0x0000152a      0x100 ../fpga_bsp/\libhal_bsp.a(alt_write.o)
 .debug_abbrev  0x0000162a      0x121 ../fpga_bsp/\libhal_bsp.a(alt_sys_init.o)
 .debug_abbrev  0x0000174b       0xcb ../fpga_bsp/\libhal_bsp.a(altera_avalon_jtag_uart_fd.o)
 .debug_abbrev  0x00001816       0xb6 ../fpga_bsp/\libhal_bsp.a(altera_avalon_jtag_uart_read.o)
 .debug_abbrev  0x000018cc       0xb4 ../fpga_bsp/\libhal_bsp.a(altera_avalon_jtag_uart_write.o)
 .debug_abbrev  0x00001980       0xcf ../fpga_bsp/\libhal_bsp.a(altera_avalon_uart_fd.o)
 .debug_abbrev  0x00001a4f       0xc4 ../fpga_bsp/\libhal_bsp.a(altera_avalon_uart_read.o)
 .debug_abbrev  0x00001b13       0xcb ../fpga_bsp/\libhal_bsp.a(altera_avalon_uart_write.o)
 .debug_abbrev  0x00001bde       0xfb ../fpga_bsp/\libhal_bsp.a(alt_close.o)
 .debug_abbrev  0x00001cd9       0x3f ../fpga_bsp/\libhal_bsp.a(alt_dcache_flush_all.o)
 .debug_abbrev  0x00001d18       0xc7 ../fpga_bsp/\libhal_bsp.a(alt_dev.o)
 .debug_abbrev  0x00001ddf       0xf6 ../fpga_bsp/\libhal_bsp.a(alt_dev_llist_insert.o)
 .debug_abbrev  0x00001ed5       0x76 ../fpga_bsp/\libhal_bsp.a(alt_do_ctors.o)
 .debug_abbrev  0x00001f4b       0x76 ../fpga_bsp/\libhal_bsp.a(alt_do_dtors.o)
 .debug_abbrev  0x00001fc1       0x5e ../fpga_bsp/\libhal_bsp.a(alt_errno.o)
 .debug_abbrev  0x0000201f       0x12 ../fpga_bsp/\libhal_bsp.a(alt_exception_entry.o)
 .debug_abbrev  0x00002031       0x3f ../fpga_bsp/\libhal_bsp.a(alt_icache_flush_all.o)
 .debug_abbrev  0x00002070       0xf0 ../fpga_bsp/\libhal_bsp.a(alt_io_redirect.o)
 .debug_abbrev  0x00002160      0x112 ../fpga_bsp/\libhal_bsp.a(alt_open.o)
 .debug_abbrev  0x00002272       0xc1 ../fpga_bsp/\libhal_bsp.a(alt_release_fd.o)
 .debug_abbrev  0x00002333       0x3f ../fpga_bsp/\libhal_bsp.a(altera_nios2_qsys_irq.o)
 .debug_abbrev  0x00002372       0xcf ../fpga_bsp/\libhal_bsp.a(alt_find_dev.o)
 .debug_abbrev  0x00002441       0xcf ../fpga_bsp/\libhal_bsp.a(alt_find_file.o)
 .debug_abbrev  0x00002510       0xfb ../fpga_bsp/\libhal_bsp.a(alt_get_fd.o)
 .debug_abbrev  0x0000260b       0xc6 c:/intel/nios2eds/bin/gnu/h-i686-mingw32/bin/../lib/gcc/nios2-elf/4.1.2/../../../../nios2-elf/lib/mno-hw-mul\libsmallc.a(lib_a-atexit.o)
 .debug_abbrev  0x000026d1       0x4e c:/intel/nios2eds/bin/gnu/h-i686-mingw32/bin/../lib/gcc/nios2-elf/4.1.2/../../../../nios2-elf/lib/mno-hw-mul\libsmallc.a(lib_a-exit.o)
 .debug_abbrev  0x0000271f       0x7c c:/intel/nios2eds/bin/gnu/h-i686-mingw32/bin/../lib/gcc/nios2-elf/4.1.2/../../../../nios2-elf/lib/mno-hw-mul\libsmallc.a(lib_a-memcmp.o)
 .debug_abbrev  0x0000279b      0x196 c:/intel/nios2eds/bin/gnu/h-i686-mingw32/bin/../lib/gcc/nios2-elf/4.1.2/../../../../nios2-elf/lib/mno-hw-mul\libsmallc.a(lib_a-__atexit.o)
 .debug_abbrev  0x00002931      0x1c6 c:/intel/nios2eds/bin/gnu/h-i686-mingw32/bin/../lib/gcc/nios2-elf/4.1.2/../../../../nios2-elf/lib/mno-hw-mul\libsmallc.a(lib_a-__call_atexit.o)
 .debug_abbrev  0x00002af7       0x72 ../fpga_bsp/\libhal_bsp.a(alt_exit.o)

.debug_line     0x00000000     0x799f
 *(.debug_line)
 .debug_line    0x00000000       0x66 ../fpga_bsp//obj/HAL/src/crt0.o
 .debug_line    0x00000066      0x167 obj/default/include/datetime.o
 .debug_line    0x000001cd      0x34e obj/default/include/lcd.o
 .debug_line    0x0000051b       0xcf obj/default/include/timer_ctrl.o
 .debug_line    0x000005ea      0x1ad obj/default/include/uart.o
 .debug_line    0x00000797      0x824 obj/default/source.o
 .debug_line    0x00000fbb      0x24f c:/intel/nios2eds/bin/gnu/h-i686-mingw32/bin/../lib/gcc/nios2-elf/4.1.2/mno-hw-mul\libgcc.a(lib2-divmod.o)
 .debug_line    0x0000120a      0x11a c:/intel/nios2eds/bin/gnu/h-i686-mingw32/bin/../lib/gcc/nios2-elf/4.1.2/mno-hw-mul\libgcc.a(lib2-mul.o)
 .debug_line    0x00001324       0x81 c:/intel/nios2eds/bin/gnu/h-i686-mingw32/bin/../lib/gcc/nios2-elf/4.1.2/../../../../nios2-elf/lib/mno-hw-mul\libsmallc.a(lib_a-ctype_.o)
 .debug_line    0x000013a5      0x2be c:/intel/nios2eds/bin/gnu/h-i686-mingw32/bin/../lib/gcc/nios2-elf/4.1.2/../../../../nios2-elf/lib/mno-hw-mul\libsmallc.a(lib_a-printf.o)
 .debug_line    0x00001663      0x2b2 c:/intel/nios2eds/bin/gnu/h-i686-mingw32/bin/../lib/gcc/nios2-elf/4.1.2/../../../../nios2-elf/lib/mno-hw-mul\libsmallc.a(lib_a-puts.o)
 .debug_line    0x00001915      0x250 c:/intel/nios2eds/bin/gnu/h-i686-mingw32/bin/../lib/gcc/nios2-elf/4.1.2/../../../../nios2-elf/lib/mno-hw-mul\libsmallc.a(lib_a-strlen.o)
 .debug_line    0x00001b65      0x666 c:/intel/nios2eds/bin/gnu/h-i686-mingw32/bin/../lib/gcc/nios2-elf/4.1.2/../../../../nios2-elf/lib/mno-hw-mul\libsmallc.a(lib_a-vfprintf.o)
 .debug_line    0x000021cb      0x2a9 c:/intel/nios2eds/bin/gnu/h-i686-mingw32/bin/../lib/gcc/nios2-elf/4.1.2/../../../../nios2-elf/lib/mno-hw-mul\libsmallc.a(lib_a-fvwrite_small_dev.o)
 .debug_line    0x00002474      0x230 c:/intel/nios2eds/bin/gnu/h-i686-mingw32/bin/../lib/gcc/nios2-elf/4.1.2/../../../../nios2-elf/lib/mno-hw-mul\libsmallc.a(lib_a-impure.o)
 .debug_line    0x000026a4      0x29d c:/intel/nios2eds/bin/gnu/h-i686-mingw32/bin/../lib/gcc/nios2-elf/4.1.2/../../../../nios2-elf/lib/mno-hw-mul\libsmallc.a(lib_a-writer.o)
 .debug_line    0x00002941      0x1e2 c:/intel/nios2eds/bin/gnu/h-i686-mingw32/bin/../lib/gcc/nios2-elf/4.1.2/../../../../nios2-elf/lib/mno-hw-mul\libsmallc.a(lib_a-int_errno.o)
 .debug_line    0x00002b23      0x2b6 ../fpga_bsp/\libhal_bsp.a(alt_iic.o)
 .debug_line    0x00002dd9      0x237 ../fpga_bsp/\libhal_bsp.a(alt_iic_isr_register.o)
 .debug_line    0x00003010       0x6b ../fpga_bsp/\libhal_bsp.a(alt_irq_entry.o)
 .debug_line    0x0000307b      0x236 ../fpga_bsp/\libhal_bsp.a(alt_irq_handler.o)
 .debug_line    0x000032b1       0x72 ../fpga_bsp/\libhal_bsp.a(alt_irq_vars.o)
 .debug_line    0x00003323      0x205 ../fpga_bsp/\libhal_bsp.a(alt_load.o)
 .debug_line    0x00003528      0x2b8 ../fpga_bsp/\libhal_bsp.a(alt_main.o)
 .debug_line    0x000037e0      0x2b7 ../fpga_bsp/\libhal_bsp.a(alt_write.o)
 .debug_line    0x00003a97      0x2f5 ../fpga_bsp/\libhal_bsp.a(alt_sys_init.o)
 .debug_line    0x00003d8c      0x1ce ../fpga_bsp/\libhal_bsp.a(altera_avalon_jtag_uart_fd.o)
 .debug_line    0x00003f5a      0x331 ../fpga_bsp/\libhal_bsp.a(altera_avalon_jtag_uart_read.o)
 .debug_line    0x0000428b      0x2f2 ../fpga_bsp/\libhal_bsp.a(altera_avalon_jtag_uart_write.o)
 .debug_line    0x0000457d      0x1a9 ../fpga_bsp/\libhal_bsp.a(altera_avalon_uart_fd.o)
 .debug_line    0x00004726      0x30f ../fpga_bsp/\libhal_bsp.a(altera_avalon_uart_read.o)
 .debug_line    0x00004a35      0x310 ../fpga_bsp/\libhal_bsp.a(altera_avalon_uart_write.o)
 .debug_line    0x00004d45      0x287 ../fpga_bsp/\libhal_bsp.a(alt_close.o)
 .debug_line    0x00004fcc      0x1a3 ../fpga_bsp/\libhal_bsp.a(alt_dcache_flush_all.o)
 .debug_line    0x0000516f      0x242 ../fpga_bsp/\libhal_bsp.a(alt_dev.o)
 .debug_line    0x000053b1      0x248 ../fpga_bsp/\libhal_bsp.a(alt_dev_llist_insert.o)
 .debug_line    0x000055f9       0x83 ../fpga_bsp/\libhal_bsp.a(alt_do_ctors.o)
 .debug_line    0x0000567c       0x83 ../fpga_bsp/\libhal_bsp.a(alt_do_dtors.o)
 .debug_line    0x000056ff      0x198 ../fpga_bsp/\libhal_bsp.a(alt_errno.o)
 .debug_line    0x00005897       0xab ../fpga_bsp/\libhal_bsp.a(alt_exception_entry.o)
 .debug_line    0x00005942      0x1a3 ../fpga_bsp/\libhal_bsp.a(alt_icache_flush_all.o)
 .debug_line    0x00005ae5      0x2a2 ../fpga_bsp/\libhal_bsp.a(alt_io_redirect.o)
 .debug_line    0x00005d87      0x2ed ../fpga_bsp/\libhal_bsp.a(alt_open.o)
 .debug_line    0x00006074       0xed ../fpga_bsp/\libhal_bsp.a(alt_release_fd.o)
 .debug_line    0x00006161      0x1bc ../fpga_bsp/\libhal_bsp.a(altera_nios2_qsys_irq.o)
 .debug_line    0x0000631d      0x259 ../fpga_bsp/\libhal_bsp.a(alt_find_dev.o)
 .debug_line    0x00006576      0x26a ../fpga_bsp/\libhal_bsp.a(alt_find_file.o)
 .debug_line    0x000067e0      0x285 ../fpga_bsp/\libhal_bsp.a(alt_get_fd.o)
 .debug_line    0x00006a65      0x203 c:/intel/nios2eds/bin/gnu/h-i686-mingw32/bin/../lib/gcc/nios2-elf/4.1.2/../../../../nios2-elf/lib/mno-hw-mul\libsmallc.a(lib_a-atexit.o)
 .debug_line    0x00006c68      0x223 c:/intel/nios2eds/bin/gnu/h-i686-mingw32/bin/../lib/gcc/nios2-elf/4.1.2/../../../../nios2-elf/lib/mno-hw-mul\libsmallc.a(lib_a-exit.o)
 .debug_line    0x00006e8b      0x270 c:/intel/nios2eds/bin/gnu/h-i686-mingw32/bin/../lib/gcc/nios2-elf/4.1.2/../../../../nios2-elf/lib/mno-hw-mul\libsmallc.a(lib_a-memcmp.o)
 .debug_line    0x000070fb      0x350 c:/intel/nios2eds/bin/gnu/h-i686-mingw32/bin/../lib/gcc/nios2-elf/4.1.2/../../../../nios2-elf/lib/mno-hw-mul\libsmallc.a(lib_a-__atexit.o)
 .debug_line    0x0000744b      0x360 c:/intel/nios2eds/bin/gnu/h-i686-mingw32/bin/../lib/gcc/nios2-elf/4.1.2/../../../../nios2-elf/lib/mno-hw-mul\libsmallc.a(lib_a-__call_atexit.o)
 .debug_line    0x000077ab      0x1f4 ../fpga_bsp/\libhal_bsp.a(alt_exit.o)

.debug_frame    0x00000000      0xcd8
 *(.debug_frame)
 .debug_frame   0x00000000       0x48 obj/default/include/datetime.o
 .debug_frame   0x00000048      0x10c obj/default/include/lcd.o
 .debug_frame   0x00000154       0x48 obj/default/include/timer_ctrl.o
 .debug_frame   0x0000019c       0x9c obj/default/include/uart.o
 .debug_frame   0x00000238      0x10c obj/default/source.o
 .debug_frame   0x00000344       0x70 c:/intel/nios2eds/bin/gnu/h-i686-mingw32/bin/../lib/gcc/nios2-elf/4.1.2/mno-hw-mul\libgcc.a(lib2-divmod.o)
 .debug_frame   0x000003b4       0x20 c:/intel/nios2eds/bin/gnu/h-i686-mingw32/bin/../lib/gcc/nios2-elf/4.1.2/mno-hw-mul\libgcc.a(lib2-mul.o)
 .debug_frame   0x000003d4       0x40 c:/intel/nios2eds/bin/gnu/h-i686-mingw32/bin/../lib/gcc/nios2-elf/4.1.2/../../../../nios2-elf/lib/mno-hw-mul\libsmallc.a(lib_a-printf.o)
 .debug_frame   0x00000414       0x3c c:/intel/nios2eds/bin/gnu/h-i686-mingw32/bin/../lib/gcc/nios2-elf/4.1.2/../../../../nios2-elf/lib/mno-hw-mul\libsmallc.a(lib_a-puts.o)
 .debug_frame   0x00000450       0x20 c:/intel/nios2eds/bin/gnu/h-i686-mingw32/bin/../lib/gcc/nios2-elf/4.1.2/../../../../nios2-elf/lib/mno-hw-mul\libsmallc.a(lib_a-strlen.o)
 .debug_frame   0x00000470       0x64 c:/intel/nios2eds/bin/gnu/h-i686-mingw32/bin/../lib/gcc/nios2-elf/4.1.2/../../../../nios2-elf/lib/mno-hw-mul\libsmallc.a(lib_a-vfprintf.o)
 .debug_frame   0x000004d4       0x30 c:/intel/nios2eds/bin/gnu/h-i686-mingw32/bin/../lib/gcc/nios2-elf/4.1.2/../../../../nios2-elf/lib/mno-hw-mul\libsmallc.a(lib_a-fvwrite_small_dev.o)
 .debug_frame   0x00000504       0x2c c:/intel/nios2eds/bin/gnu/h-i686-mingw32/bin/../lib/gcc/nios2-elf/4.1.2/../../../../nios2-elf/lib/mno-hw-mul\libsmallc.a(lib_a-writer.o)
 .debug_frame   0x00000530       0x80 ../fpga_bsp/\libhal_bsp.a(alt_iic.o)
 .debug_frame   0x000005b0       0x2c ../fpga_bsp/\libhal_bsp.a(alt_iic_isr_register.o)
 .debug_frame   0x000005dc       0x2c ../fpga_bsp/\libhal_bsp.a(alt_irq_handler.o)
 .debug_frame   0x00000608       0x48 ../fpga_bsp/\libhal_bsp.a(alt_load.o)
 .debug_frame   0x00000650       0x2c ../fpga_bsp/\libhal_bsp.a(alt_main.o)
 .debug_frame   0x0000067c       0x48 ../fpga_bsp/\libhal_bsp.a(alt_write.o)
 .debug_frame   0x000006c4       0x64 ../fpga_bsp/\libhal_bsp.a(alt_sys_init.o)
 .debug_frame   0x00000728       0x48 ../fpga_bsp/\libhal_bsp.a(altera_avalon_jtag_uart_fd.o)
 .debug_frame   0x00000770       0x2c ../fpga_bsp/\libhal_bsp.a(altera_avalon_jtag_uart_read.o)
 .debug_frame   0x0000079c       0x2c ../fpga_bsp/\libhal_bsp.a(altera_avalon_jtag_uart_write.o)
 .debug_frame   0x000007c8       0x48 ../fpga_bsp/\libhal_bsp.a(altera_avalon_uart_fd.o)
 .debug_frame   0x00000810       0x48 ../fpga_bsp/\libhal_bsp.a(altera_avalon_uart_read.o)
 .debug_frame   0x00000858       0x48 ../fpga_bsp/\libhal_bsp.a(altera_avalon_uart_write.o)
 .debug_frame   0x000008a0       0x48 ../fpga_bsp/\libhal_bsp.a(alt_close.o)
 .debug_frame   0x000008e8       0x2c ../fpga_bsp/\libhal_bsp.a(alt_dcache_flush_all.o)
 .debug_frame   0x00000914       0x2c ../fpga_bsp/\libhal_bsp.a(alt_dev.o)
 .debug_frame   0x00000940       0x48 ../fpga_bsp/\libhal_bsp.a(alt_dev_llist_insert.o)
 .debug_frame   0x00000988       0x2c ../fpga_bsp/\libhal_bsp.a(alt_do_ctors.o)
 .debug_frame   0x000009b4       0x2c ../fpga_bsp/\libhal_bsp.a(alt_do_dtors.o)
 .debug_frame   0x000009e0       0x2c ../fpga_bsp/\libhal_bsp.a(alt_icache_flush_all.o)
 .debug_frame   0x00000a0c       0x4c ../fpga_bsp/\libhal_bsp.a(alt_io_redirect.o)
 .debug_frame   0x00000a58       0x68 ../fpga_bsp/\libhal_bsp.a(alt_open.o)
 .debug_frame   0x00000ac0       0x30 ../fpga_bsp/\libhal_bsp.a(alt_release_fd.o)
 .debug_frame   0x00000af0       0x2c ../fpga_bsp/\libhal_bsp.a(altera_nios2_qsys_irq.o)
 .debug_frame   0x00000b1c       0x2c ../fpga_bsp/\libhal_bsp.a(alt_find_dev.o)
 .debug_frame   0x00000b48       0x2c ../fpga_bsp/\libhal_bsp.a(alt_find_file.o)
 .debug_frame   0x00000b74       0x30 ../fpga_bsp/\libhal_bsp.a(alt_get_fd.o)
 .debug_frame   0x00000ba4       0x20 c:/intel/nios2eds/bin/gnu/h-i686-mingw32/bin/../lib/gcc/nios2-elf/4.1.2/../../../../nios2-elf/lib/mno-hw-mul\libsmallc.a(lib_a-atexit.o)
 .debug_frame   0x00000bc4       0x2c c:/intel/nios2eds/bin/gnu/h-i686-mingw32/bin/../lib/gcc/nios2-elf/4.1.2/../../../../nios2-elf/lib/mno-hw-mul\libsmallc.a(lib_a-exit.o)
 .debug_frame   0x00000bf0       0x20 c:/intel/nios2eds/bin/gnu/h-i686-mingw32/bin/../lib/gcc/nios2-elf/4.1.2/../../../../nios2-elf/lib/mno-hw-mul\libsmallc.a(lib_a-memcmp.o)
 .debug_frame   0x00000c10       0x34 c:/intel/nios2eds/bin/gnu/h-i686-mingw32/bin/../lib/gcc/nios2-elf/4.1.2/../../../../nios2-elf/lib/mno-hw-mul\libsmallc.a(lib_a-__atexit.o)
 .debug_frame   0x00000c44       0x4c c:/intel/nios2eds/bin/gnu/h-i686-mingw32/bin/../lib/gcc/nios2-elf/4.1.2/../../../../nios2-elf/lib/mno-hw-mul\libsmallc.a(lib_a-__call_atexit.o)
 .debug_frame   0x00000c90       0x48 ../fpga_bsp/\libhal_bsp.a(alt_exit.o)

.debug_str      0x00000000      0xefe
 *(.debug_str)
 .debug_str     0x00000000       0x2a obj/default/source.o
 .debug_str     0x0000002a      0x167 c:/intel/nios2eds/bin/gnu/h-i686-mingw32/bin/../lib/gcc/nios2-elf/4.1.2/mno-hw-mul\libgcc.a(lib2-divmod.o)
                                0x1b4 (size before relaxing)
 .debug_str     0x00000191       0x37 c:/intel/nios2eds/bin/gnu/h-i686-mingw32/bin/../lib/gcc/nios2-elf/4.1.2/mno-hw-mul\libgcc.a(lib2-mul.o)
                                0x175 (size before relaxing)
 .debug_str     0x000001c8       0xf6 c:/intel/nios2eds/bin/gnu/h-i686-mingw32/bin/../lib/gcc/nios2-elf/4.1.2/../../../../nios2-elf/lib/mno-hw-mul\libsmallc.a(lib_a-ctype_.o)
                                0x119 (size before relaxing)
 .debug_str     0x000002be      0x3aa c:/intel/nios2eds/bin/gnu/h-i686-mingw32/bin/../lib/gcc/nios2-elf/4.1.2/../../../../nios2-elf/lib/mno-hw-mul\libsmallc.a(lib_a-printf.o)
                                0x466 (size before relaxing)
 .debug_str     0x00000668       0x48 c:/intel/nios2eds/bin/gnu/h-i686-mingw32/bin/../lib/gcc/nios2-elf/4.1.2/../../../../nios2-elf/lib/mno-hw-mul\libsmallc.a(lib_a-puts.o)
                                0x450 (size before relaxing)
 .debug_str     0x000006b0       0xe2 c:/intel/nios2eds/bin/gnu/h-i686-mingw32/bin/../lib/gcc/nios2-elf/4.1.2/../../../../nios2-elf/lib/mno-hw-mul\libsmallc.a(lib_a-strlen.o)
                                0x184 (size before relaxing)
 .debug_str     0x00000792      0x168 c:/intel/nios2eds/bin/gnu/h-i686-mingw32/bin/../lib/gcc/nios2-elf/4.1.2/../../../../nios2-elf/lib/mno-hw-mul\libsmallc.a(lib_a-vfprintf.o)
                                0x5af (size before relaxing)
 .debug_str     0x000008fa       0x70 c:/intel/nios2eds/bin/gnu/h-i686-mingw32/bin/../lib/gcc/nios2-elf/4.1.2/../../../../nios2-elf/lib/mno-hw-mul\libsmallc.a(lib_a-fvwrite_small_dev.o)
                                0x46a (size before relaxing)
 .debug_str     0x0000096a       0xf8 c:/intel/nios2eds/bin/gnu/h-i686-mingw32/bin/../lib/gcc/nios2-elf/4.1.2/../../../../nios2-elf/lib/mno-hw-mul\libsmallc.a(lib_a-impure.o)
                                0x45d (size before relaxing)
 .debug_str     0x00000a62       0x4f c:/intel/nios2eds/bin/gnu/h-i686-mingw32/bin/../lib/gcc/nios2-elf/4.1.2/../../../../nios2-elf/lib/mno-hw-mul\libsmallc.a(lib_a-writer.o)
                                0x451 (size before relaxing)
 .debug_str     0x00000ab1       0x40 c:/intel/nios2eds/bin/gnu/h-i686-mingw32/bin/../lib/gcc/nios2-elf/4.1.2/../../../../nios2-elf/lib/mno-hw-mul\libsmallc.a(lib_a-int_errno.o)
                                0x177 (size before relaxing)
 .debug_str     0x00000af1       0x18 ../fpga_bsp/\libhal_bsp.a(alt_iic.o)
 .debug_str     0x00000b09       0x1a ../fpga_bsp/\libhal_bsp.a(alt_iic_isr_register.o)
 .debug_str     0x00000b23       0x12 ../fpga_bsp/\libhal_bsp.a(alt_irq_handler.o)
 .debug_str     0x00000b35       0x12 ../fpga_bsp/\libhal_bsp.a(alt_load.o)
 .debug_str     0x00000b47       0x12 ../fpga_bsp/\libhal_bsp.a(alt_main.o)
 .debug_str     0x00000b59       0x12 ../fpga_bsp/\libhal_bsp.a(alt_write.o)
 .debug_str     0x00000b6b       0x12 ../fpga_bsp/\libhal_bsp.a(alt_sys_init.o)
 .debug_str     0x00000b7d       0x12 ../fpga_bsp/\libhal_bsp.a(altera_avalon_jtag_uart_read.o)
 .debug_str     0x00000b8f       0x12 ../fpga_bsp/\libhal_bsp.a(altera_avalon_jtag_uart_write.o)
 .debug_str     0x00000ba1       0x12 ../fpga_bsp/\libhal_bsp.a(altera_avalon_uart_fd.o)
 .debug_str     0x00000bb3       0x12 ../fpga_bsp/\libhal_bsp.a(altera_avalon_uart_read.o)
 .debug_str     0x00000bc5       0x12 ../fpga_bsp/\libhal_bsp.a(altera_avalon_uart_write.o)
 .debug_str     0x00000bd7       0x12 ../fpga_bsp/\libhal_bsp.a(alt_close.o)
 .debug_str     0x00000be9       0x12 ../fpga_bsp/\libhal_bsp.a(alt_dcache_flush_all.o)
 .debug_str     0x00000bfb       0x12 ../fpga_bsp/\libhal_bsp.a(alt_dev.o)
 .debug_str     0x00000c0d       0x12 ../fpga_bsp/\libhal_bsp.a(alt_dev_llist_insert.o)
 .debug_str     0x00000c1f       0x12 ../fpga_bsp/\libhal_bsp.a(alt_errno.o)
 .debug_str     0x00000c31       0x12 ../fpga_bsp/\libhal_bsp.a(alt_icache_flush_all.o)
 .debug_str     0x00000c43       0x12 ../fpga_bsp/\libhal_bsp.a(alt_io_redirect.o)
 .debug_str     0x00000c55       0x12 ../fpga_bsp/\libhal_bsp.a(alt_open.o)
 .debug_str     0x00000c67       0x12 ../fpga_bsp/\libhal_bsp.a(altera_nios2_qsys_irq.o)
 .debug_str     0x00000c79       0x12 ../fpga_bsp/\libhal_bsp.a(alt_find_dev.o)
 .debug_str     0x00000c8b       0x12 ../fpga_bsp/\libhal_bsp.a(alt_find_file.o)
 .debug_str     0x00000c9d       0x12 ../fpga_bsp/\libhal_bsp.a(alt_get_fd.o)
 .debug_str     0x00000caf       0xdb c:/intel/nios2eds/bin/gnu/h-i686-mingw32/bin/../lib/gcc/nios2-elf/4.1.2/../../../../nios2-elf/lib/mno-hw-mul\libsmallc.a(lib_a-atexit.o)
                                0x1e5 (size before relaxing)
 .debug_str     0x00000d8a       0x41 c:/intel/nios2eds/bin/gnu/h-i686-mingw32/bin/../lib/gcc/nios2-elf/4.1.2/../../../../nios2-elf/lib/mno-hw-mul\libsmallc.a(lib_a-exit.o)
                                0x178 (size before relaxing)
 .debug_str     0x00000dcb       0x45 c:/intel/nios2eds/bin/gnu/h-i686-mingw32/bin/../lib/gcc/nios2-elf/4.1.2/../../../../nios2-elf/lib/mno-hw-mul\libsmallc.a(lib_a-memcmp.o)
                                0x17e (size before relaxing)
 .debug_str     0x00000e10       0x54 c:/intel/nios2eds/bin/gnu/h-i686-mingw32/bin/../lib/gcc/nios2-elf/4.1.2/../../../../nios2-elf/lib/mno-hw-mul\libsmallc.a(lib_a-__atexit.o)
                                0x467 (size before relaxing)
 .debug_str     0x00000e64       0x7e c:/intel/nios2eds/bin/gnu/h-i686-mingw32/bin/../lib/gcc/nios2-elf/4.1.2/../../../../nios2-elf/lib/mno-hw-mul\libsmallc.a(lib_a-__call_atexit.o)
                                0x491 (size before relaxing)
 .debug_str     0x00000ee2       0x1c ../fpga_bsp/\libhal_bsp.a(alt_exit.o)

.debug_loc      0x00000000     0x1dc5
 *(.debug_loc)
 .debug_loc     0x00000000       0x56 obj/default/include/datetime.o
 .debug_loc     0x00000056      0x183 obj/default/include/lcd.o
 .debug_loc     0x000001d9       0x56 obj/default/include/timer_ctrl.o
 .debug_loc     0x0000022f       0xd7 obj/default/include/uart.o
 .debug_loc     0x00000306      0x184 obj/default/source.o
 .debug_loc     0x0000048a      0x1d2 c:/intel/nios2eds/bin/gnu/h-i686-mingw32/bin/../lib/gcc/nios2-elf/4.1.2/mno-hw-mul\libgcc.a(lib2-divmod.o)
 .debug_loc     0x0000065c       0x4f c:/intel/nios2eds/bin/gnu/h-i686-mingw32/bin/../lib/gcc/nios2-elf/4.1.2/mno-hw-mul\libgcc.a(lib2-mul.o)
 .debug_loc     0x000006ab       0x8d c:/intel/nios2eds/bin/gnu/h-i686-mingw32/bin/../lib/gcc/nios2-elf/4.1.2/../../../../nios2-elf/lib/mno-hw-mul\libsmallc.a(lib_a-printf.o)
 .debug_loc     0x00000738       0xa2 c:/intel/nios2eds/bin/gnu/h-i686-mingw32/bin/../lib/gcc/nios2-elf/4.1.2/../../../../nios2-elf/lib/mno-hw-mul\libsmallc.a(lib_a-puts.o)
 .debug_loc     0x000007da       0x1e c:/intel/nios2eds/bin/gnu/h-i686-mingw32/bin/../lib/gcc/nios2-elf/4.1.2/../../../../nios2-elf/lib/mno-hw-mul\libsmallc.a(lib_a-strlen.o)
 .debug_loc     0x000007f8      0x878 c:/intel/nios2eds/bin/gnu/h-i686-mingw32/bin/../lib/gcc/nios2-elf/4.1.2/../../../../nios2-elf/lib/mno-hw-mul\libsmallc.a(lib_a-vfprintf.o)
 .debug_loc     0x00001070      0x162 c:/intel/nios2eds/bin/gnu/h-i686-mingw32/bin/../lib/gcc/nios2-elf/4.1.2/../../../../nios2-elf/lib/mno-hw-mul\libsmallc.a(lib_a-fvwrite_small_dev.o)
 .debug_loc     0x000011d2       0x97 c:/intel/nios2eds/bin/gnu/h-i686-mingw32/bin/../lib/gcc/nios2-elf/4.1.2/../../../../nios2-elf/lib/mno-hw-mul\libsmallc.a(lib_a-writer.o)
 .debug_loc     0x00001269       0xac ../fpga_bsp/\libhal_bsp.a(alt_iic.o)
 .debug_loc     0x00001315       0x2b ../fpga_bsp/\libhal_bsp.a(alt_iic_isr_register.o)
 .debug_loc     0x00001340       0x2b ../fpga_bsp/\libhal_bsp.a(alt_irq_handler.o)
 .debug_loc     0x0000136b       0x56 ../fpga_bsp/\libhal_bsp.a(alt_load.o)
 .debug_loc     0x000013c1       0x2b ../fpga_bsp/\libhal_bsp.a(alt_main.o)
 .debug_loc     0x000013ec       0x56 ../fpga_bsp/\libhal_bsp.a(alt_write.o)
 .debug_loc     0x00001442       0x81 ../fpga_bsp/\libhal_bsp.a(alt_sys_init.o)
 .debug_loc     0x000014c3       0x56 ../fpga_bsp/\libhal_bsp.a(altera_avalon_jtag_uart_fd.o)
 .debug_loc     0x00001519       0x2b ../fpga_bsp/\libhal_bsp.a(altera_avalon_jtag_uart_read.o)
 .debug_loc     0x00001544       0x2b ../fpga_bsp/\libhal_bsp.a(altera_avalon_jtag_uart_write.o)
 .debug_loc     0x0000156f       0x56 ../fpga_bsp/\libhal_bsp.a(altera_avalon_uart_fd.o)
 .debug_loc     0x000015c5       0x56 ../fpga_bsp/\libhal_bsp.a(altera_avalon_uart_read.o)
 .debug_loc     0x0000161b       0x56 ../fpga_bsp/\libhal_bsp.a(altera_avalon_uart_write.o)
 .debug_loc     0x00001671       0x56 ../fpga_bsp/\libhal_bsp.a(alt_close.o)
 .debug_loc     0x000016c7       0x2b ../fpga_bsp/\libhal_bsp.a(alt_dcache_flush_all.o)
 .debug_loc     0x000016f2       0x2b ../fpga_bsp/\libhal_bsp.a(alt_dev.o)
 .debug_loc     0x0000171d       0x56 ../fpga_bsp/\libhal_bsp.a(alt_dev_llist_insert.o)
 .debug_loc     0x00001773       0x2b ../fpga_bsp/\libhal_bsp.a(alt_do_ctors.o)
 .debug_loc     0x0000179e       0x2b ../fpga_bsp/\libhal_bsp.a(alt_do_dtors.o)
 .debug_loc     0x000017c9       0x2b ../fpga_bsp/\libhal_bsp.a(alt_icache_flush_all.o)
 .debug_loc     0x000017f4       0x56 ../fpga_bsp/\libhal_bsp.a(alt_io_redirect.o)
 .debug_loc     0x0000184a       0x81 ../fpga_bsp/\libhal_bsp.a(alt_open.o)
 .debug_loc     0x000018cb       0x2b ../fpga_bsp/\libhal_bsp.a(alt_release_fd.o)
 .debug_loc     0x000018f6       0x2b ../fpga_bsp/\libhal_bsp.a(altera_nios2_qsys_irq.o)
 .debug_loc     0x00001921       0x2b ../fpga_bsp/\libhal_bsp.a(alt_find_dev.o)
 .debug_loc     0x0000194c       0x2b ../fpga_bsp/\libhal_bsp.a(alt_find_file.o)
 .debug_loc     0x00001977       0x2b ../fpga_bsp/\libhal_bsp.a(alt_get_fd.o)
 .debug_loc     0x000019a2       0x1e c:/intel/nios2eds/bin/gnu/h-i686-mingw32/bin/../lib/gcc/nios2-elf/4.1.2/../../../../nios2-elf/lib/mno-hw-mul\libsmallc.a(lib_a-atexit.o)
 .debug_loc     0x000019c0       0x3d c:/intel/nios2eds/bin/gnu/h-i686-mingw32/bin/../lib/gcc/nios2-elf/4.1.2/../../../../nios2-elf/lib/mno-hw-mul\libsmallc.a(lib_a-exit.o)
 .debug_loc     0x000019fd       0x70 c:/intel/nios2eds/bin/gnu/h-i686-mingw32/bin/../lib/gcc/nios2-elf/4.1.2/../../../../nios2-elf/lib/mno-hw-mul\libsmallc.a(lib_a-memcmp.o)
 .debug_loc     0x00001a6d      0x141 c:/intel/nios2eds/bin/gnu/h-i686-mingw32/bin/../lib/gcc/nios2-elf/4.1.2/../../../../nios2-elf/lib/mno-hw-mul\libsmallc.a(lib_a-__atexit.o)
 .debug_loc     0x00001bae      0x1c1 c:/intel/nios2eds/bin/gnu/h-i686-mingw32/bin/../lib/gcc/nios2-elf/4.1.2/../../../../nios2-elf/lib/mno-hw-mul\libsmallc.a(lib_a-__call_atexit.o)
 .debug_loc     0x00001d6f       0x56 ../fpga_bsp/\libhal_bsp.a(alt_exit.o)

.debug_macinfo
 *(.debug_macinfo)

.debug_weaknames
 *(.debug_weaknames)

.debug_funcnames
 *(.debug_funcnames)

.debug_typenames
 *(.debug_typenames)

.debug_varnames
 *(.debug_varnames)

.debug_alt_sim_info
                0x00000000       0x10
 *(.debug_alt_sim_info)
 .debug_alt_sim_info
                0x00000000       0x10 ../fpga_bsp//obj/HAL/src/crt0.o
                0x00010000                __alt_data_end = 0x10000
                0x00010000                PROVIDE (__alt_stack_pointer, __alt_data_end)
                0x0000d0fc                PROVIDE (__alt_stack_limit, __alt_stack_base)
                0x0000d0fc                PROVIDE (__alt_heap_start, end)
                0x00010000                PROVIDE (__alt_heap_limit, 0x10000)
OUTPUT(fpga.elf elf32-littlenios2)

.debug_ranges   0x00000000      0x1d0
 .debug_ranges  0x00000000       0x20 ../fpga_bsp//obj/HAL/src/crt0.o
 .debug_ranges  0x00000020      0x140 c:/intel/nios2eds/bin/gnu/h-i686-mingw32/bin/../lib/gcc/nios2-elf/4.1.2/../../../../nios2-elf/lib/mno-hw-mul\libsmallc.a(lib_a-vfprintf.o)
 .debug_ranges  0x00000160       0x28 ../fpga_bsp/\libhal_bsp.a(alt_irq_entry.o)
 .debug_ranges  0x00000188       0x30 ../fpga_bsp/\libhal_bsp.a(alt_exception_entry.o)
 .debug_ranges  0x000001b8       0x18 c:/intel/nios2eds/bin/gnu/h-i686-mingw32/bin/../lib/gcc/nios2-elf/4.1.2/../../../../nios2-elf/lib/mno-hw-mul\libsmallc.a(lib_a-__call_atexit.o)
