Archive member included because of file (symbol)

c:/intel/nios2eds/bin/gnu/h-i686-mingw32/bin/../lib/gcc/nios2-elf/4.1.2/mno-hw-mul\libgcc.a(lib2-divmod.o)
                              obj/default/include/lcd.o (__divsi3)
c:/intel/nios2eds/bin/gnu/h-i686-mingw32/bin/../lib/gcc/nios2-elf/4.1.2/mno-hw-mul\libgcc.a(lib2-mul.o)
                              obj/default/include/lcd.o (__mulsi3)
c:/intel/nios2eds/bin/gnu/h-i686-mingw32/bin/../lib/gcc/nios2-elf/4.1.2/../../../../nios2-elf/lib/mno-hw-mul\libsmallc.a(lib_a-printf.o)
                              obj/default/source.o (printf)
c:/intel/nios2eds/bin/gnu/h-i686-mingw32/bin/../lib/gcc/nios2-elf/4.1.2/../../../../nios2-elf/lib/mno-hw-mul\libsmallc.a(lib_a-puts.o)
                              obj/default/source.o (puts)
c:/intel/nios2eds/bin/gnu/h-i686-mingw32/bin/../lib/gcc/nios2-elf/4.1.2/../../../../nios2-elf/lib/mno-hw-mul\libsmallc.a(lib_a-strlen.o)
                              c:/intel/nios2eds/bin/gnu/h-i686-mingw32/bin/../lib/gcc/nios2-elf/4.1.2/../../../../nios2-elf/lib/mno-hw-mul\libsmallc.a(lib_a-puts.o) (strlen)
c:/intel/nios2eds/bin/gnu/h-i686-mingw32/bin/../lib/gcc/nios2-elf/4.1.2/../../../../nios2-elf/lib/mno-hw-mul\libsmallc.a(lib_a-vfprintf.o)
                              c:/intel/nios2eds/bin/gnu/h-i686-mingw32/bin/../lib/gcc/nios2-elf/4.1.2/../../../../nios2-elf/lib/mno-hw-mul\libsmallc.a(lib_a-printf.o) (___vfprintf_internal_r)
c:/intel/nios2eds/bin/gnu/h-i686-mingw32/bin/../lib/gcc/nios2-elf/4.1.2/../../../../nios2-elf/lib/mno-hw-mul\libsmallc.a(lib_a-fvwrite_small_dev.o)
                              c:/intel/nios2eds/bin/gnu/h-i686-mingw32/bin/../lib/gcc/nios2-elf/4.1.2/../../../../nios2-elf/lib/mno-hw-mul\libsmallc.a(lib_a-printf.o) (__sfvwrite_small_dev)
c:/intel/nios2eds/bin/gnu/h-i686-mingw32/bin/../lib/gcc/nios2-elf/4.1.2/../../../../nios2-elf/lib/mno-hw-mul\libsmallc.a(lib_a-impure.o)
                              c:/intel/nios2eds/bin/gnu/h-i686-mingw32/bin/../lib/gcc/nios2-elf/4.1.2/../../../../nios2-elf/lib/mno-hw-mul\libsmallc.a(lib_a-printf.o) (_impure_ptr)
c:/intel/nios2eds/bin/gnu/h-i686-mingw32/bin/../lib/gcc/nios2-elf/4.1.2/../../../../nios2-elf/lib/mno-hw-mul\libsmallc.a(lib_a-writer.o)
                              c:/intel/nios2eds/bin/gnu/h-i686-mingw32/bin/../lib/gcc/nios2-elf/4.1.2/../../../../nios2-elf/lib/mno-hw-mul\libsmallc.a(lib_a-fvwrite_small_dev.o) (_write_r)
c:/intel/nios2eds/bin/gnu/h-i686-mingw32/bin/../lib/gcc/nios2-elf/4.1.2/../../../../nios2-elf/lib/mno-hw-mul\libsmallc.a(lib_a-int_errno.o)
                              c:/intel/nios2eds/bin/gnu/h-i686-mingw32/bin/../lib/gcc/nios2-elf/4.1.2/../../../../nios2-elf/lib/mno-hw-mul\libsmallc.a(lib_a-writer.o) (errno)
../fpga_bsp/\libhal_bsp.a(alt_iic.o)
                              obj/default/source.o (alt_ic_isr_register)
../fpga_bsp/\libhal_bsp.a(alt_iic_isr_register.o)
                              ../fpga_bsp/\libhal_bsp.a(alt_iic.o) (alt_iic_isr_register)
../fpga_bsp/\libhal_bsp.a(alt_irq_entry.o)
                              ../fpga_bsp/\libhal_bsp.a(alt_iic_isr_register.o) (alt_irq_entry)
../fpga_bsp/\libhal_bsp.a(alt_irq_handler.o)
                              ../fpga_bsp/\libhal_bsp.a(alt_iic_isr_register.o) (alt_irq_handler)
../fpga_bsp/\libhal_bsp.a(alt_irq_vars.o)
                              ../fpga_bsp/\libhal_bsp.a(alt_iic.o) (alt_irq_active)
../fpga_bsp/\libhal_bsp.a(alt_load.o)
                              ../fpga_bsp//obj/HAL/src/crt0.o (alt_load)
../fpga_bsp/\libhal_bsp.a(alt_main.o)
                              ../fpga_bsp//obj/HAL/src/crt0.o (alt_main)
../fpga_bsp/\libhal_bsp.a(alt_write.o)
                              c:/intel/nios2eds/bin/gnu/h-i686-mingw32/bin/../lib/gcc/nios2-elf/4.1.2/../../../../nios2-elf/lib/mno-hw-mul\libsmallc.a(lib_a-writer.o) (write)
../fpga_bsp/\libhal_bsp.a(alt_sys_init.o)
                              ../fpga_bsp/\libhal_bsp.a(alt_main.o) (alt_irq_init)
../fpga_bsp/\libhal_bsp.a(altera_avalon_jtag_uart_fd.o)
                              ../fpga_bsp/\libhal_bsp.a(alt_sys_init.o) (altera_avalon_jtag_uart_read_fd)
../fpga_bsp/\libhal_bsp.a(altera_avalon_jtag_uart_read.o)
                              ../fpga_bsp/\libhal_bsp.a(altera_avalon_jtag_uart_fd.o) (altera_avalon_jtag_uart_read)
../fpga_bsp/\libhal_bsp.a(altera_avalon_jtag_uart_write.o)
                              ../fpga_bsp/\libhal_bsp.a(altera_avalon_jtag_uart_fd.o) (altera_avalon_jtag_uart_write)
../fpga_bsp/\libhal_bsp.a(altera_avalon_uart_fd.o)
                              ../fpga_bsp/\libhal_bsp.a(alt_sys_init.o) (altera_avalon_uart_read_fd)
../fpga_bsp/\libhal_bsp.a(altera_avalon_uart_read.o)
                              ../fpga_bsp/\libhal_bsp.a(altera_avalon_uart_fd.o) (altera_avalon_uart_read)
../fpga_bsp/\libhal_bsp.a(altera_avalon_uart_write.o)
                              ../fpga_bsp/\libhal_bsp.a(altera_avalon_uart_fd.o) (altera_avalon_uart_write)
../fpga_bsp/\libhal_bsp.a(alt_close.o)
                              ../fpga_bsp/\libhal_bsp.a(alt_main.o) (close)
../fpga_bsp/\libhal_bsp.a(alt_dcache_flush_all.o)
                              ../fpga_bsp/\libhal_bsp.a(alt_load.o) (alt_dcache_flush_all)
../fpga_bsp/\libhal_bsp.a(alt_dev.o)
                              ../fpga_bsp/\libhal_bsp.a(alt_sys_init.o) (alt_dev_list)
../fpga_bsp/\libhal_bsp.a(alt_dev_llist_insert.o)
                              ../fpga_bsp/\libhal_bsp.a(alt_sys_init.o) (alt_dev_llist_insert)
../fpga_bsp/\libhal_bsp.a(alt_do_ctors.o)
                              ../fpga_bsp/\libhal_bsp.a(alt_main.o) (_do_ctors)
../fpga_bsp/\libhal_bsp.a(alt_do_dtors.o)
                              ../fpga_bsp/\libhal_bsp.a(alt_main.o) (_do_dtors)
../fpga_bsp/\libhal_bsp.a(alt_errno.o)
                              ../fpga_bsp/\libhal_bsp.a(alt_write.o) (alt_errno)
../fpga_bsp/\libhal_bsp.a(alt_exception_entry.o)
                              ../fpga_bsp/\libhal_bsp.a(alt_irq_entry.o) (alt_exception)
../fpga_bsp/\libhal_bsp.a(alt_icache_flush_all.o)
                              ../fpga_bsp/\libhal_bsp.a(alt_load.o) (alt_icache_flush_all)
../fpga_bsp/\libhal_bsp.a(alt_io_redirect.o)
                              ../fpga_bsp/\libhal_bsp.a(alt_main.o) (alt_io_redirect)
../fpga_bsp/\libhal_bsp.a(alt_open.o)
                              ../fpga_bsp/\libhal_bsp.a(alt_io_redirect.o) (open)
../fpga_bsp/\libhal_bsp.a(alt_release_fd.o)
                              ../fpga_bsp/\libhal_bsp.a(alt_close.o) (alt_release_fd)
../fpga_bsp/\libhal_bsp.a(altera_nios2_qsys_irq.o)
                              ../fpga_bsp/\libhal_bsp.a(alt_sys_init.o) (altera_nios2_qsys_irq_init)
../fpga_bsp/\libhal_bsp.a(alt_find_dev.o)
                              ../fpga_bsp/\libhal_bsp.a(alt_open.o) (alt_find_dev)
../fpga_bsp/\libhal_bsp.a(alt_find_file.o)
                              ../fpga_bsp/\libhal_bsp.a(alt_open.o) (alt_find_file)
../fpga_bsp/\libhal_bsp.a(alt_get_fd.o)
                              ../fpga_bsp/\libhal_bsp.a(alt_open.o) (alt_get_fd)
c:/intel/nios2eds/bin/gnu/h-i686-mingw32/bin/../lib/gcc/nios2-elf/4.1.2/../../../../nios2-elf/lib/mno-hw-mul\libsmallc.a(lib_a-atexit.o)
                              ../fpga_bsp/\libhal_bsp.a(alt_main.o) (atexit)
c:/intel/nios2eds/bin/gnu/h-i686-mingw32/bin/../lib/gcc/nios2-elf/4.1.2/../../../../nios2-elf/lib/mno-hw-mul\libsmallc.a(lib_a-exit.o)
                              ../fpga_bsp/\libhal_bsp.a(alt_main.o) (exit)
c:/intel/nios2eds/bin/gnu/h-i686-mingw32/bin/../lib/gcc/nios2-elf/4.1.2/../../../../nios2-elf/lib/mno-hw-mul\libsmallc.a(lib_a-memcmp.o)
                              ../fpga_bsp/\libhal_bsp.a(alt_find_dev.o) (memcmp)
c:/intel/nios2eds/bin/gnu/h-i686-mingw32/bin/../lib/gcc/nios2-elf/4.1.2/../../../../nios2-elf/lib/mno-hw-mul\libsmallc.a(lib_a-__atexit.o)
                              c:/intel/nios2eds/bin/gnu/h-i686-mingw32/bin/../lib/gcc/nios2-elf/4.1.2/../../../../nios2-elf/lib/mno-hw-mul\libsmallc.a(lib_a-atexit.o) (__register_exitproc)
c:/intel/nios2eds/bin/gnu/h-i686-mingw32/bin/../lib/gcc/nios2-elf/4.1.2/../../../../nios2-elf/lib/mno-hw-mul\libsmallc.a(lib_a-__call_atexit.o)
                              c:/intel/nios2eds/bin/gnu/h-i686-mingw32/bin/../lib/gcc/nios2-elf/4.1.2/../../../../nios2-elf/lib/mno-hw-mul\libsmallc.a(lib_a-exit.o) (__call_exitprocs)
../fpga_bsp/\libhal_bsp.a(alt_exit.o)
                              c:/intel/nios2eds/bin/gnu/h-i686-mingw32/bin/../lib/gcc/nios2-elf/4.1.2/../../../../nios2-elf/lib/mno-hw-mul\libsmallc.a(lib_a-exit.o) (_exit)

Allocating common symbols
Common symbol       size              file

alt_irq             0x100             ../fpga_bsp/\libhal_bsp.a(alt_irq_handler.o)
errno               0x4               c:/intel/nios2eds/bin/gnu/h-i686-mingw32/bin/../lib/gcc/nios2-elf/4.1.2/../../../../nios2-elf/lib/mno-hw-mul\libsmallc.a(lib_a-int_errno.o)
_atexit0            0x8c              c:/intel/nios2eds/bin/gnu/h-i686-mingw32/bin/../lib/gcc/nios2-elf/4.1.2/../../../../nios2-elf/lib/mno-hw-mul\libsmallc.a(lib_a-atexit.o)

Memory Configuration

Name             Origin             Length             Attributes
reset            0x00008000         0x00000020
onchip_memory2_0 0x00008020         0x00007fe0
*default*        0x00000000         0xffffffff

Linker script and memory map

LOAD ../fpga_bsp//obj/HAL/src/crt0.o
LOAD obj/default/include/datetime.o
LOAD obj/default/include/lcd.o
LOAD obj/default/include/timer_ctrl.o
LOAD obj/default/include/uart.o
LOAD obj/default/source.o
LOAD c:/intel/nios2eds/bin/gnu/h-i686-mingw32/bin/../lib/gcc/nios2-elf/4.1.2/../../../../nios2-elf/lib/mno-hw-mul\libstdc++.a
LOAD c:/intel/nios2eds/bin/gnu/h-i686-mingw32/bin/../lib/gcc/nios2-elf/4.1.2/../../../../nios2-elf/lib/mno-hw-mul\libm.a
LOAD c:/intel/nios2eds/bin/gnu/h-i686-mingw32/bin/../lib/gcc/nios2-elf/4.1.2/mno-hw-mul\libgcc.a
START GROUP
LOAD c:/intel/nios2eds/bin/gnu/h-i686-mingw32/bin/../lib/gcc/nios2-elf/4.1.2/../../../../nios2-elf/lib/mno-hw-mul\libsmallc.a
LOAD c:/intel/nios2eds/bin/gnu/h-i686-mingw32/bin/../lib/gcc/nios2-elf/4.1.2/mno-hw-mul\libgcc.a
LOAD ../fpga_bsp/\libhal_bsp.a
END GROUP
LOAD c:/intel/nios2eds/bin/gnu/h-i686-mingw32/bin/../lib/gcc/nios2-elf/4.1.2/mno-hw-mul\libgcc.a
                0x00008000                __alt_mem_onchip_memory2_0 = 0x8000

.entry          0x00008000       0x20
 *(.entry)
 .entry         0x00008000       0x20 ../fpga_bsp//obj/HAL/src/crt0.o
                0x00008000                __reset

.exceptions     0x00008020      0x194
                0x00008020                PROVIDE (__ram_exceptions_start, ABSOLUTE (.))
                0x00008020                . = ALIGN (0x20)
 *(.irq)
 *(.exceptions.entry.label)
 .exceptions.entry.label
                0x00008020        0x0 ../fpga_bsp/\libhal_bsp.a(alt_irq_entry.o)
                0x00008020                alt_irq_entry
 .exceptions.entry.label
                0x00008020        0x0 ../fpga_bsp/\libhal_bsp.a(alt_exception_entry.o)
                0x00008020                alt_exception
 *(.exceptions.entry.user)
 *(.exceptions.entry)
 .exceptions.entry
                0x00008020       0x54 ../fpga_bsp/\libhal_bsp.a(alt_exception_entry.o)
 *(.exceptions.irqtest.user)
 *(.exceptions.irqtest)
 .exceptions.irqtest
                0x00008074       0x10 ../fpga_bsp/\libhal_bsp.a(alt_irq_entry.o)
 *(.exceptions.irqhandler.user)
 *(.exceptions.irqhandler)
 .exceptions.irqhandler
                0x00008084        0x4 ../fpga_bsp/\libhal_bsp.a(alt_irq_entry.o)
 *(.exceptions.irqreturn.user)
 *(.exceptions.irqreturn)
 .exceptions.irqreturn
                0x00008088        0x4 ../fpga_bsp/\libhal_bsp.a(alt_irq_entry.o)
 *(.exceptions.notirq.label)
 .exceptions.notirq.label
                0x0000808c        0x0 ../fpga_bsp/\libhal_bsp.a(alt_irq_entry.o)
 *(.exceptions.notirq.user)
 *(.exceptions.notirq)
 .exceptions.notirq
                0x0000808c        0x8 ../fpga_bsp/\libhal_bsp.a(alt_exception_entry.o)
 *(.exceptions.soft.user)
 *(.exceptions.soft)
 *(.exceptions.unknown.user)
 *(.exceptions.unknown)
 .exceptions.unknown
                0x00008094        0x4 ../fpga_bsp/\libhal_bsp.a(alt_exception_entry.o)
 *(.exceptions.exit.label)
 .exceptions.exit.label
                0x00008098        0x0 ../fpga_bsp/\libhal_bsp.a(alt_irq_entry.o)
 .exceptions.exit.label
                0x00008098        0x0 ../fpga_bsp/\libhal_bsp.a(alt_exception_entry.o)
 *(.exceptions.exit.user)
 *(.exceptions.exit)
 .exceptions.exit
                0x00008098       0x54 ../fpga_bsp/\libhal_bsp.a(alt_exception_entry.o)
 *(.exceptions)
 .exceptions    0x000080ec       0xc8 ../fpga_bsp/\libhal_bsp.a(alt_irq_handler.o)
                0x000080ec                alt_irq_handler
                0x000081b4                PROVIDE (__ram_exceptions_end, ABSOLUTE (.))
                0x00008020                PROVIDE (__flash_exceptions_start, LOADADDR (.exceptions))

.text           0x000081b4     0x3c64
                0x000081b4                PROVIDE (stext, ABSOLUTE (.))
 *(.interp)
 *(.hash)
 *(.dynsym)
 *(.dynstr)
 *(.gnu.version)
 *(.gnu.version_d)
 *(.gnu.version_r)
 *(.rel.init)
 *(.rela.init)
 *(.rel.text .rel.text.* .rel.gnu.linkonce.t.*)
 *(.rela.text .rela.text.* .rela.gnu.linkonce.t.*)
 *(.rel.fini)
 *(.rela.fini)
 *(.rel.rodata .rel.rodata.* .rel.gnu.linkonce.r.*)
 *(.rela.rodata .rela.rodata.* .rela.gnu.linkonce.r.*)
 *(.rel.data .rel.data.* .rel.gnu.linkonce.d.*)
 *(.rela.data .rela.data.* .rela.gnu.linkonce.d.*)
 *(.rel.tdata .rel.tdata.* .rel.gnu.linkonce.td.*)
 *(.rela.tdata .rela.tdata.* .rela.gnu.linkonce.td.*)
 *(.rel.tbss .rel.tbss.* .rel.gnu.linkonce.tb.*)
 *(.rela.tbss .rela.tbss.* .rela.gnu.linkonce.tb.*)
 *(.rel.ctors)
 *(.rela.ctors)
 *(.rel.dtors)
 *(.rela.dtors)
 *(.rel.got)
 *(.rela.got)
 *(.rel.sdata .rel.sdata.* .rel.gnu.linkonce.s.*)
 *(.rela.sdata .rela.sdata.* .rela.gnu.linkonce.s.*)
 *(.rel.sbss .rel.sbss.* .rel.gnu.linkonce.sb.*)
 *(.rela.sbss .rela.sbss.* .rela.gnu.linkonce.sb.*)
 *(.rel.sdata2 .rel.sdata2.* .rel.gnu.linkonce.s2.*)
 *(.rela.sdata2 .rela.sdata2.* .rela.gnu.linkonce.s2.*)
 *(.rel.sbss2 .rel.sbss2.* .rel.gnu.linkonce.sb2.*)
 *(.rela.sbss2 .rela.sbss2.* .rela.gnu.linkonce.sb2.*)
 *(.rel.bss .rel.bss.* .rel.gnu.linkonce.b.*)
 *(.rela.bss .rela.bss.* .rela.gnu.linkonce.b.*)
 *(.rel.plt)
 *(.rela.plt)
 *(.rel.dyn)
 *(.init)
 *(.plt)
 *(.text .stub .text.* .gnu.linkonce.t.*)
 .text          0x000081b4       0x3c ../fpga_bsp//obj/HAL/src/crt0.o
                0x000081b4                _start
 .text          0x000081f0      0x30c obj/default/include/datetime.o
                0x000081f0                datetime_tick
                0x0000844c                is_alarm
 .text          0x000084fc      0x5e4 obj/default/include/lcd.o
                0x000087ec                lcd_init
                0x00008848                lcd_power_on
                0x00008884                lcd_show_datetime
 .text          0x00008ae0       0xb0 obj/default/include/timer_ctrl.o
                0x00008ae0                timer_init
                0x00008b64                timer_clear_timeout
 .text          0x00008b90      0x230 obj/default/include/uart.o
                0x00008b90                is_uart_available
                0x00008bc0                uart_send_char
                0x00008c08                uart_send_string
                0x00008c7c                uart_receive_char
                0x00008cb0                uart_receive_string
 .text          0x00008dc0      0xa3c obj/default/source.o
                0x00008dc0                Timer_IQR_Handler
                0x00008ec0                main
                0x0000978c                set_time
                0x000097c4                set_alarm
 .text          0x000097fc      0x14c c:/intel/nios2eds/bin/gnu/h-i686-mingw32/bin/../lib/gcc/nios2-elf/4.1.2/mno-hw-mul\libgcc.a(lib2-divmod.o)
                0x00009878                __divsi3
                0x000098d8                __modsi3
                0x00009938                __udivsi3
                0x00009940                __umodsi3
 .text          0x00009948       0x38 c:/intel/nios2eds/bin/gnu/h-i686-mingw32/bin/../lib/gcc/nios2-elf/4.1.2/mno-hw-mul\libgcc.a(lib2-mul.o)
                0x00009948                __mulsi3
 .text          0x00009980       0x98 c:/intel/nios2eds/bin/gnu/h-i686-mingw32/bin/../lib/gcc/nios2-elf/4.1.2/../../../../nios2-elf/lib/mno-hw-mul\libsmallc.a(lib_a-printf.o)
                0x00009980                printf
                0x000099d4                _printf_r
 .text          0x00009a18       0xa4 c:/intel/nios2eds/bin/gnu/h-i686-mingw32/bin/../lib/gcc/nios2-elf/4.1.2/../../../../nios2-elf/lib/mno-hw-mul\libsmallc.a(lib_a-puts.o)
                0x00009a18                _puts_r
                0x00009aa8                puts
 .text          0x00009abc       0x20 c:/intel/nios2eds/bin/gnu/h-i686-mingw32/bin/../lib/gcc/nios2-elf/4.1.2/../../../../nios2-elf/lib/mno-hw-mul\libsmallc.a(lib_a-strlen.o)
                0x00009abc                strlen
 .text          0x00009adc      0x740 c:/intel/nios2eds/bin/gnu/h-i686-mingw32/bin/../lib/gcc/nios2-elf/4.1.2/../../../../nios2-elf/lib/mno-hw-mul\libsmallc.a(lib_a-vfprintf.o)
                0x00009b5c                ___vfprintf_internal_r
                0x0000a1f8                __vfprintf_internal
 .text          0x0000a21c       0xbc c:/intel/nios2eds/bin/gnu/h-i686-mingw32/bin/../lib/gcc/nios2-elf/4.1.2/../../../../nios2-elf/lib/mno-hw-mul\libsmallc.a(lib_a-fvwrite_small_dev.o)
                0x0000a21c                __sfvwrite_small_dev
 .text          0x0000a2d8        0x0 c:/intel/nios2eds/bin/gnu/h-i686-mingw32/bin/../lib/gcc/nios2-elf/4.1.2/../../../../nios2-elf/lib/mno-hw-mul\libsmallc.a(lib_a-impure.o)
 .text          0x0000a2d8       0x78 c:/intel/nios2eds/bin/gnu/h-i686-mingw32/bin/../lib/gcc/nios2-elf/4.1.2/../../../../nios2-elf/lib/mno-hw-mul\libsmallc.a(lib_a-writer.o)
                0x0000a2d8                _write_r
 .text          0x0000a350        0x0 c:/intel/nios2eds/bin/gnu/h-i686-mingw32/bin/../lib/gcc/nios2-elf/4.1.2/../../../../nios2-elf/lib/mno-hw-mul\libsmallc.a(lib_a-int_errno.o)
 .text          0x0000a350      0x1d4 ../fpga_bsp/\libhal_bsp.a(alt_iic.o)
                0x0000a350                alt_ic_isr_register
                0x0000a3a0                alt_ic_irq_enable
                0x0000a43c                alt_ic_irq_disable
                0x0000a4dc                alt_ic_irq_enabled
 .text          0x0000a524       0xf8 ../fpga_bsp/\libhal_bsp.a(alt_iic_isr_register.o)
                0x0000a524                alt_iic_isr_register
 .text          0x0000a61c        0x0 ../fpga_bsp/\libhal_bsp.a(alt_irq_entry.o)
 .text          0x0000a61c        0x0 ../fpga_bsp/\libhal_bsp.a(alt_irq_handler.o)
 .text          0x0000a61c        0x0 ../fpga_bsp/\libhal_bsp.a(alt_irq_vars.o)
 .text          0x0000a61c       0xec ../fpga_bsp/\libhal_bsp.a(alt_load.o)
                0x0000a61c                alt_load
 .text          0x0000a708       0x6c ../fpga_bsp/\libhal_bsp.a(alt_main.o)
                0x0000a708                alt_main
 .text          0x0000a774      0x184 ../fpga_bsp/\libhal_bsp.a(alt_write.o)
                0x0000a774                write
 .text          0x0000a8f8       0xa8 ../fpga_bsp/\libhal_bsp.a(alt_sys_init.o)
                0x0000a8f8                alt_irq_init
                0x0000a92c                alt_sys_init
 .text          0x0000a9a0       0xb0 ../fpga_bsp/\libhal_bsp.a(altera_avalon_jtag_uart_fd.o)
                0x0000a9a0                altera_avalon_jtag_uart_read_fd
                0x0000a9f8                altera_avalon_jtag_uart_write_fd
 .text          0x0000aa50      0x104 ../fpga_bsp/\libhal_bsp.a(altera_avalon_jtag_uart_read.o)
                0x0000aa50                altera_avalon_jtag_uart_read
 .text          0x0000ab54       0xa4 ../fpga_bsp/\libhal_bsp.a(altera_avalon_jtag_uart_write.o)
                0x0000ab54                altera_avalon_jtag_uart_write
 .text          0x0000abf8       0xb0 ../fpga_bsp/\libhal_bsp.a(altera_avalon_uart_fd.o)
                0x0000abf8                altera_avalon_uart_read_fd
                0x0000ac50                altera_avalon_uart_write_fd
 .text          0x0000aca8      0x130 ../fpga_bsp/\libhal_bsp.a(altera_avalon_uart_read.o)
                0x0000aca8                altera_avalon_uart_read
 .text          0x0000add8      0x150 ../fpga_bsp/\libhal_bsp.a(altera_avalon_uart_write.o)
                0x0000add8                altera_avalon_uart_write
 .text          0x0000af28      0x160 ../fpga_bsp/\libhal_bsp.a(alt_close.o)
                0x0000af28                close
 .text          0x0000b088       0x1c ../fpga_bsp/\libhal_bsp.a(alt_dcache_flush_all.o)
                0x0000b088                alt_dcache_flush_all
 .text          0x0000b0a4       0x2c ../fpga_bsp/\libhal_bsp.a(alt_dev.o)
 .text          0x0000b0d0      0x114 ../fpga_bsp/\libhal_bsp.a(alt_dev_llist_insert.o)
                0x0000b0d0                alt_dev_llist_insert
 .text          0x0000b1e4       0x64 ../fpga_bsp/\libhal_bsp.a(alt_do_ctors.o)
                0x0000b1e4                _do_ctors
 .text          0x0000b248       0x64 ../fpga_bsp/\libhal_bsp.a(alt_do_dtors.o)
                0x0000b248                _do_dtors
 .text          0x0000b2ac        0x0 ../fpga_bsp/\libhal_bsp.a(alt_errno.o)
 .text          0x0000b2ac        0x0 ../fpga_bsp/\libhal_bsp.a(alt_exception_entry.o)
 .text          0x0000b2ac       0x1c ../fpga_bsp/\libhal_bsp.a(alt_icache_flush_all.o)
                0x0000b2ac                alt_icache_flush_all
 .text          0x0000b2c8      0x150 ../fpga_bsp/\libhal_bsp.a(alt_io_redirect.o)
                0x0000b3a0                alt_io_redirect
 .text          0x0000b418      0x2e4 ../fpga_bsp/\libhal_bsp.a(alt_open.o)
                0x0000b510                open
 .text          0x0000b6fc       0x78 ../fpga_bsp/\libhal_bsp.a(alt_release_fd.o)
                0x0000b6fc                alt_release_fd
 .text          0x0000b774       0x20 ../fpga_bsp/\libhal_bsp.a(altera_nios2_qsys_irq.o)
                0x0000b774                altera_nios2_qsys_irq_init
 .text          0x0000b794       0x94 ../fpga_bsp/\libhal_bsp.a(alt_find_dev.o)
                0x0000b794                alt_find_dev
 .text          0x0000b828      0x120 ../fpga_bsp/\libhal_bsp.a(alt_find_file.o)
                0x0000b828                alt_find_file
 .text          0x0000b948       0xd0 ../fpga_bsp/\libhal_bsp.a(alt_get_fd.o)
                0x0000b948                alt_get_fd
 .text          0x0000ba18       0x14 c:/intel/nios2eds/bin/gnu/h-i686-mingw32/bin/../lib/gcc/nios2-elf/4.1.2/../../../../nios2-elf/lib/mno-hw-mul\libsmallc.a(lib_a-atexit.o)
                0x0000ba18                atexit
 .text          0x0000ba2c       0x20 c:/intel/nios2eds/bin/gnu/h-i686-mingw32/bin/../lib/gcc/nios2-elf/4.1.2/../../../../nios2-elf/lib/mno-hw-mul\libsmallc.a(lib_a-exit.o)
                0x0000ba2c                exit
 .text          0x0000ba4c       0x3c c:/intel/nios2eds/bin/gnu/h-i686-mingw32/bin/../lib/gcc/nios2-elf/4.1.2/../../../../nios2-elf/lib/mno-hw-mul\libsmallc.a(lib_a-memcmp.o)
                0x0000ba4c                memcmp
 .text          0x0000ba88      0x16c c:/intel/nios2eds/bin/gnu/h-i686-mingw32/bin/../lib/gcc/nios2-elf/4.1.2/../../../../nios2-elf/lib/mno-hw-mul\libsmallc.a(lib_a-__atexit.o)
                0x0000ba88                __register_exitproc
 .text          0x0000bbf4      0x1c0 c:/intel/nios2eds/bin/gnu/h-i686-mingw32/bin/../lib/gcc/nios2-elf/4.1.2/../../../../nios2-elf/lib/mno-hw-mul\libsmallc.a(lib_a-__call_atexit.o)
                0x0000bbf8                __call_exitprocs
 .text          0x0000bdb4       0x60 ../fpga_bsp/\libhal_bsp.a(alt_exit.o)
                0x0000bdf4                _exit
 *(.gnu.warning.*)
 *(.fini)
                0x0000be14                PROVIDE (__etext, ABSOLUTE (.))
                0x0000be14                PROVIDE (_etext, ABSOLUTE (.))
                0x0000be14                PROVIDE (etext, ABSOLUTE (.))
 *(.eh_frame_hdr)
                0x0000be14                . = ALIGN (0x4)
                0x0000be14                PROVIDE (__preinit_array_start, ABSOLUTE (.))
 *(.preinit_array)
                0x0000be14                PROVIDE (__preinit_array_end, ABSOLUTE (.))
                0x0000be14                PROVIDE (__init_array_start, ABSOLUTE (.))
 *(.init_array)
                0x0000be14                PROVIDE (__init_array_end, ABSOLUTE (.))
                0x0000be14                PROVIDE (__fini_array_start, ABSOLUTE (.))
 *(.fini_array)
                0x0000be14                PROVIDE (__fini_array_end, ABSOLUTE (.))
 *(.eh_frame)
 *(.gcc_except_table)
 *(.dynamic)
                0x0000be14                PROVIDE (__CTOR_LIST__, ABSOLUTE (.))
 *(.ctors)
 *(SORT(.ctors.*))
 .ctors.65535   0x0000be14        0x4 c:/intel/nios2eds/bin/gnu/h-i686-mingw32/bin/../lib/gcc/nios2-elf/4.1.2/../../../../nios2-elf/lib/mno-hw-mul\libsmallc.a(lib_a-__call_atexit.o)
                0x0000be18                PROVIDE (__CTOR_END__, ABSOLUTE (.))
                0x0000be18                PROVIDE (__DTOR_LIST__, ABSOLUTE (.))
 *(.dtors)
 *(SORT(.dtors.*))
                0x0000be18                PROVIDE (__DTOR_END__, ABSOLUTE (.))
 *(.jcr)
                0x0000be18                . = ALIGN (0x4)

.rodata         0x0000be18      0x1e8
                0x0000be18                PROVIDE (__ram_rodata_start, ABSOLUTE (.))
                0x0000be18                . = ALIGN (0x4)
 *(.rodata .rodata.* .gnu.linkonce.r.*)
 .rodata        0x0000be18      0x1a4 obj/default/source.o
                0x0000be18                HEX_7SEG
 .rodata.str1.4
                0x0000bfbc        0x4 c:/intel/nios2eds/bin/gnu/h-i686-mingw32/bin/../lib/gcc/nios2-elf/4.1.2/../../../../nios2-elf/lib/mno-hw-mul\libsmallc.a(lib_a-puts.o)
 .rodata        0x0000bfc0       0x14 ../fpga_bsp/\libhal_bsp.a(alt_main.o)
 .rodata        0x0000bfd4       0x20 ../fpga_bsp/\libhal_bsp.a(alt_sys_init.o)
 .rodata        0x0000bff4        0xc ../fpga_bsp/\libhal_bsp.a(alt_dev.o)
 *(.rodata1)
                0x0000c000                . = ALIGN (0x4)
                0x0000c000                PROVIDE (__ram_rodata_end, ABSOLUTE (.))
                0x0000be18                PROVIDE (__flash_rodata_start, LOADADDR (.rodata))

.rwdata         0x0000c000      0x334 load address 0x0000c334
                0x0000c000                PROVIDE (__ram_rwdata_start, ABSOLUTE (.))
                0x0000c000                . = ALIGN (0x4)
 *(.got.plt)
 *(.got)
 *(.data1)
 *(.data .data.* .gnu.linkonce.d.*)
 .data          0x0000c000        0x0 ../fpga_bsp//obj/HAL/src/crt0.o
 .data          0x0000c000        0x0 obj/default/include/datetime.o
 .data          0x0000c000        0x0 obj/default/include/lcd.o
 .data          0x0000c000        0x0 obj/default/include/timer_ctrl.o
 .data          0x0000c000        0x0 obj/default/include/uart.o
 .data          0x0000c000       0x30 obj/default/source.o
 .data          0x0000c030        0x0 c:/intel/nios2eds/bin/gnu/h-i686-mingw32/bin/../lib/gcc/nios2-elf/4.1.2/mno-hw-mul\libgcc.a(lib2-divmod.o)
 .data          0x0000c030        0x0 c:/intel/nios2eds/bin/gnu/h-i686-mingw32/bin/../lib/gcc/nios2-elf/4.1.2/mno-hw-mul\libgcc.a(lib2-mul.o)
 .data          0x0000c030        0x0 c:/intel/nios2eds/bin/gnu/h-i686-mingw32/bin/../lib/gcc/nios2-elf/4.1.2/../../../../nios2-elf/lib/mno-hw-mul\libsmallc.a(lib_a-printf.o)
 .data          0x0000c030        0x0 c:/intel/nios2eds/bin/gnu/h-i686-mingw32/bin/../lib/gcc/nios2-elf/4.1.2/../../../../nios2-elf/lib/mno-hw-mul\libsmallc.a(lib_a-puts.o)
 .data          0x0000c030        0x0 c:/intel/nios2eds/bin/gnu/h-i686-mingw32/bin/../lib/gcc/nios2-elf/4.1.2/../../../../nios2-elf/lib/mno-hw-mul\libsmallc.a(lib_a-strlen.o)
 .data          0x0000c030        0x0 c:/intel/nios2eds/bin/gnu/h-i686-mingw32/bin/../lib/gcc/nios2-elf/4.1.2/../../../../nios2-elf/lib/mno-hw-mul\libsmallc.a(lib_a-vfprintf.o)
 .data          0x0000c030        0x0 c:/intel/nios2eds/bin/gnu/h-i686-mingw32/bin/../lib/gcc/nios2-elf/4.1.2/../../../../nios2-elf/lib/mno-hw-mul\libsmallc.a(lib_a-fvwrite_small_dev.o)
 .data          0x0000c030       0xe0 c:/intel/nios2eds/bin/gnu/h-i686-mingw32/bin/../lib/gcc/nios2-elf/4.1.2/../../../../nios2-elf/lib/mno-hw-mul\libsmallc.a(lib_a-impure.o)
 .data          0x0000c110        0x0 c:/intel/nios2eds/bin/gnu/h-i686-mingw32/bin/../lib/gcc/nios2-elf/4.1.2/../../../../nios2-elf/lib/mno-hw-mul\libsmallc.a(lib_a-writer.o)
 .data          0x0000c110        0x0 c:/intel/nios2eds/bin/gnu/h-i686-mingw32/bin/../lib/gcc/nios2-elf/4.1.2/../../../../nios2-elf/lib/mno-hw-mul\libsmallc.a(lib_a-int_errno.o)
 .data          0x0000c110        0x0 ../fpga_bsp/\libhal_bsp.a(alt_iic.o)
 .data          0x0000c110        0x0 ../fpga_bsp/\libhal_bsp.a(alt_iic_isr_register.o)
 .data          0x0000c110        0x0 ../fpga_bsp/\libhal_bsp.a(alt_irq_entry.o)
 .data          0x0000c110        0x0 ../fpga_bsp/\libhal_bsp.a(alt_irq_handler.o)
 .data          0x0000c110        0x0 ../fpga_bsp/\libhal_bsp.a(alt_irq_vars.o)
 .data          0x0000c110        0x0 ../fpga_bsp/\libhal_bsp.a(alt_load.o)
 .data          0x0000c110        0x0 ../fpga_bsp/\libhal_bsp.a(alt_main.o)
 .data          0x0000c110        0x0 ../fpga_bsp/\libhal_bsp.a(alt_write.o)
 .data          0x0000c110       0x58 ../fpga_bsp/\libhal_bsp.a(alt_sys_init.o)
 .data          0x0000c168        0x0 ../fpga_bsp/\libhal_bsp.a(altera_avalon_jtag_uart_fd.o)
 .data          0x0000c168        0x0 ../fpga_bsp/\libhal_bsp.a(altera_avalon_jtag_uart_read.o)
 .data          0x0000c168        0x0 ../fpga_bsp/\libhal_bsp.a(altera_avalon_jtag_uart_write.o)
 .data          0x0000c168        0x0 ../fpga_bsp/\libhal_bsp.a(altera_avalon_uart_fd.o)
 .data          0x0000c168        0x0 ../fpga_bsp/\libhal_bsp.a(altera_avalon_uart_read.o)
 .data          0x0000c168        0x0 ../fpga_bsp/\libhal_bsp.a(altera_avalon_uart_write.o)
 .data          0x0000c168        0x0 ../fpga_bsp/\libhal_bsp.a(alt_close.o)
 .data          0x0000c168        0x0 ../fpga_bsp/\libhal_bsp.a(alt_dcache_flush_all.o)
 .data          0x0000c168      0x1a8 ../fpga_bsp/\libhal_bsp.a(alt_dev.o)
                0x0000c168                alt_dev_null
                0x0000c190                alt_fd_list
 .data          0x0000c310        0x0 ../fpga_bsp/\libhal_bsp.a(alt_dev_llist_insert.o)
 .data          0x0000c310        0x0 ../fpga_bsp/\libhal_bsp.a(alt_do_ctors.o)
 .data          0x0000c310        0x0 ../fpga_bsp/\libhal_bsp.a(alt_do_dtors.o)
 .data          0x0000c310        0x0 ../fpga_bsp/\libhal_bsp.a(alt_errno.o)
 .data          0x0000c310        0x0 ../fpga_bsp/\libhal_bsp.a(alt_exception_entry.o)
 .data          0x0000c310        0x0 ../fpga_bsp/\libhal_bsp.a(alt_icache_flush_all.o)
 .data          0x0000c310        0x0 ../fpga_bsp/\libhal_bsp.a(alt_io_redirect.o)
 .data          0x0000c310        0x0 ../fpga_bsp/\libhal_bsp.a(alt_open.o)
 .data          0x0000c310        0x0 ../fpga_bsp/\libhal_bsp.a(alt_release_fd.o)
 .data          0x0000c310        0x0 ../fpga_bsp/\libhal_bsp.a(altera_nios2_qsys_irq.o)
 .data          0x0000c310        0x0 ../fpga_bsp/\libhal_bsp.a(alt_find_dev.o)
 .data          0x0000c310        0x0 ../fpga_bsp/\libhal_bsp.a(alt_find_file.o)
 .data          0x0000c310        0x0 ../fpga_bsp/\libhal_bsp.a(alt_get_fd.o)
 .data          0x0000c310        0x0 c:/intel/nios2eds/bin/gnu/h-i686-mingw32/bin/../lib/gcc/nios2-elf/4.1.2/../../../../nios2-elf/lib/mno-hw-mul\libsmallc.a(lib_a-atexit.o)
 .data          0x0000c310        0x0 c:/intel/nios2eds/bin/gnu/h-i686-mingw32/bin/../lib/gcc/nios2-elf/4.1.2/../../../../nios2-elf/lib/mno-hw-mul\libsmallc.a(lib_a-exit.o)
 .data          0x0000c310        0x0 c:/intel/nios2eds/bin/gnu/h-i686-mingw32/bin/../lib/gcc/nios2-elf/4.1.2/../../../../nios2-elf/lib/mno-hw-mul\libsmallc.a(lib_a-memcmp.o)
 .data          0x0000c310        0x0 c:/intel/nios2eds/bin/gnu/h-i686-mingw32/bin/../lib/gcc/nios2-elf/4.1.2/../../../../nios2-elf/lib/mno-hw-mul\libsmallc.a(lib_a-__atexit.o)
 .data          0x0000c310        0x0 c:/intel/nios2eds/bin/gnu/h-i686-mingw32/bin/../lib/gcc/nios2-elf/4.1.2/../../../../nios2-elf/lib/mno-hw-mul\libsmallc.a(lib_a-__call_atexit.o)
 .data          0x0000c310        0x0 ../fpga_bsp/\libhal_bsp.a(alt_exit.o)
                0x00014310                _gp = ABSOLUTE ((. + 0x8000))
                0x00014310                PROVIDE (gp, _gp)
 *(.rwdata .rwdata.*)
 *(.sdata .sdata.* .gnu.linkonce.s.*)
 .sdata         0x0000c310        0x8 c:/intel/nios2eds/bin/gnu/h-i686-mingw32/bin/../lib/gcc/nios2-elf/4.1.2/../../../../nios2-elf/lib/mno-hw-mul\libsmallc.a(lib_a-impure.o)
                0x0000c310                _impure_ptr
                0x0000c314                _global_impure_ptr
 .sdata         0x0000c318        0x4 ../fpga_bsp/\libhal_bsp.a(alt_irq_vars.o)
                0x0000c318                alt_priority_mask
 .sdata         0x0000c31c       0x14 ../fpga_bsp/\libhal_bsp.a(alt_dev.o)
                0x0000c31c                alt_fs_list
                0x0000c324                alt_dev_list
                0x0000c32c                alt_max_fd
 .sdata         0x0000c330        0x4 ../fpga_bsp/\libhal_bsp.a(alt_errno.o)
                0x0000c330                alt_errno
 *(.sdata2 .sdata2.* .gnu.linkonce.s2.*)
                0x0000c334                . = ALIGN (0x4)
                0x0000c334                _edata = ABSOLUTE (.)
                0x0000c334                PROVIDE (edata, ABSOLUTE (.))
                0x0000c334                PROVIDE (__ram_rwdata_end, ABSOLUTE (.))
                0x0000c334                PROVIDE (__flash_rwdata_start, LOADADDR (.rwdata))

.bss            0x0000c668      0x238
                0x0000c668                __bss_start = ABSOLUTE (.)
                0x0000c668                PROVIDE (__sbss_start, ABSOLUTE (.))
                0x0000c668                PROVIDE (___sbss_start, ABSOLUTE (.))
 *(.dynsbss)
 *(.sbss .sbss.* .gnu.linkonce.sb.*)
 .sbss          0x0000c668        0x4 obj/default/include/lcd.o
 .sbss          0x0000c66c       0x18 obj/default/source.o
                0x0000c678                count
                0x0000c67c                count_2
                0x0000c680                state
 .sbss          0x0000c684        0x4 c:/intel/nios2eds/bin/gnu/h-i686-mingw32/bin/../lib/gcc/nios2-elf/4.1.2/../../../../nios2-elf/lib/mno-hw-mul\libsmallc.a(lib_a-int_errno.o)
                0x0000c684                errno
 .sbss          0x0000c688        0x4 ../fpga_bsp/\libhal_bsp.a(alt_irq_vars.o)
                0x0000c688                alt_irq_active
 .sbss          0x0000c68c        0xc ../fpga_bsp/\libhal_bsp.a(alt_main.o)
                0x0000c68c                alt_argc
                0x0000c690                alt_argv
                0x0000c694                alt_envp
 *(.sbss2 .sbss2.* .gnu.linkonce.sb2.*)
 *(.scommon)
                0x0000c698                PROVIDE (__sbss_end, ABSOLUTE (.))
                0x0000c698                PROVIDE (___sbss_end, ABSOLUTE (.))
 *(.dynbss)
 *(.bss .bss.* .gnu.linkonce.b.*)
 .bss           0x0000c698        0x0 ../fpga_bsp//obj/HAL/src/crt0.o
 .bss           0x0000c698        0x0 obj/default/include/datetime.o
 .bss           0x0000c698       0x18 obj/default/include/lcd.o
 .bss           0x0000c6b0        0x0 obj/default/include/timer_ctrl.o
 .bss           0x0000c6b0        0x0 obj/default/include/uart.o
 .bss           0x0000c6b0       0x64 obj/default/source.o
 .bss           0x0000c714        0x0 c:/intel/nios2eds/bin/gnu/h-i686-mingw32/bin/../lib/gcc/nios2-elf/4.1.2/mno-hw-mul\libgcc.a(lib2-divmod.o)
 .bss           0x0000c714        0x0 c:/intel/nios2eds/bin/gnu/h-i686-mingw32/bin/../lib/gcc/nios2-elf/4.1.2/mno-hw-mul\libgcc.a(lib2-mul.o)
 .bss           0x0000c714        0x0 c:/intel/nios2eds/bin/gnu/h-i686-mingw32/bin/../lib/gcc/nios2-elf/4.1.2/../../../../nios2-elf/lib/mno-hw-mul\libsmallc.a(lib_a-printf.o)
 .bss           0x0000c714        0x0 c:/intel/nios2eds/bin/gnu/h-i686-mingw32/bin/../lib/gcc/nios2-elf/4.1.2/../../../../nios2-elf/lib/mno-hw-mul\libsmallc.a(lib_a-puts.o)
 .bss           0x0000c714        0x0 c:/intel/nios2eds/bin/gnu/h-i686-mingw32/bin/../lib/gcc/nios2-elf/4.1.2/../../../../nios2-elf/lib/mno-hw-mul\libsmallc.a(lib_a-strlen.o)
 .bss           0x0000c714        0x0 c:/intel/nios2eds/bin/gnu/h-i686-mingw32/bin/../lib/gcc/nios2-elf/4.1.2/../../../../nios2-elf/lib/mno-hw-mul\libsmallc.a(lib_a-vfprintf.o)
 .bss           0x0000c714        0x0 c:/intel/nios2eds/bin/gnu/h-i686-mingw32/bin/../lib/gcc/nios2-elf/4.1.2/../../../../nios2-elf/lib/mno-hw-mul\libsmallc.a(lib_a-fvwrite_small_dev.o)
 .bss           0x0000c714        0x0 c:/intel/nios2eds/bin/gnu/h-i686-mingw32/bin/../lib/gcc/nios2-elf/4.1.2/../../../../nios2-elf/lib/mno-hw-mul\libsmallc.a(lib_a-impure.o)
 .bss           0x0000c714        0x0 c:/intel/nios2eds/bin/gnu/h-i686-mingw32/bin/../lib/gcc/nios2-elf/4.1.2/../../../../nios2-elf/lib/mno-hw-mul\libsmallc.a(lib_a-writer.o)
 .bss           0x0000c714        0x0 c:/intel/nios2eds/bin/gnu/h-i686-mingw32/bin/../lib/gcc/nios2-elf/4.1.2/../../../../nios2-elf/lib/mno-hw-mul\libsmallc.a(lib_a-int_errno.o)
 .bss           0x0000c714        0x0 ../fpga_bsp/\libhal_bsp.a(alt_iic.o)
 .bss           0x0000c714        0x0 ../fpga_bsp/\libhal_bsp.a(alt_iic_isr_register.o)
 .bss           0x0000c714        0x0 ../fpga_bsp/\libhal_bsp.a(alt_irq_entry.o)
 .bss           0x0000c714        0x0 ../fpga_bsp/\libhal_bsp.a(alt_irq_handler.o)
 .bss           0x0000c714        0x0 ../fpga_bsp/\libhal_bsp.a(alt_irq_vars.o)
 .bss           0x0000c714        0x0 ../fpga_bsp/\libhal_bsp.a(alt_load.o)
 .bss           0x0000c714        0x0 ../fpga_bsp/\libhal_bsp.a(alt_main.o)
 .bss           0x0000c714        0x0 ../fpga_bsp/\libhal_bsp.a(alt_write.o)
 .bss           0x0000c714        0x0 ../fpga_bsp/\libhal_bsp.a(alt_sys_init.o)
 .bss           0x0000c714        0x0 ../fpga_bsp/\libhal_bsp.a(altera_avalon_jtag_uart_fd.o)
 .bss           0x0000c714        0x0 ../fpga_bsp/\libhal_bsp.a(altera_avalon_jtag_uart_read.o)
 .bss           0x0000c714        0x0 ../fpga_bsp/\libhal_bsp.a(altera_avalon_jtag_uart_write.o)
 .bss           0x0000c714        0x0 ../fpga_bsp/\libhal_bsp.a(altera_avalon_uart_fd.o)
 .bss           0x0000c714        0x0 ../fpga_bsp/\libhal_bsp.a(altera_avalon_uart_read.o)
 .bss           0x0000c714        0x0 ../fpga_bsp/\libhal_bsp.a(altera_avalon_uart_write.o)
 .bss           0x0000c714        0x0 ../fpga_bsp/\libhal_bsp.a(alt_close.o)
 .bss           0x0000c714        0x0 ../fpga_bsp/\libhal_bsp.a(alt_dcache_flush_all.o)
 .bss           0x0000c714        0x0 ../fpga_bsp/\libhal_bsp.a(alt_dev.o)
 .bss           0x0000c714        0x0 ../fpga_bsp/\libhal_bsp.a(alt_dev_llist_insert.o)
 .bss           0x0000c714        0x0 ../fpga_bsp/\libhal_bsp.a(alt_do_ctors.o)
 .bss           0x0000c714        0x0 ../fpga_bsp/\libhal_bsp.a(alt_do_dtors.o)
 .bss           0x0000c714        0x0 ../fpga_bsp/\libhal_bsp.a(alt_errno.o)
 .bss           0x0000c714        0x0 ../fpga_bsp/\libhal_bsp.a(alt_exception_entry.o)
 .bss           0x0000c714        0x0 ../fpga_bsp/\libhal_bsp.a(alt_icache_flush_all.o)
 .bss           0x0000c714        0x0 ../fpga_bsp/\libhal_bsp.a(alt_io_redirect.o)
 .bss           0x0000c714        0x0 ../fpga_bsp/\libhal_bsp.a(alt_open.o)
 .bss           0x0000c714        0x0 ../fpga_bsp/\libhal_bsp.a(alt_release_fd.o)
 .bss           0x0000c714        0x0 ../fpga_bsp/\libhal_bsp.a(altera_nios2_qsys_irq.o)
 .bss           0x0000c714        0x0 ../fpga_bsp/\libhal_bsp.a(alt_find_dev.o)
 .bss           0x0000c714        0x0 ../fpga_bsp/\libhal_bsp.a(alt_find_file.o)
 .bss           0x0000c714        0x0 ../fpga_bsp/\libhal_bsp.a(alt_get_fd.o)
 .bss           0x0000c714        0x0 c:/intel/nios2eds/bin/gnu/h-i686-mingw32/bin/../lib/gcc/nios2-elf/4.1.2/../../../../nios2-elf/lib/mno-hw-mul\libsmallc.a(lib_a-atexit.o)
 .bss           0x0000c714        0x0 c:/intel/nios2eds/bin/gnu/h-i686-mingw32/bin/../lib/gcc/nios2-elf/4.1.2/../../../../nios2-elf/lib/mno-hw-mul\libsmallc.a(lib_a-exit.o)
 .bss           0x0000c714        0x0 c:/intel/nios2eds/bin/gnu/h-i686-mingw32/bin/../lib/gcc/nios2-elf/4.1.2/../../../../nios2-elf/lib/mno-hw-mul\libsmallc.a(lib_a-memcmp.o)
 .bss           0x0000c714        0x0 c:/intel/nios2eds/bin/gnu/h-i686-mingw32/bin/../lib/gcc/nios2-elf/4.1.2/../../../../nios2-elf/lib/mno-hw-mul\libsmallc.a(lib_a-__atexit.o)
 .bss           0x0000c714        0x0 c:/intel/nios2eds/bin/gnu/h-i686-mingw32/bin/../lib/gcc/nios2-elf/4.1.2/../../../../nios2-elf/lib/mno-hw-mul\libsmallc.a(lib_a-__call_atexit.o)
 .bss           0x0000c714        0x0 ../fpga_bsp/\libhal_bsp.a(alt_exit.o)
 *(COMMON)
 COMMON         0x0000c714      0x100 ../fpga_bsp/\libhal_bsp.a(alt_irq_handler.o)
                0x0000c714                alt_irq
 COMMON         0x0000c814       0x8c c:/intel/nios2eds/bin/gnu/h-i686-mingw32/bin/../lib/gcc/nios2-elf/4.1.2/../../../../nios2-elf/lib/mno-hw-mul\libsmallc.a(lib_a-atexit.o)
                0x0000c814                _atexit0
                0x0000c8a0                . = ALIGN (0x4)
                0x0000c8a0                __bss_end = ABSOLUTE (.)

.onchip_memory2_0
                0x0000c8a0        0x0
                0x0000c8a0                PROVIDE (_alt_partition_onchip_memory2_0_start, ABSOLUTE (.))
 *(.onchip_memory2_0. onchip_memory2_0.*)
                0x0000c8a0                . = ALIGN (0x4)
                0x0000c8a0                PROVIDE (_alt_partition_onchip_memory2_0_end, ABSOLUTE (.))
                0x0000c8a0                _end = ABSOLUTE (.)
                0x0000c8a0                end = ABSOLUTE (.)
                0x0000c8a0                __alt_stack_base = ABSOLUTE (.)
                0x0000c8a0                PROVIDE (_alt_partition_onchip_memory2_0_load_addr, LOADADDR (.onchip_memory2_0))

.stab
 *(.stab)

.stabstr
 *(.stabstr)

.stab.excl
 *(.stab.excl)

.stab.exclstr
 *(.stab.exclstr)

.stab.index
 *(.stab.index)

.stab.indexstr
 *(.stab.indexstr)

.comment        0x00000000       0x26
 *(.comment)
 .comment       0x00000000       0x26 obj/default/include/datetime.o
                                 0x27 (size before relaxing)
 .comment       0x00000000       0x27 obj/default/include/lcd.o
 .comment       0x00000000       0x27 obj/default/include/timer_ctrl.o
 .comment       0x00000000       0x27 obj/default/include/uart.o
 .comment       0x00000000       0x27 obj/default/source.o
 .comment       0x00000000       0x27 c:/intel/nios2eds/bin/gnu/h-i686-mingw32/bin/../lib/gcc/nios2-elf/4.1.2/mno-hw-mul\libgcc.a(lib2-divmod.o)
 .comment       0x00000000       0x27 c:/intel/nios2eds/bin/gnu/h-i686-mingw32/bin/../lib/gcc/nios2-elf/4.1.2/mno-hw-mul\libgcc.a(lib2-mul.o)
 .comment       0x00000000       0x27 c:/intel/nios2eds/bin/gnu/h-i686-mingw32/bin/../lib/gcc/nios2-elf/4.1.2/../../../../nios2-elf/lib/mno-hw-mul\libsmallc.a(lib_a-printf.o)
 .comment       0x00000000       0x27 c:/intel/nios2eds/bin/gnu/h-i686-mingw32/bin/../lib/gcc/nios2-elf/4.1.2/../../../../nios2-elf/lib/mno-hw-mul\libsmallc.a(lib_a-puts.o)
 .comment       0x00000000       0x27 c:/intel/nios2eds/bin/gnu/h-i686-mingw32/bin/../lib/gcc/nios2-elf/4.1.2/../../../../nios2-elf/lib/mno-hw-mul\libsmallc.a(lib_a-strlen.o)
 .comment       0x00000000       0x27 c:/intel/nios2eds/bin/gnu/h-i686-mingw32/bin/../lib/gcc/nios2-elf/4.1.2/../../../../nios2-elf/lib/mno-hw-mul\libsmallc.a(lib_a-vfprintf.o)
 .comment       0x00000000       0x27 c:/intel/nios2eds/bin/gnu/h-i686-mingw32/bin/../lib/gcc/nios2-elf/4.1.2/../../../../nios2-elf/lib/mno-hw-mul\libsmallc.a(lib_a-fvwrite_small_dev.o)
 .comment       0x00000000       0x27 c:/intel/nios2eds/bin/gnu/h-i686-mingw32/bin/../lib/gcc/nios2-elf/4.1.2/../../../../nios2-elf/lib/mno-hw-mul\libsmallc.a(lib_a-impure.o)
 .comment       0x00000000       0x27 c:/intel/nios2eds/bin/gnu/h-i686-mingw32/bin/../lib/gcc/nios2-elf/4.1.2/../../../../nios2-elf/lib/mno-hw-mul\libsmallc.a(lib_a-writer.o)
 .comment       0x00000000       0x27 c:/intel/nios2eds/bin/gnu/h-i686-mingw32/bin/../lib/gcc/nios2-elf/4.1.2/../../../../nios2-elf/lib/mno-hw-mul\libsmallc.a(lib_a-int_errno.o)
 .comment       0x00000000       0x27 ../fpga_bsp/\libhal_bsp.a(alt_iic.o)
 .comment       0x00000000       0x27 ../fpga_bsp/\libhal_bsp.a(alt_iic_isr_register.o)
 .comment       0x00000000       0x27 ../fpga_bsp/\libhal_bsp.a(alt_irq_handler.o)
 .comment       0x00000000       0x27 ../fpga_bsp/\libhal_bsp.a(alt_irq_vars.o)
 .comment       0x00000000       0x27 ../fpga_bsp/\libhal_bsp.a(alt_load.o)
 .comment       0x00000000       0x27 ../fpga_bsp/\libhal_bsp.a(alt_main.o)
 .comment       0x00000000       0x27 ../fpga_bsp/\libhal_bsp.a(alt_write.o)
 .comment       0x00000000       0x27 ../fpga_bsp/\libhal_bsp.a(alt_sys_init.o)
 .comment       0x00000000       0x27 ../fpga_bsp/\libhal_bsp.a(altera_avalon_jtag_uart_fd.o)
 .comment       0x00000000       0x27 ../fpga_bsp/\libhal_bsp.a(altera_avalon_jtag_uart_read.o)
 .comment       0x00000000       0x27 ../fpga_bsp/\libhal_bsp.a(altera_avalon_jtag_uart_write.o)
 .comment       0x00000000       0x27 ../fpga_bsp/\libhal_bsp.a(altera_avalon_uart_fd.o)
 .comment       0x00000000       0x27 ../fpga_bsp/\libhal_bsp.a(altera_avalon_uart_read.o)
 .comment       0x00000000       0x27 ../fpga_bsp/\libhal_bsp.a(altera_avalon_uart_write.o)
 .comment       0x00000000       0x27 ../fpga_bsp/\libhal_bsp.a(alt_close.o)
 .comment       0x00000000       0x27 ../fpga_bsp/\libhal_bsp.a(alt_dcache_flush_all.o)
 .comment       0x00000000       0x27 ../fpga_bsp/\libhal_bsp.a(alt_dev.o)
 .comment       0x00000000       0x27 ../fpga_bsp/\libhal_bsp.a(alt_dev_llist_insert.o)
 .comment       0x00000000       0x27 ../fpga_bsp/\libhal_bsp.a(alt_do_ctors.o)
 .comment       0x00000000       0x27 ../fpga_bsp/\libhal_bsp.a(alt_do_dtors.o)
 .comment       0x00000000       0x27 ../fpga_bsp/\libhal_bsp.a(alt_errno.o)
 .comment       0x00000000       0x27 ../fpga_bsp/\libhal_bsp.a(alt_icache_flush_all.o)
 .comment       0x00000000       0x27 ../fpga_bsp/\libhal_bsp.a(alt_io_redirect.o)
 .comment       0x00000000       0x27 ../fpga_bsp/\libhal_bsp.a(alt_open.o)
 .comment       0x00000000       0x27 ../fpga_bsp/\libhal_bsp.a(alt_release_fd.o)
 .comment       0x00000000       0x27 ../fpga_bsp/\libhal_bsp.a(altera_nios2_qsys_irq.o)
 .comment       0x00000000       0x27 ../fpga_bsp/\libhal_bsp.a(alt_find_dev.o)
 .comment       0x00000000       0x27 ../fpga_bsp/\libhal_bsp.a(alt_find_file.o)
 .comment       0x00000000       0x27 ../fpga_bsp/\libhal_bsp.a(alt_get_fd.o)
 .comment       0x00000000       0x27 c:/intel/nios2eds/bin/gnu/h-i686-mingw32/bin/../lib/gcc/nios2-elf/4.1.2/../../../../nios2-elf/lib/mno-hw-mul\libsmallc.a(lib_a-atexit.o)
 .comment       0x00000000       0x27 c:/intel/nios2eds/bin/gnu/h-i686-mingw32/bin/../lib/gcc/nios2-elf/4.1.2/../../../../nios2-elf/lib/mno-hw-mul\libsmallc.a(lib_a-exit.o)
 .comment       0x00000000       0x27 c:/intel/nios2eds/bin/gnu/h-i686-mingw32/bin/../lib/gcc/nios2-elf/4.1.2/../../../../nios2-elf/lib/mno-hw-mul\libsmallc.a(lib_a-memcmp.o)
 .comment       0x00000000       0x27 c:/intel/nios2eds/bin/gnu/h-i686-mingw32/bin/../lib/gcc/nios2-elf/4.1.2/../../../../nios2-elf/lib/mno-hw-mul\libsmallc.a(lib_a-__atexit.o)
 .comment       0x00000000       0x27 c:/intel/nios2eds/bin/gnu/h-i686-mingw32/bin/../lib/gcc/nios2-elf/4.1.2/../../../../nios2-elf/lib/mno-hw-mul\libsmallc.a(lib_a-__call_atexit.o)
 .comment       0x00000000       0x27 ../fpga_bsp/\libhal_bsp.a(alt_exit.o)

.debug
 *(.debug)

.line
 *(.line)

.debug_srcinfo
 *(.debug_srcinfo)

.debug_sfnames
 *(.debug_sfnames)

.debug_aranges  0x00000000      0x658
 *(.debug_aranges)
 .debug_aranges
                0x00000000       0x28 ../fpga_bsp//obj/HAL/src/crt0.o
 .debug_aranges
                0x00000028       0x20 obj/default/include/datetime.o
 .debug_aranges
                0x00000048       0x20 obj/default/include/lcd.o
 .debug_aranges
                0x00000068       0x20 obj/default/include/timer_ctrl.o
 .debug_aranges
                0x00000088       0x20 obj/default/include/uart.o
 .debug_aranges
                0x000000a8       0x20 obj/default/source.o
 .debug_aranges
                0x000000c8       0x20 c:/intel/nios2eds/bin/gnu/h-i686-mingw32/bin/../lib/gcc/nios2-elf/4.1.2/mno-hw-mul\libgcc.a(lib2-divmod.o)
 .debug_aranges
                0x000000e8       0x20 c:/intel/nios2eds/bin/gnu/h-i686-mingw32/bin/../lib/gcc/nios2-elf/4.1.2/mno-hw-mul\libgcc.a(lib2-mul.o)
 .debug_aranges
                0x00000108       0x20 c:/intel/nios2eds/bin/gnu/h-i686-mingw32/bin/../lib/gcc/nios2-elf/4.1.2/../../../../nios2-elf/lib/mno-hw-mul\libsmallc.a(lib_a-printf.o)
 .debug_aranges
                0x00000128       0x20 c:/intel/nios2eds/bin/gnu/h-i686-mingw32/bin/../lib/gcc/nios2-elf/4.1.2/../../../../nios2-elf/lib/mno-hw-mul\libsmallc.a(lib_a-puts.o)
 .debug_aranges
                0x00000148       0x20 c:/intel/nios2eds/bin/gnu/h-i686-mingw32/bin/../lib/gcc/nios2-elf/4.1.2/../../../../nios2-elf/lib/mno-hw-mul\libsmallc.a(lib_a-strlen.o)
 .debug_aranges
                0x00000168       0x20 c:/intel/nios2eds/bin/gnu/h-i686-mingw32/bin/../lib/gcc/nios2-elf/4.1.2/../../../../nios2-elf/lib/mno-hw-mul\libsmallc.a(lib_a-vfprintf.o)
 .debug_aranges
                0x00000188       0x20 c:/intel/nios2eds/bin/gnu/h-i686-mingw32/bin/../lib/gcc/nios2-elf/4.1.2/../../../../nios2-elf/lib/mno-hw-mul\libsmallc.a(lib_a-fvwrite_small_dev.o)
 .debug_aranges
                0x000001a8       0x20 c:/intel/nios2eds/bin/gnu/h-i686-mingw32/bin/../lib/gcc/nios2-elf/4.1.2/../../../../nios2-elf/lib/mno-hw-mul\libsmallc.a(lib_a-writer.o)
 .debug_aranges
                0x000001c8       0x20 ../fpga_bsp/\libhal_bsp.a(alt_iic.o)
 .debug_aranges
                0x000001e8       0x20 ../fpga_bsp/\libhal_bsp.a(alt_iic_isr_register.o)
 .debug_aranges
                0x00000208       0x30 ../fpga_bsp/\libhal_bsp.a(alt_irq_entry.o)
 .debug_aranges
                0x00000238       0x28 ../fpga_bsp/\libhal_bsp.a(alt_irq_handler.o)
 .debug_aranges
                0x00000260       0x20 ../fpga_bsp/\libhal_bsp.a(alt_load.o)
 .debug_aranges
                0x00000280       0x20 ../fpga_bsp/\libhal_bsp.a(alt_main.o)
 .debug_aranges
                0x000002a0       0x20 ../fpga_bsp/\libhal_bsp.a(alt_write.o)
 .debug_aranges
                0x000002c0       0x20 ../fpga_bsp/\libhal_bsp.a(alt_sys_init.o)
 .debug_aranges
                0x000002e0       0x20 ../fpga_bsp/\libhal_bsp.a(altera_avalon_jtag_uart_fd.o)
 .debug_aranges
                0x00000300       0x20 ../fpga_bsp/\libhal_bsp.a(altera_avalon_jtag_uart_read.o)
 .debug_aranges
                0x00000320       0x20 ../fpga_bsp/\libhal_bsp.a(altera_avalon_jtag_uart_write.o)
 .debug_aranges
                0x00000340       0x20 ../fpga_bsp/\libhal_bsp.a(altera_avalon_uart_fd.o)
 .debug_aranges
                0x00000360       0x20 ../fpga_bsp/\libhal_bsp.a(altera_avalon_uart_read.o)
 .debug_aranges
                0x00000380       0x20 ../fpga_bsp/\libhal_bsp.a(altera_avalon_uart_write.o)
 .debug_aranges
                0x000003a0       0x20 ../fpga_bsp/\libhal_bsp.a(alt_close.o)
 .debug_aranges
                0x000003c0       0x20 ../fpga_bsp/\libhal_bsp.a(alt_dcache_flush_all.o)
 .debug_aranges
                0x000003e0       0x20 ../fpga_bsp/\libhal_bsp.a(alt_dev.o)
 .debug_aranges
                0x00000400       0x20 ../fpga_bsp/\libhal_bsp.a(alt_dev_llist_insert.o)
 .debug_aranges
                0x00000420       0x20 ../fpga_bsp/\libhal_bsp.a(alt_do_ctors.o)
 .debug_aranges
                0x00000440       0x20 ../fpga_bsp/\libhal_bsp.a(alt_do_dtors.o)
 .debug_aranges
                0x00000460       0x38 ../fpga_bsp/\libhal_bsp.a(alt_exception_entry.o)
 .debug_aranges
                0x00000498       0x20 ../fpga_bsp/\libhal_bsp.a(alt_icache_flush_all.o)
 .debug_aranges
                0x000004b8       0x20 ../fpga_bsp/\libhal_bsp.a(alt_io_redirect.o)
 .debug_aranges
                0x000004d8       0x20 ../fpga_bsp/\libhal_bsp.a(alt_open.o)
 .debug_aranges
                0x000004f8       0x20 ../fpga_bsp/\libhal_bsp.a(alt_release_fd.o)
 .debug_aranges
                0x00000518       0x20 ../fpga_bsp/\libhal_bsp.a(altera_nios2_qsys_irq.o)
 .debug_aranges
                0x00000538       0x20 ../fpga_bsp/\libhal_bsp.a(alt_find_dev.o)
 .debug_aranges
                0x00000558       0x20 ../fpga_bsp/\libhal_bsp.a(alt_find_file.o)
 .debug_aranges
                0x00000578       0x20 ../fpga_bsp/\libhal_bsp.a(alt_get_fd.o)
 .debug_aranges
                0x00000598       0x20 c:/intel/nios2eds/bin/gnu/h-i686-mingw32/bin/../lib/gcc/nios2-elf/4.1.2/../../../../nios2-elf/lib/mno-hw-mul\libsmallc.a(lib_a-atexit.o)
 .debug_aranges
                0x000005b8       0x20 c:/intel/nios2eds/bin/gnu/h-i686-mingw32/bin/../lib/gcc/nios2-elf/4.1.2/../../../../nios2-elf/lib/mno-hw-mul\libsmallc.a(lib_a-exit.o)
 .debug_aranges
                0x000005d8       0x20 c:/intel/nios2eds/bin/gnu/h-i686-mingw32/bin/../lib/gcc/nios2-elf/4.1.2/../../../../nios2-elf/lib/mno-hw-mul\libsmallc.a(lib_a-memcmp.o)
 .debug_aranges
                0x000005f8       0x20 c:/intel/nios2eds/bin/gnu/h-i686-mingw32/bin/../lib/gcc/nios2-elf/4.1.2/../../../../nios2-elf/lib/mno-hw-mul\libsmallc.a(lib_a-__atexit.o)
 .debug_aranges
                0x00000618       0x20 c:/intel/nios2eds/bin/gnu/h-i686-mingw32/bin/../lib/gcc/nios2-elf/4.1.2/../../../../nios2-elf/lib/mno-hw-mul\libsmallc.a(lib_a-__call_atexit.o)
 .debug_aranges
                0x00000638       0x20 ../fpga_bsp/\libhal_bsp.a(alt_exit.o)

.debug_pubnames
                0x00000000      0x9ba
 *(.debug_pubnames)
 .debug_pubnames
                0x00000000       0x31 obj/default/include/datetime.o
 .debug_pubnames
                0x00000031       0x46 obj/default/include/lcd.o
 .debug_pubnames
                0x00000077       0x39 obj/default/include/timer_ctrl.o
 .debug_pubnames
                0x000000b0       0x7e obj/default/include/uart.o
 .debug_pubnames
                0x0000012e       0x79 obj/default/source.o
 .debug_pubnames
                0x000001a7       0x48 c:/intel/nios2eds/bin/gnu/h-i686-mingw32/bin/../lib/gcc/nios2-elf/4.1.2/mno-hw-mul\libgcc.a(lib2-divmod.o)
 .debug_pubnames
                0x000001ef       0x1f c:/intel/nios2eds/bin/gnu/h-i686-mingw32/bin/../lib/gcc/nios2-elf/4.1.2/mno-hw-mul\libgcc.a(lib2-mul.o)
 .debug_pubnames
                0x0000020e       0x2b c:/intel/nios2eds/bin/gnu/h-i686-mingw32/bin/../lib/gcc/nios2-elf/4.1.2/../../../../nios2-elf/lib/mno-hw-mul\libsmallc.a(lib_a-printf.o)
 .debug_pubnames
                0x00000239       0x27 c:/intel/nios2eds/bin/gnu/h-i686-mingw32/bin/../lib/gcc/nios2-elf/4.1.2/../../../../nios2-elf/lib/mno-hw-mul\libsmallc.a(lib_a-puts.o)
 .debug_pubnames
                0x00000260       0x1d c:/intel/nios2eds/bin/gnu/h-i686-mingw32/bin/../lib/gcc/nios2-elf/4.1.2/../../../../nios2-elf/lib/mno-hw-mul\libsmallc.a(lib_a-strlen.o)
 .debug_pubnames
                0x0000027d       0x45 c:/intel/nios2eds/bin/gnu/h-i686-mingw32/bin/../lib/gcc/nios2-elf/4.1.2/../../../../nios2-elf/lib/mno-hw-mul\libsmallc.a(lib_a-vfprintf.o)
 .debug_pubnames
                0x000002c2       0x2b c:/intel/nios2eds/bin/gnu/h-i686-mingw32/bin/../lib/gcc/nios2-elf/4.1.2/../../../../nios2-elf/lib/mno-hw-mul\libsmallc.a(lib_a-fvwrite_small_dev.o)
 .debug_pubnames
                0x000002ed       0x39 c:/intel/nios2eds/bin/gnu/h-i686-mingw32/bin/../lib/gcc/nios2-elf/4.1.2/../../../../nios2-elf/lib/mno-hw-mul\libsmallc.a(lib_a-impure.o)
 .debug_pubnames
                0x00000326       0x1f c:/intel/nios2eds/bin/gnu/h-i686-mingw32/bin/../lib/gcc/nios2-elf/4.1.2/../../../../nios2-elf/lib/mno-hw-mul\libsmallc.a(lib_a-writer.o)
 .debug_pubnames
                0x00000345       0x1c c:/intel/nios2eds/bin/gnu/h-i686-mingw32/bin/../lib/gcc/nios2-elf/4.1.2/../../../../nios2-elf/lib/mno-hw-mul\libsmallc.a(lib_a-int_errno.o)
 .debug_pubnames
                0x00000361       0x6e ../fpga_bsp/\libhal_bsp.a(alt_iic.o)
 .debug_pubnames
                0x000003cf       0x2b ../fpga_bsp/\libhal_bsp.a(alt_iic_isr_register.o)
 .debug_pubnames
                0x000003fa       0x32 ../fpga_bsp/\libhal_bsp.a(alt_irq_handler.o)
 .debug_pubnames
                0x0000042c       0x3b ../fpga_bsp/\libhal_bsp.a(alt_irq_vars.o)
 .debug_pubnames
                0x00000467       0x1f ../fpga_bsp/\libhal_bsp.a(alt_load.o)
 .debug_pubnames
                0x00000486       0x46 ../fpga_bsp/\libhal_bsp.a(alt_main.o)
 .debug_pubnames
                0x000004cc       0x1c ../fpga_bsp/\libhal_bsp.a(alt_write.o)
 .debug_pubnames
                0x000004e8       0x34 ../fpga_bsp/\libhal_bsp.a(alt_sys_init.o)
 .debug_pubnames
                0x0000051c       0x5b ../fpga_bsp/\libhal_bsp.a(altera_avalon_jtag_uart_fd.o)
 .debug_pubnames
                0x00000577       0x33 ../fpga_bsp/\libhal_bsp.a(altera_avalon_jtag_uart_read.o)
 .debug_pubnames
                0x000005aa       0x34 ../fpga_bsp/\libhal_bsp.a(altera_avalon_jtag_uart_write.o)
 .debug_pubnames
                0x000005de       0x51 ../fpga_bsp/\libhal_bsp.a(altera_avalon_uart_fd.o)
 .debug_pubnames
                0x0000062f       0x2e ../fpga_bsp/\libhal_bsp.a(altera_avalon_uart_read.o)
 .debug_pubnames
                0x0000065d       0x2f ../fpga_bsp/\libhal_bsp.a(altera_avalon_uart_write.o)
 .debug_pubnames
                0x0000068c       0x1c ../fpga_bsp/\libhal_bsp.a(alt_close.o)
 .debug_pubnames
                0x000006a8       0x2b ../fpga_bsp/\libhal_bsp.a(alt_dcache_flush_all.o)
 .debug_pubnames
                0x000006d3       0x63 ../fpga_bsp/\libhal_bsp.a(alt_dev.o)
 .debug_pubnames
                0x00000736       0x2b ../fpga_bsp/\libhal_bsp.a(alt_dev_llist_insert.o)
 .debug_pubnames
                0x00000761       0x20 ../fpga_bsp/\libhal_bsp.a(alt_do_ctors.o)
 .debug_pubnames
                0x00000781       0x20 ../fpga_bsp/\libhal_bsp.a(alt_do_dtors.o)
 .debug_pubnames
                0x000007a1       0x20 ../fpga_bsp/\libhal_bsp.a(alt_errno.o)
 .debug_pubnames
                0x000007c1       0x2b ../fpga_bsp/\libhal_bsp.a(alt_icache_flush_all.o)
 .debug_pubnames
                0x000007ec       0x26 ../fpga_bsp/\libhal_bsp.a(alt_io_redirect.o)
 .debug_pubnames
                0x00000812       0x1b ../fpga_bsp/\libhal_bsp.a(alt_open.o)
 .debug_pubnames
                0x0000082d       0x25 ../fpga_bsp/\libhal_bsp.a(alt_release_fd.o)
 .debug_pubnames
                0x00000852       0x31 ../fpga_bsp/\libhal_bsp.a(altera_nios2_qsys_irq.o)
 .debug_pubnames
                0x00000883       0x23 ../fpga_bsp/\libhal_bsp.a(alt_find_dev.o)
 .debug_pubnames
                0x000008a6       0x24 ../fpga_bsp/\libhal_bsp.a(alt_find_file.o)
 .debug_pubnames
                0x000008ca       0x21 ../fpga_bsp/\libhal_bsp.a(alt_get_fd.o)
 .debug_pubnames
                0x000008eb       0x2a c:/intel/nios2eds/bin/gnu/h-i686-mingw32/bin/../lib/gcc/nios2-elf/4.1.2/../../../../nios2-elf/lib/mno-hw-mul\libsmallc.a(lib_a-atexit.o)
 .debug_pubnames
                0x00000915       0x1b c:/intel/nios2eds/bin/gnu/h-i686-mingw32/bin/../lib/gcc/nios2-elf/4.1.2/../../../../nios2-elf/lib/mno-hw-mul\libsmallc.a(lib_a-exit.o)
 .debug_pubnames
                0x00000930       0x1d c:/intel/nios2eds/bin/gnu/h-i686-mingw32/bin/../lib/gcc/nios2-elf/4.1.2/../../../../nios2-elf/lib/mno-hw-mul\libsmallc.a(lib_a-memcmp.o)
 .debug_pubnames
                0x0000094d       0x2a c:/intel/nios2eds/bin/gnu/h-i686-mingw32/bin/../lib/gcc/nios2-elf/4.1.2/../../../../nios2-elf/lib/mno-hw-mul\libsmallc.a(lib_a-__atexit.o)
 .debug_pubnames
                0x00000977       0x27 c:/intel/nios2eds/bin/gnu/h-i686-mingw32/bin/../lib/gcc/nios2-elf/4.1.2/../../../../nios2-elf/lib/mno-hw-mul\libsmallc.a(lib_a-__call_atexit.o)
 .debug_pubnames
                0x0000099e       0x1c ../fpga_bsp/\libhal_bsp.a(alt_exit.o)

.debug_info     0x00000000     0xafb8
 *(.debug_info .gnu.linkonce.wi.*)
 .debug_info    0x00000000       0x52 ../fpga_bsp//obj/HAL/src/crt0.o
 .debug_info    0x00000052      0x18e obj/default/include/datetime.o
 .debug_info    0x000001e0      0x360 obj/default/include/lcd.o
 .debug_info    0x00000540      0x15b obj/default/include/timer_ctrl.o
 .debug_info    0x0000069b      0x248 obj/default/include/uart.o
 .debug_info    0x000008e3      0x495 obj/default/source.o
 .debug_info    0x00000d78      0x21c c:/intel/nios2eds/bin/gnu/h-i686-mingw32/bin/../lib/gcc/nios2-elf/4.1.2/mno-hw-mul\libgcc.a(lib2-divmod.o)
 .debug_info    0x00000f94       0xf3 c:/intel/nios2eds/bin/gnu/h-i686-mingw32/bin/../lib/gcc/nios2-elf/4.1.2/mno-hw-mul\libgcc.a(lib2-mul.o)
 .debug_info    0x00001087      0x6c8 c:/intel/nios2eds/bin/gnu/h-i686-mingw32/bin/../lib/gcc/nios2-elf/4.1.2/../../../../nios2-elf/lib/mno-hw-mul\libsmallc.a(lib_a-printf.o)
 .debug_info    0x0000174f      0x685 c:/intel/nios2eds/bin/gnu/h-i686-mingw32/bin/../lib/gcc/nios2-elf/4.1.2/../../../../nios2-elf/lib/mno-hw-mul\libsmallc.a(lib_a-puts.o)
 .debug_info    0x00001dd4       0xc2 c:/intel/nios2eds/bin/gnu/h-i686-mingw32/bin/../lib/gcc/nios2-elf/4.1.2/../../../../nios2-elf/lib/mno-hw-mul\libsmallc.a(lib_a-strlen.o)
 .debug_info    0x00001e96      0x9b6 c:/intel/nios2eds/bin/gnu/h-i686-mingw32/bin/../lib/gcc/nios2-elf/4.1.2/../../../../nios2-elf/lib/mno-hw-mul\libsmallc.a(lib_a-vfprintf.o)
 .debug_info    0x0000284c      0x68e c:/intel/nios2eds/bin/gnu/h-i686-mingw32/bin/../lib/gcc/nios2-elf/4.1.2/../../../../nios2-elf/lib/mno-hw-mul\libsmallc.a(lib_a-fvwrite_small_dev.o)
 .debug_info    0x00002eda      0x636 c:/intel/nios2eds/bin/gnu/h-i686-mingw32/bin/../lib/gcc/nios2-elf/4.1.2/../../../../nios2-elf/lib/mno-hw-mul\libsmallc.a(lib_a-impure.o)
 .debug_info    0x00003510      0x68c c:/intel/nios2eds/bin/gnu/h-i686-mingw32/bin/../lib/gcc/nios2-elf/4.1.2/../../../../nios2-elf/lib/mno-hw-mul\libsmallc.a(lib_a-writer.o)
 .debug_info    0x00003b9c       0x8c c:/intel/nios2eds/bin/gnu/h-i686-mingw32/bin/../lib/gcc/nios2-elf/4.1.2/../../../../nios2-elf/lib/mno-hw-mul\libsmallc.a(lib_a-int_errno.o)
 .debug_info    0x00003c28      0x46a ../fpga_bsp/\libhal_bsp.a(alt_iic.o)
 .debug_info    0x00004092      0x2eb ../fpga_bsp/\libhal_bsp.a(alt_iic_isr_register.o)
 .debug_info    0x0000437d       0x5b ../fpga_bsp/\libhal_bsp.a(alt_irq_entry.o)
 .debug_info    0x000043d8      0x24c ../fpga_bsp/\libhal_bsp.a(alt_irq_handler.o)
 .debug_info    0x00004624      0x13e ../fpga_bsp/\libhal_bsp.a(alt_irq_vars.o)
 .debug_info    0x00004762      0x264 ../fpga_bsp/\libhal_bsp.a(alt_load.o)
 .debug_info    0x000049c6      0x1fc ../fpga_bsp/\libhal_bsp.a(alt_main.o)
 .debug_info    0x00004bc2      0x66a ../fpga_bsp/\libhal_bsp.a(alt_write.o)
 .debug_info    0x0000522c      0x65f ../fpga_bsp/\libhal_bsp.a(alt_sys_init.o)
 .debug_info    0x0000588b      0x590 ../fpga_bsp/\libhal_bsp.a(altera_avalon_jtag_uart_fd.o)
 .debug_info    0x00005e1b      0x2e0 ../fpga_bsp/\libhal_bsp.a(altera_avalon_jtag_uart_read.o)
 .debug_info    0x000060fb      0x2bd ../fpga_bsp/\libhal_bsp.a(altera_avalon_jtag_uart_write.o)
 .debug_info    0x000063b8      0x525 ../fpga_bsp/\libhal_bsp.a(altera_avalon_uart_fd.o)
 .debug_info    0x000068dd      0x2b9 ../fpga_bsp/\libhal_bsp.a(altera_avalon_uart_read.o)
 .debug_info    0x00006b96      0x2d0 ../fpga_bsp/\libhal_bsp.a(altera_avalon_uart_write.o)
 .debug_info    0x00006e66      0x43e ../fpga_bsp/\libhal_bsp.a(alt_close.o)
 .debug_info    0x000072a4      0x133 ../fpga_bsp/\libhal_bsp.a(alt_dcache_flush_all.o)
 .debug_info    0x000073d7      0x656 ../fpga_bsp/\libhal_bsp.a(alt_dev.o)
 .debug_info    0x00007a2d      0x28e ../fpga_bsp/\libhal_bsp.a(alt_dev_llist_insert.o)
 .debug_info    0x00007cbb       0xe6 ../fpga_bsp/\libhal_bsp.a(alt_do_ctors.o)
 .debug_info    0x00007da1       0xe5 ../fpga_bsp/\libhal_bsp.a(alt_do_dtors.o)
 .debug_info    0x00007e86      0x13b ../fpga_bsp/\libhal_bsp.a(alt_errno.o)
 .debug_info    0x00007fc1       0x61 ../fpga_bsp/\libhal_bsp.a(alt_exception_entry.o)
 .debug_info    0x00008022      0x133 ../fpga_bsp/\libhal_bsp.a(alt_icache_flush_all.o)
 .debug_info    0x00008155      0x66c ../fpga_bsp/\libhal_bsp.a(alt_io_redirect.o)
 .debug_info    0x000087c1      0x4fc ../fpga_bsp/\libhal_bsp.a(alt_open.o)
 .debug_info    0x00008cbd      0x3c9 ../fpga_bsp/\libhal_bsp.a(alt_release_fd.o)
 .debug_info    0x00009086      0x13a ../fpga_bsp/\libhal_bsp.a(altera_nios2_qsys_irq.o)
 .debug_info    0x000091c0      0x3ef ../fpga_bsp/\libhal_bsp.a(alt_find_dev.o)
 .debug_info    0x000095af      0x3f6 ../fpga_bsp/\libhal_bsp.a(alt_find_file.o)
 .debug_info    0x000099a5      0x437 ../fpga_bsp/\libhal_bsp.a(alt_get_fd.o)
 .debug_info    0x00009ddc      0x186 c:/intel/nios2eds/bin/gnu/h-i686-mingw32/bin/../lib/gcc/nios2-elf/4.1.2/../../../../nios2-elf/lib/mno-hw-mul\libsmallc.a(lib_a-atexit.o)
 .debug_info    0x00009f62       0x9f c:/intel/nios2eds/bin/gnu/h-i686-mingw32/bin/../lib/gcc/nios2-elf/4.1.2/../../../../nios2-elf/lib/mno-hw-mul\libsmallc.a(lib_a-exit.o)
 .debug_info    0x0000a001       0xef c:/intel/nios2eds/bin/gnu/h-i686-mingw32/bin/../lib/gcc/nios2-elf/4.1.2/../../../../nios2-elf/lib/mno-hw-mul\libsmallc.a(lib_a-memcmp.o)
 .debug_info    0x0000a0f0      0x68f c:/intel/nios2eds/bin/gnu/h-i686-mingw32/bin/../lib/gcc/nios2-elf/4.1.2/../../../../nios2-elf/lib/mno-hw-mul\libsmallc.a(lib_a-__atexit.o)
 .debug_info    0x0000a77f      0x6d5 c:/intel/nios2eds/bin/gnu/h-i686-mingw32/bin/../lib/gcc/nios2-elf/4.1.2/../../../../nios2-elf/lib/mno-hw-mul\libsmallc.a(lib_a-__call_atexit.o)
 .debug_info    0x0000ae54      0x164 ../fpga_bsp/\libhal_bsp.a(alt_exit.o)

.debug_abbrev   0x00000000     0x2ab7
 *(.debug_abbrev)
 .debug_abbrev  0x00000000       0x12 ../fpga_bsp//obj/HAL/src/crt0.o
 .debug_abbrev  0x00000012       0xaf obj/default/include/datetime.o
 .debug_abbrev  0x000000c1       0xbe obj/default/include/lcd.o
 .debug_abbrev  0x0000017f       0x69 obj/default/include/timer_ctrl.o
 .debug_abbrev  0x000001e8       0x84 obj/default/include/uart.o
 .debug_abbrev  0x0000026c      0x159 obj/default/source.o
 .debug_abbrev  0x000003c5       0xe0 c:/intel/nios2eds/bin/gnu/h-i686-mingw32/bin/../lib/gcc/nios2-elf/4.1.2/mno-hw-mul\libgcc.a(lib2-divmod.o)
 .debug_abbrev  0x000004a5       0x7b c:/intel/nios2eds/bin/gnu/h-i686-mingw32/bin/../lib/gcc/nios2-elf/4.1.2/mno-hw-mul\libgcc.a(lib2-mul.o)
 .debug_abbrev  0x00000520      0x179 c:/intel/nios2eds/bin/gnu/h-i686-mingw32/bin/../lib/gcc/nios2-elf/4.1.2/../../../../nios2-elf/lib/mno-hw-mul\libsmallc.a(lib_a-printf.o)
 .debug_abbrev  0x00000699      0x180 c:/intel/nios2eds/bin/gnu/h-i686-mingw32/bin/../lib/gcc/nios2-elf/4.1.2/../../../../nios2-elf/lib/mno-hw-mul\libsmallc.a(lib_a-puts.o)
 .debug_abbrev  0x00000819       0x7a c:/intel/nios2eds/bin/gnu/h-i686-mingw32/bin/../lib/gcc/nios2-elf/4.1.2/../../../../nios2-elf/lib/mno-hw-mul\libsmallc.a(lib_a-strlen.o)
 .debug_abbrev  0x00000893      0x263 c:/intel/nios2eds/bin/gnu/h-i686-mingw32/bin/../lib/gcc/nios2-elf/4.1.2/../../../../nios2-elf/lib/mno-hw-mul\libsmallc.a(lib_a-vfprintf.o)
 .debug_abbrev  0x00000af6      0x179 c:/intel/nios2eds/bin/gnu/h-i686-mingw32/bin/../lib/gcc/nios2-elf/4.1.2/../../../../nios2-elf/lib/mno-hw-mul\libsmallc.a(lib_a-fvwrite_small_dev.o)
 .debug_abbrev  0x00000c6f      0x13f c:/intel/nios2eds/bin/gnu/h-i686-mingw32/bin/../lib/gcc/nios2-elf/4.1.2/../../../../nios2-elf/lib/mno-hw-mul\libsmallc.a(lib_a-impure.o)
 .debug_abbrev  0x00000dae      0x16c c:/intel/nios2eds/bin/gnu/h-i686-mingw32/bin/../lib/gcc/nios2-elf/4.1.2/../../../../nios2-elf/lib/mno-hw-mul\libsmallc.a(lib_a-writer.o)
 .debug_abbrev  0x00000f1a       0x3b c:/intel/nios2eds/bin/gnu/h-i686-mingw32/bin/../lib/gcc/nios2-elf/4.1.2/../../../../nios2-elf/lib/mno-hw-mul\libsmallc.a(lib_a-int_errno.o)
 .debug_abbrev  0x00000f55      0x134 ../fpga_bsp/\libhal_bsp.a(alt_iic.o)
 .debug_abbrev  0x00001089      0x14e ../fpga_bsp/\libhal_bsp.a(alt_iic_isr_register.o)
 .debug_abbrev  0x000011d7       0x12 ../fpga_bsp/\libhal_bsp.a(alt_irq_entry.o)
 .debug_abbrev  0x000011e9      0x10c ../fpga_bsp/\libhal_bsp.a(alt_irq_handler.o)
 .debug_abbrev  0x000012f5       0x44 ../fpga_bsp/\libhal_bsp.a(alt_irq_vars.o)
 .debug_abbrev  0x00001339       0x88 ../fpga_bsp/\libhal_bsp.a(alt_load.o)
 .debug_abbrev  0x000013c1       0xb7 ../fpga_bsp/\libhal_bsp.a(alt_main.o)
 .debug_abbrev  0x00001478      0x100 ../fpga_bsp/\libhal_bsp.a(alt_write.o)
 .debug_abbrev  0x00001578      0x121 ../fpga_bsp/\libhal_bsp.a(alt_sys_init.o)
 .debug_abbrev  0x00001699       0xcb ../fpga_bsp/\libhal_bsp.a(altera_avalon_jtag_uart_fd.o)
 .debug_abbrev  0x00001764       0xb6 ../fpga_bsp/\libhal_bsp.a(altera_avalon_jtag_uart_read.o)
 .debug_abbrev  0x0000181a       0xb4 ../fpga_bsp/\libhal_bsp.a(altera_avalon_jtag_uart_write.o)
 .debug_abbrev  0x000018ce       0xcf ../fpga_bsp/\libhal_bsp.a(altera_avalon_uart_fd.o)
 .debug_abbrev  0x0000199d       0xc4 ../fpga_bsp/\libhal_bsp.a(altera_avalon_uart_read.o)
 .debug_abbrev  0x00001a61       0xcb ../fpga_bsp/\libhal_bsp.a(altera_avalon_uart_write.o)
 .debug_abbrev  0x00001b2c       0xfb ../fpga_bsp/\libhal_bsp.a(alt_close.o)
 .debug_abbrev  0x00001c27       0x3f ../fpga_bsp/\libhal_bsp.a(alt_dcache_flush_all.o)
 .debug_abbrev  0x00001c66       0xc7 ../fpga_bsp/\libhal_bsp.a(alt_dev.o)
 .debug_abbrev  0x00001d2d       0xf6 ../fpga_bsp/\libhal_bsp.a(alt_dev_llist_insert.o)
 .debug_abbrev  0x00001e23       0x76 ../fpga_bsp/\libhal_bsp.a(alt_do_ctors.o)
 .debug_abbrev  0x00001e99       0x76 ../fpga_bsp/\libhal_bsp.a(alt_do_dtors.o)
 .debug_abbrev  0x00001f0f       0x5e ../fpga_bsp/\libhal_bsp.a(alt_errno.o)
 .debug_abbrev  0x00001f6d       0x12 ../fpga_bsp/\libhal_bsp.a(alt_exception_entry.o)
 .debug_abbrev  0x00001f7f       0x3f ../fpga_bsp/\libhal_bsp.a(alt_icache_flush_all.o)
 .debug_abbrev  0x00001fbe       0xf0 ../fpga_bsp/\libhal_bsp.a(alt_io_redirect.o)
 .debug_abbrev  0x000020ae      0x112 ../fpga_bsp/\libhal_bsp.a(alt_open.o)
 .debug_abbrev  0x000021c0       0xc1 ../fpga_bsp/\libhal_bsp.a(alt_release_fd.o)
 .debug_abbrev  0x00002281       0x3f ../fpga_bsp/\libhal_bsp.a(altera_nios2_qsys_irq.o)
 .debug_abbrev  0x000022c0       0xcf ../fpga_bsp/\libhal_bsp.a(alt_find_dev.o)
 .debug_abbrev  0x0000238f       0xcf ../fpga_bsp/\libhal_bsp.a(alt_find_file.o)
 .debug_abbrev  0x0000245e       0xfb ../fpga_bsp/\libhal_bsp.a(alt_get_fd.o)
 .debug_abbrev  0x00002559       0xc6 c:/intel/nios2eds/bin/gnu/h-i686-mingw32/bin/../lib/gcc/nios2-elf/4.1.2/../../../../nios2-elf/lib/mno-hw-mul\libsmallc.a(lib_a-atexit.o)
 .debug_abbrev  0x0000261f       0x4e c:/intel/nios2eds/bin/gnu/h-i686-mingw32/bin/../lib/gcc/nios2-elf/4.1.2/../../../../nios2-elf/lib/mno-hw-mul\libsmallc.a(lib_a-exit.o)
 .debug_abbrev  0x0000266d       0x7c c:/intel/nios2eds/bin/gnu/h-i686-mingw32/bin/../lib/gcc/nios2-elf/4.1.2/../../../../nios2-elf/lib/mno-hw-mul\libsmallc.a(lib_a-memcmp.o)
 .debug_abbrev  0x000026e9      0x196 c:/intel/nios2eds/bin/gnu/h-i686-mingw32/bin/../lib/gcc/nios2-elf/4.1.2/../../../../nios2-elf/lib/mno-hw-mul\libsmallc.a(lib_a-__atexit.o)
 .debug_abbrev  0x0000287f      0x1c6 c:/intel/nios2eds/bin/gnu/h-i686-mingw32/bin/../lib/gcc/nios2-elf/4.1.2/../../../../nios2-elf/lib/mno-hw-mul\libsmallc.a(lib_a-__call_atexit.o)
 .debug_abbrev  0x00002a45       0x72 ../fpga_bsp/\libhal_bsp.a(alt_exit.o)

.debug_line     0x00000000     0x7713
 *(.debug_line)
 .debug_line    0x00000000       0x66 ../fpga_bsp//obj/HAL/src/crt0.o
 .debug_line    0x00000066      0x167 obj/default/include/datetime.o
 .debug_line    0x000001cd      0x34e obj/default/include/lcd.o
 .debug_line    0x0000051b       0xcf obj/default/include/timer_ctrl.o
 .debug_line    0x000005ea      0x1ad obj/default/include/uart.o
 .debug_line    0x00000797      0x619 obj/default/source.o
 .debug_line    0x00000db0      0x24f c:/intel/nios2eds/bin/gnu/h-i686-mingw32/bin/../lib/gcc/nios2-elf/4.1.2/mno-hw-mul\libgcc.a(lib2-divmod.o)
 .debug_line    0x00000fff      0x11a c:/intel/nios2eds/bin/gnu/h-i686-mingw32/bin/../lib/gcc/nios2-elf/4.1.2/mno-hw-mul\libgcc.a(lib2-mul.o)
 .debug_line    0x00001119      0x2be c:/intel/nios2eds/bin/gnu/h-i686-mingw32/bin/../lib/gcc/nios2-elf/4.1.2/../../../../nios2-elf/lib/mno-hw-mul\libsmallc.a(lib_a-printf.o)
 .debug_line    0x000013d7      0x2b2 c:/intel/nios2eds/bin/gnu/h-i686-mingw32/bin/../lib/gcc/nios2-elf/4.1.2/../../../../nios2-elf/lib/mno-hw-mul\libsmallc.a(lib_a-puts.o)
 .debug_line    0x00001689      0x250 c:/intel/nios2eds/bin/gnu/h-i686-mingw32/bin/../lib/gcc/nios2-elf/4.1.2/../../../../nios2-elf/lib/mno-hw-mul\libsmallc.a(lib_a-strlen.o)
 .debug_line    0x000018d9      0x666 c:/intel/nios2eds/bin/gnu/h-i686-mingw32/bin/../lib/gcc/nios2-elf/4.1.2/../../../../nios2-elf/lib/mno-hw-mul\libsmallc.a(lib_a-vfprintf.o)
 .debug_line    0x00001f3f      0x2a9 c:/intel/nios2eds/bin/gnu/h-i686-mingw32/bin/../lib/gcc/nios2-elf/4.1.2/../../../../nios2-elf/lib/mno-hw-mul\libsmallc.a(lib_a-fvwrite_small_dev.o)
 .debug_line    0x000021e8      0x230 c:/intel/nios2eds/bin/gnu/h-i686-mingw32/bin/../lib/gcc/nios2-elf/4.1.2/../../../../nios2-elf/lib/mno-hw-mul\libsmallc.a(lib_a-impure.o)
 .debug_line    0x00002418      0x29d c:/intel/nios2eds/bin/gnu/h-i686-mingw32/bin/../lib/gcc/nios2-elf/4.1.2/../../../../nios2-elf/lib/mno-hw-mul\libsmallc.a(lib_a-writer.o)
 .debug_line    0x000026b5      0x1e2 c:/intel/nios2eds/bin/gnu/h-i686-mingw32/bin/../lib/gcc/nios2-elf/4.1.2/../../../../nios2-elf/lib/mno-hw-mul\libsmallc.a(lib_a-int_errno.o)
 .debug_line    0x00002897      0x2b6 ../fpga_bsp/\libhal_bsp.a(alt_iic.o)
 .debug_line    0x00002b4d      0x237 ../fpga_bsp/\libhal_bsp.a(alt_iic_isr_register.o)
 .debug_line    0x00002d84       0x6b ../fpga_bsp/\libhal_bsp.a(alt_irq_entry.o)
 .debug_line    0x00002def      0x236 ../fpga_bsp/\libhal_bsp.a(alt_irq_handler.o)
 .debug_line    0x00003025       0x72 ../fpga_bsp/\libhal_bsp.a(alt_irq_vars.o)
 .debug_line    0x00003097      0x205 ../fpga_bsp/\libhal_bsp.a(alt_load.o)
 .debug_line    0x0000329c      0x2b8 ../fpga_bsp/\libhal_bsp.a(alt_main.o)
 .debug_line    0x00003554      0x2b7 ../fpga_bsp/\libhal_bsp.a(alt_write.o)
 .debug_line    0x0000380b      0x2f5 ../fpga_bsp/\libhal_bsp.a(alt_sys_init.o)
 .debug_line    0x00003b00      0x1ce ../fpga_bsp/\libhal_bsp.a(altera_avalon_jtag_uart_fd.o)
 .debug_line    0x00003cce      0x331 ../fpga_bsp/\libhal_bsp.a(altera_avalon_jtag_uart_read.o)
 .debug_line    0x00003fff      0x2f2 ../fpga_bsp/\libhal_bsp.a(altera_avalon_jtag_uart_write.o)
 .debug_line    0x000042f1      0x1a9 ../fpga_bsp/\libhal_bsp.a(altera_avalon_uart_fd.o)
 .debug_line    0x0000449a      0x30f ../fpga_bsp/\libhal_bsp.a(altera_avalon_uart_read.o)
 .debug_line    0x000047a9      0x310 ../fpga_bsp/\libhal_bsp.a(altera_avalon_uart_write.o)
 .debug_line    0x00004ab9      0x287 ../fpga_bsp/\libhal_bsp.a(alt_close.o)
 .debug_line    0x00004d40      0x1a3 ../fpga_bsp/\libhal_bsp.a(alt_dcache_flush_all.o)
 .debug_line    0x00004ee3      0x242 ../fpga_bsp/\libhal_bsp.a(alt_dev.o)
 .debug_line    0x00005125      0x248 ../fpga_bsp/\libhal_bsp.a(alt_dev_llist_insert.o)
 .debug_line    0x0000536d       0x83 ../fpga_bsp/\libhal_bsp.a(alt_do_ctors.o)
 .debug_line    0x000053f0       0x83 ../fpga_bsp/\libhal_bsp.a(alt_do_dtors.o)
 .debug_line    0x00005473      0x198 ../fpga_bsp/\libhal_bsp.a(alt_errno.o)
 .debug_line    0x0000560b       0xab ../fpga_bsp/\libhal_bsp.a(alt_exception_entry.o)
 .debug_line    0x000056b6      0x1a3 ../fpga_bsp/\libhal_bsp.a(alt_icache_flush_all.o)
 .debug_line    0x00005859      0x2a2 ../fpga_bsp/\libhal_bsp.a(alt_io_redirect.o)
 .debug_line    0x00005afb      0x2ed ../fpga_bsp/\libhal_bsp.a(alt_open.o)
 .debug_line    0x00005de8       0xed ../fpga_bsp/\libhal_bsp.a(alt_release_fd.o)
 .debug_line    0x00005ed5      0x1bc ../fpga_bsp/\libhal_bsp.a(altera_nios2_qsys_irq.o)
 .debug_line    0x00006091      0x259 ../fpga_bsp/\libhal_bsp.a(alt_find_dev.o)
 .debug_line    0x000062ea      0x26a ../fpga_bsp/\libhal_bsp.a(alt_find_file.o)
 .debug_line    0x00006554      0x285 ../fpga_bsp/\libhal_bsp.a(alt_get_fd.o)
 .debug_line    0x000067d9      0x203 c:/intel/nios2eds/bin/gnu/h-i686-mingw32/bin/../lib/gcc/nios2-elf/4.1.2/../../../../nios2-elf/lib/mno-hw-mul\libsmallc.a(lib_a-atexit.o)
 .debug_line    0x000069dc      0x223 c:/intel/nios2eds/bin/gnu/h-i686-mingw32/bin/../lib/gcc/nios2-elf/4.1.2/../../../../nios2-elf/lib/mno-hw-mul\libsmallc.a(lib_a-exit.o)
 .debug_line    0x00006bff      0x270 c:/intel/nios2eds/bin/gnu/h-i686-mingw32/bin/../lib/gcc/nios2-elf/4.1.2/../../../../nios2-elf/lib/mno-hw-mul\libsmallc.a(lib_a-memcmp.o)
 .debug_line    0x00006e6f      0x350 c:/intel/nios2eds/bin/gnu/h-i686-mingw32/bin/../lib/gcc/nios2-elf/4.1.2/../../../../nios2-elf/lib/mno-hw-mul\libsmallc.a(lib_a-__atexit.o)
 .debug_line    0x000071bf      0x360 c:/intel/nios2eds/bin/gnu/h-i686-mingw32/bin/../lib/gcc/nios2-elf/4.1.2/../../../../nios2-elf/lib/mno-hw-mul\libsmallc.a(lib_a-__call_atexit.o)
 .debug_line    0x0000751f      0x1f4 ../fpga_bsp/\libhal_bsp.a(alt_exit.o)

.debug_frame    0x00000000      0xca0
 *(.debug_frame)
 .debug_frame   0x00000000       0x48 obj/default/include/datetime.o
 .debug_frame   0x00000048      0x10c obj/default/include/lcd.o
 .debug_frame   0x00000154       0x48 obj/default/include/timer_ctrl.o
 .debug_frame   0x0000019c       0x9c obj/default/include/uart.o
 .debug_frame   0x00000238       0xd4 obj/default/source.o
 .debug_frame   0x0000030c       0x70 c:/intel/nios2eds/bin/gnu/h-i686-mingw32/bin/../lib/gcc/nios2-elf/4.1.2/mno-hw-mul\libgcc.a(lib2-divmod.o)
 .debug_frame   0x0000037c       0x20 c:/intel/nios2eds/bin/gnu/h-i686-mingw32/bin/../lib/gcc/nios2-elf/4.1.2/mno-hw-mul\libgcc.a(lib2-mul.o)
 .debug_frame   0x0000039c       0x40 c:/intel/nios2eds/bin/gnu/h-i686-mingw32/bin/../lib/gcc/nios2-elf/4.1.2/../../../../nios2-elf/lib/mno-hw-mul\libsmallc.a(lib_a-printf.o)
 .debug_frame   0x000003dc       0x3c c:/intel/nios2eds/bin/gnu/h-i686-mingw32/bin/../lib/gcc/nios2-elf/4.1.2/../../../../nios2-elf/lib/mno-hw-mul\libsmallc.a(lib_a-puts.o)
 .debug_frame   0x00000418       0x20 c:/intel/nios2eds/bin/gnu/h-i686-mingw32/bin/../lib/gcc/nios2-elf/4.1.2/../../../../nios2-elf/lib/mno-hw-mul\libsmallc.a(lib_a-strlen.o)
 .debug_frame   0x00000438       0x64 c:/intel/nios2eds/bin/gnu/h-i686-mingw32/bin/../lib/gcc/nios2-elf/4.1.2/../../../../nios2-elf/lib/mno-hw-mul\libsmallc.a(lib_a-vfprintf.o)
 .debug_frame   0x0000049c       0x30 c:/intel/nios2eds/bin/gnu/h-i686-mingw32/bin/../lib/gcc/nios2-elf/4.1.2/../../../../nios2-elf/lib/mno-hw-mul\libsmallc.a(lib_a-fvwrite_small_dev.o)
 .debug_frame   0x000004cc       0x2c c:/intel/nios2eds/bin/gnu/h-i686-mingw32/bin/../lib/gcc/nios2-elf/4.1.2/../../../../nios2-elf/lib/mno-hw-mul\libsmallc.a(lib_a-writer.o)
 .debug_frame   0x000004f8       0x80 ../fpga_bsp/\libhal_bsp.a(alt_iic.o)
 .debug_frame   0x00000578       0x2c ../fpga_bsp/\libhal_bsp.a(alt_iic_isr_register.o)
 .debug_frame   0x000005a4       0x2c ../fpga_bsp/\libhal_bsp.a(alt_irq_handler.o)
 .debug_frame   0x000005d0       0x48 ../fpga_bsp/\libhal_bsp.a(alt_load.o)
 .debug_frame   0x00000618       0x2c ../fpga_bsp/\libhal_bsp.a(alt_main.o)
 .debug_frame   0x00000644       0x48 ../fpga_bsp/\libhal_bsp.a(alt_write.o)
 .debug_frame   0x0000068c       0x64 ../fpga_bsp/\libhal_bsp.a(alt_sys_init.o)
 .debug_frame   0x000006f0       0x48 ../fpga_bsp/\libhal_bsp.a(altera_avalon_jtag_uart_fd.o)
 .debug_frame   0x00000738       0x2c ../fpga_bsp/\libhal_bsp.a(altera_avalon_jtag_uart_read.o)
 .debug_frame   0x00000764       0x2c ../fpga_bsp/\libhal_bsp.a(altera_avalon_jtag_uart_write.o)
 .debug_frame   0x00000790       0x48 ../fpga_bsp/\libhal_bsp.a(altera_avalon_uart_fd.o)
 .debug_frame   0x000007d8       0x48 ../fpga_bsp/\libhal_bsp.a(altera_avalon_uart_read.o)
 .debug_frame   0x00000820       0x48 ../fpga_bsp/\libhal_bsp.a(altera_avalon_uart_write.o)
 .debug_frame   0x00000868       0x48 ../fpga_bsp/\libhal_bsp.a(alt_close.o)
 .debug_frame   0x000008b0       0x2c ../fpga_bsp/\libhal_bsp.a(alt_dcache_flush_all.o)
 .debug_frame   0x000008dc       0x2c ../fpga_bsp/\libhal_bsp.a(alt_dev.o)
 .debug_frame   0x00000908       0x48 ../fpga_bsp/\libhal_bsp.a(alt_dev_llist_insert.o)
 .debug_frame   0x00000950       0x2c ../fpga_bsp/\libhal_bsp.a(alt_do_ctors.o)
 .debug_frame   0x0000097c       0x2c ../fpga_bsp/\libhal_bsp.a(alt_do_dtors.o)
 .debug_frame   0x000009a8       0x2c ../fpga_bsp/\libhal_bsp.a(alt_icache_flush_all.o)
 .debug_frame   0x000009d4       0x4c ../fpga_bsp/\libhal_bsp.a(alt_io_redirect.o)
 .debug_frame   0x00000a20       0x68 ../fpga_bsp/\libhal_bsp.a(alt_open.o)
 .debug_frame   0x00000a88       0x30 ../fpga_bsp/\libhal_bsp.a(alt_release_fd.o)
 .debug_frame   0x00000ab8       0x2c ../fpga_bsp/\libhal_bsp.a(altera_nios2_qsys_irq.o)
 .debug_frame   0x00000ae4       0x2c ../fpga_bsp/\libhal_bsp.a(alt_find_dev.o)
 .debug_frame   0x00000b10       0x2c ../fpga_bsp/\libhal_bsp.a(alt_find_file.o)
 .debug_frame   0x00000b3c       0x30 ../fpga_bsp/\libhal_bsp.a(alt_get_fd.o)
 .debug_frame   0x00000b6c       0x20 c:/intel/nios2eds/bin/gnu/h-i686-mingw32/bin/../lib/gcc/nios2-elf/4.1.2/../../../../nios2-elf/lib/mno-hw-mul\libsmallc.a(lib_a-atexit.o)
 .debug_frame   0x00000b8c       0x2c c:/intel/nios2eds/bin/gnu/h-i686-mingw32/bin/../lib/gcc/nios2-elf/4.1.2/../../../../nios2-elf/lib/mno-hw-mul\libsmallc.a(lib_a-exit.o)
 .debug_frame   0x00000bb8       0x20 c:/intel/nios2eds/bin/gnu/h-i686-mingw32/bin/../lib/gcc/nios2-elf/4.1.2/../../../../nios2-elf/lib/mno-hw-mul\libsmallc.a(lib_a-memcmp.o)
 .debug_frame   0x00000bd8       0x34 c:/intel/nios2eds/bin/gnu/h-i686-mingw32/bin/../lib/gcc/nios2-elf/4.1.2/../../../../nios2-elf/lib/mno-hw-mul\libsmallc.a(lib_a-__atexit.o)
 .debug_frame   0x00000c0c       0x4c c:/intel/nios2eds/bin/gnu/h-i686-mingw32/bin/../lib/gcc/nios2-elf/4.1.2/../../../../nios2-elf/lib/mno-hw-mul\libsmallc.a(lib_a-__call_atexit.o)
 .debug_frame   0x00000c58       0x48 ../fpga_bsp/\libhal_bsp.a(alt_exit.o)

.debug_str      0x00000000      0xe08
 *(.debug_str)
 .debug_str     0x00000000       0x2a obj/default/source.o
 .debug_str     0x0000002a      0x167 c:/intel/nios2eds/bin/gnu/h-i686-mingw32/bin/../lib/gcc/nios2-elf/4.1.2/mno-hw-mul\libgcc.a(lib2-divmod.o)
                                0x1b4 (size before relaxing)
 .debug_str     0x00000191       0x37 c:/intel/nios2eds/bin/gnu/h-i686-mingw32/bin/../lib/gcc/nios2-elf/4.1.2/mno-hw-mul\libgcc.a(lib2-mul.o)
                                0x175 (size before relaxing)
 .debug_str     0x000001c8      0x3aa c:/intel/nios2eds/bin/gnu/h-i686-mingw32/bin/../lib/gcc/nios2-elf/4.1.2/../../../../nios2-elf/lib/mno-hw-mul\libsmallc.a(lib_a-printf.o)
                                0x466 (size before relaxing)
 .debug_str     0x00000572       0x48 c:/intel/nios2eds/bin/gnu/h-i686-mingw32/bin/../lib/gcc/nios2-elf/4.1.2/../../../../nios2-elf/lib/mno-hw-mul\libsmallc.a(lib_a-puts.o)
                                0x450 (size before relaxing)
 .debug_str     0x000005ba       0xe2 c:/intel/nios2eds/bin/gnu/h-i686-mingw32/bin/../lib/gcc/nios2-elf/4.1.2/../../../../nios2-elf/lib/mno-hw-mul\libsmallc.a(lib_a-strlen.o)
                                0x184 (size before relaxing)
 .debug_str     0x0000069c      0x168 c:/intel/nios2eds/bin/gnu/h-i686-mingw32/bin/../lib/gcc/nios2-elf/4.1.2/../../../../nios2-elf/lib/mno-hw-mul\libsmallc.a(lib_a-vfprintf.o)
                                0x5af (size before relaxing)
 .debug_str     0x00000804       0x70 c:/intel/nios2eds/bin/gnu/h-i686-mingw32/bin/../lib/gcc/nios2-elf/4.1.2/../../../../nios2-elf/lib/mno-hw-mul\libsmallc.a(lib_a-fvwrite_small_dev.o)
                                0x46a (size before relaxing)
 .debug_str     0x00000874       0xf8 c:/intel/nios2eds/bin/gnu/h-i686-mingw32/bin/../lib/gcc/nios2-elf/4.1.2/../../../../nios2-elf/lib/mno-hw-mul\libsmallc.a(lib_a-impure.o)
                                0x45d (size before relaxing)
 .debug_str     0x0000096c       0x4f c:/intel/nios2eds/bin/gnu/h-i686-mingw32/bin/../lib/gcc/nios2-elf/4.1.2/../../../../nios2-elf/lib/mno-hw-mul\libsmallc.a(lib_a-writer.o)
                                0x451 (size before relaxing)
 .debug_str     0x000009bb       0x40 c:/intel/nios2eds/bin/gnu/h-i686-mingw32/bin/../lib/gcc/nios2-elf/4.1.2/../../../../nios2-elf/lib/mno-hw-mul\libsmallc.a(lib_a-int_errno.o)
                                0x177 (size before relaxing)
 .debug_str     0x000009fb       0x18 ../fpga_bsp/\libhal_bsp.a(alt_iic.o)
 .debug_str     0x00000a13       0x1a ../fpga_bsp/\libhal_bsp.a(alt_iic_isr_register.o)
 .debug_str     0x00000a2d       0x12 ../fpga_bsp/\libhal_bsp.a(alt_irq_handler.o)
 .debug_str     0x00000a3f       0x12 ../fpga_bsp/\libhal_bsp.a(alt_load.o)
 .debug_str     0x00000a51       0x12 ../fpga_bsp/\libhal_bsp.a(alt_main.o)
 .debug_str     0x00000a63       0x12 ../fpga_bsp/\libhal_bsp.a(alt_write.o)
 .debug_str     0x00000a75       0x12 ../fpga_bsp/\libhal_bsp.a(alt_sys_init.o)
 .debug_str     0x00000a87       0x12 ../fpga_bsp/\libhal_bsp.a(altera_avalon_jtag_uart_read.o)
 .debug_str     0x00000a99       0x12 ../fpga_bsp/\libhal_bsp.a(altera_avalon_jtag_uart_write.o)
 .debug_str     0x00000aab       0x12 ../fpga_bsp/\libhal_bsp.a(altera_avalon_uart_fd.o)
 .debug_str     0x00000abd       0x12 ../fpga_bsp/\libhal_bsp.a(altera_avalon_uart_read.o)
 .debug_str     0x00000acf       0x12 ../fpga_bsp/\libhal_bsp.a(altera_avalon_uart_write.o)
 .debug_str     0x00000ae1       0x12 ../fpga_bsp/\libhal_bsp.a(alt_close.o)
 .debug_str     0x00000af3       0x12 ../fpga_bsp/\libhal_bsp.a(alt_dcache_flush_all.o)
 .debug_str     0x00000b05       0x12 ../fpga_bsp/\libhal_bsp.a(alt_dev.o)
 .debug_str     0x00000b17       0x12 ../fpga_bsp/\libhal_bsp.a(alt_dev_llist_insert.o)
 .debug_str     0x00000b29       0x12 ../fpga_bsp/\libhal_bsp.a(alt_errno.o)
 .debug_str     0x00000b3b       0x12 ../fpga_bsp/\libhal_bsp.a(alt_icache_flush_all.o)
 .debug_str     0x00000b4d       0x12 ../fpga_bsp/\libhal_bsp.a(alt_io_redirect.o)
 .debug_str     0x00000b5f       0x12 ../fpga_bsp/\libhal_bsp.a(alt_open.o)
 .debug_str     0x00000b71       0x12 ../fpga_bsp/\libhal_bsp.a(altera_nios2_qsys_irq.o)
 .debug_str     0x00000b83       0x12 ../fpga_bsp/\libhal_bsp.a(alt_find_dev.o)
 .debug_str     0x00000b95       0x12 ../fpga_bsp/\libhal_bsp.a(alt_find_file.o)
 .debug_str     0x00000ba7       0x12 ../fpga_bsp/\libhal_bsp.a(alt_get_fd.o)
 .debug_str     0x00000bb9       0xdb c:/intel/nios2eds/bin/gnu/h-i686-mingw32/bin/../lib/gcc/nios2-elf/4.1.2/../../../../nios2-elf/lib/mno-hw-mul\libsmallc.a(lib_a-atexit.o)
                                0x1e5 (size before relaxing)
 .debug_str     0x00000c94       0x41 c:/intel/nios2eds/bin/gnu/h-i686-mingw32/bin/../lib/gcc/nios2-elf/4.1.2/../../../../nios2-elf/lib/mno-hw-mul\libsmallc.a(lib_a-exit.o)
                                0x178 (size before relaxing)
 .debug_str     0x00000cd5       0x45 c:/intel/nios2eds/bin/gnu/h-i686-mingw32/bin/../lib/gcc/nios2-elf/4.1.2/../../../../nios2-elf/lib/mno-hw-mul\libsmallc.a(lib_a-memcmp.o)
                                0x17e (size before relaxing)
 .debug_str     0x00000d1a       0x54 c:/intel/nios2eds/bin/gnu/h-i686-mingw32/bin/../lib/gcc/nios2-elf/4.1.2/../../../../nios2-elf/lib/mno-hw-mul\libsmallc.a(lib_a-__atexit.o)
                                0x467 (size before relaxing)
 .debug_str     0x00000d6e       0x7e c:/intel/nios2eds/bin/gnu/h-i686-mingw32/bin/../lib/gcc/nios2-elf/4.1.2/../../../../nios2-elf/lib/mno-hw-mul\libsmallc.a(lib_a-__call_atexit.o)
                                0x491 (size before relaxing)
 .debug_str     0x00000dec       0x1c ../fpga_bsp/\libhal_bsp.a(alt_exit.o)

.debug_loc      0x00000000     0x1d6e
 *(.debug_loc)
 .debug_loc     0x00000000       0x56 obj/default/include/datetime.o
 .debug_loc     0x00000056      0x183 obj/default/include/lcd.o
 .debug_loc     0x000001d9       0x56 obj/default/include/timer_ctrl.o
 .debug_loc     0x0000022f       0xd7 obj/default/include/uart.o
 .debug_loc     0x00000306      0x12d obj/default/source.o
 .debug_loc     0x00000433      0x1d2 c:/intel/nios2eds/bin/gnu/h-i686-mingw32/bin/../lib/gcc/nios2-elf/4.1.2/mno-hw-mul\libgcc.a(lib2-divmod.o)
 .debug_loc     0x00000605       0x4f c:/intel/nios2eds/bin/gnu/h-i686-mingw32/bin/../lib/gcc/nios2-elf/4.1.2/mno-hw-mul\libgcc.a(lib2-mul.o)
 .debug_loc     0x00000654       0x8d c:/intel/nios2eds/bin/gnu/h-i686-mingw32/bin/../lib/gcc/nios2-elf/4.1.2/../../../../nios2-elf/lib/mno-hw-mul\libsmallc.a(lib_a-printf.o)
 .debug_loc     0x000006e1       0xa2 c:/intel/nios2eds/bin/gnu/h-i686-mingw32/bin/../lib/gcc/nios2-elf/4.1.2/../../../../nios2-elf/lib/mno-hw-mul\libsmallc.a(lib_a-puts.o)
 .debug_loc     0x00000783       0x1e c:/intel/nios2eds/bin/gnu/h-i686-mingw32/bin/../lib/gcc/nios2-elf/4.1.2/../../../../nios2-elf/lib/mno-hw-mul\libsmallc.a(lib_a-strlen.o)
 .debug_loc     0x000007a1      0x878 c:/intel/nios2eds/bin/gnu/h-i686-mingw32/bin/../lib/gcc/nios2-elf/4.1.2/../../../../nios2-elf/lib/mno-hw-mul\libsmallc.a(lib_a-vfprintf.o)
 .debug_loc     0x00001019      0x162 c:/intel/nios2eds/bin/gnu/h-i686-mingw32/bin/../lib/gcc/nios2-elf/4.1.2/../../../../nios2-elf/lib/mno-hw-mul\libsmallc.a(lib_a-fvwrite_small_dev.o)
 .debug_loc     0x0000117b       0x97 c:/intel/nios2eds/bin/gnu/h-i686-mingw32/bin/../lib/gcc/nios2-elf/4.1.2/../../../../nios2-elf/lib/mno-hw-mul\libsmallc.a(lib_a-writer.o)
 .debug_loc     0x00001212       0xac ../fpga_bsp/\libhal_bsp.a(alt_iic.o)
 .debug_loc     0x000012be       0x2b ../fpga_bsp/\libhal_bsp.a(alt_iic_isr_register.o)
 .debug_loc     0x000012e9       0x2b ../fpga_bsp/\libhal_bsp.a(alt_irq_handler.o)
 .debug_loc     0x00001314       0x56 ../fpga_bsp/\libhal_bsp.a(alt_load.o)
 .debug_loc     0x0000136a       0x2b ../fpga_bsp/\libhal_bsp.a(alt_main.o)
 .debug_loc     0x00001395       0x56 ../fpga_bsp/\libhal_bsp.a(alt_write.o)
 .debug_loc     0x000013eb       0x81 ../fpga_bsp/\libhal_bsp.a(alt_sys_init.o)
 .debug_loc     0x0000146c       0x56 ../fpga_bsp/\libhal_bsp.a(altera_avalon_jtag_uart_fd.o)
 .debug_loc     0x000014c2       0x2b ../fpga_bsp/\libhal_bsp.a(altera_avalon_jtag_uart_read.o)
 .debug_loc     0x000014ed       0x2b ../fpga_bsp/\libhal_bsp.a(altera_avalon_jtag_uart_write.o)
 .debug_loc     0x00001518       0x56 ../fpga_bsp/\libhal_bsp.a(altera_avalon_uart_fd.o)
 .debug_loc     0x0000156e       0x56 ../fpga_bsp/\libhal_bsp.a(altera_avalon_uart_read.o)
 .debug_loc     0x000015c4       0x56 ../fpga_bsp/\libhal_bsp.a(altera_avalon_uart_write.o)
 .debug_loc     0x0000161a       0x56 ../fpga_bsp/\libhal_bsp.a(alt_close.o)
 .debug_loc     0x00001670       0x2b ../fpga_bsp/\libhal_bsp.a(alt_dcache_flush_all.o)
 .debug_loc     0x0000169b       0x2b ../fpga_bsp/\libhal_bsp.a(alt_dev.o)
 .debug_loc     0x000016c6       0x56 ../fpga_bsp/\libhal_bsp.a(alt_dev_llist_insert.o)
 .debug_loc     0x0000171c       0x2b ../fpga_bsp/\libhal_bsp.a(alt_do_ctors.o)
 .debug_loc     0x00001747       0x2b ../fpga_bsp/\libhal_bsp.a(alt_do_dtors.o)
 .debug_loc     0x00001772       0x2b ../fpga_bsp/\libhal_bsp.a(alt_icache_flush_all.o)
 .debug_loc     0x0000179d       0x56 ../fpga_bsp/\libhal_bsp.a(alt_io_redirect.o)
 .debug_loc     0x000017f3       0x81 ../fpga_bsp/\libhal_bsp.a(alt_open.o)
 .debug_loc     0x00001874       0x2b ../fpga_bsp/\libhal_bsp.a(alt_release_fd.o)
 .debug_loc     0x0000189f       0x2b ../fpga_bsp/\libhal_bsp.a(altera_nios2_qsys_irq.o)
 .debug_loc     0x000018ca       0x2b ../fpga_bsp/\libhal_bsp.a(alt_find_dev.o)
 .debug_loc     0x000018f5       0x2b ../fpga_bsp/\libhal_bsp.a(alt_find_file.o)
 .debug_loc     0x00001920       0x2b ../fpga_bsp/\libhal_bsp.a(alt_get_fd.o)
 .debug_loc     0x0000194b       0x1e c:/intel/nios2eds/bin/gnu/h-i686-mingw32/bin/../lib/gcc/nios2-elf/4.1.2/../../../../nios2-elf/lib/mno-hw-mul\libsmallc.a(lib_a-atexit.o)
 .debug_loc     0x00001969       0x3d c:/intel/nios2eds/bin/gnu/h-i686-mingw32/bin/../lib/gcc/nios2-elf/4.1.2/../../../../nios2-elf/lib/mno-hw-mul\libsmallc.a(lib_a-exit.o)
 .debug_loc     0x000019a6       0x70 c:/intel/nios2eds/bin/gnu/h-i686-mingw32/bin/../lib/gcc/nios2-elf/4.1.2/../../../../nios2-elf/lib/mno-hw-mul\libsmallc.a(lib_a-memcmp.o)
 .debug_loc     0x00001a16      0x141 c:/intel/nios2eds/bin/gnu/h-i686-mingw32/bin/../lib/gcc/nios2-elf/4.1.2/../../../../nios2-elf/lib/mno-hw-mul\libsmallc.a(lib_a-__atexit.o)
 .debug_loc     0x00001b57      0x1c1 c:/intel/nios2eds/bin/gnu/h-i686-mingw32/bin/../lib/gcc/nios2-elf/4.1.2/../../../../nios2-elf/lib/mno-hw-mul\libsmallc.a(lib_a-__call_atexit.o)
 .debug_loc     0x00001d18       0x56 ../fpga_bsp/\libhal_bsp.a(alt_exit.o)

.debug_macinfo
 *(.debug_macinfo)

.debug_weaknames
 *(.debug_weaknames)

.debug_funcnames
 *(.debug_funcnames)

.debug_typenames
 *(.debug_typenames)

.debug_varnames
 *(.debug_varnames)

.debug_alt_sim_info
                0x00000000       0x10
 *(.debug_alt_sim_info)
 .debug_alt_sim_info
                0x00000000       0x10 ../fpga_bsp//obj/HAL/src/crt0.o
                0x00010000                __alt_data_end = 0x10000
                0x00010000                PROVIDE (__alt_stack_pointer, __alt_data_end)
                0x0000c8a0                PROVIDE (__alt_stack_limit, __alt_stack_base)
                0x0000c8a0                PROVIDE (__alt_heap_start, end)
                0x00010000                PROVIDE (__alt_heap_limit, 0x10000)
OUTPUT(fpga.elf elf32-littlenios2)

.debug_ranges   0x00000000      0x1d0
 .debug_ranges  0x00000000       0x20 ../fpga_bsp//obj/HAL/src/crt0.o
 .debug_ranges  0x00000020      0x140 c:/intel/nios2eds/bin/gnu/h-i686-mingw32/bin/../lib/gcc/nios2-elf/4.1.2/../../../../nios2-elf/lib/mno-hw-mul\libsmallc.a(lib_a-vfprintf.o)
 .debug_ranges  0x00000160       0x28 ../fpga_bsp/\libhal_bsp.a(alt_irq_entry.o)
 .debug_ranges  0x00000188       0x30 ../fpga_bsp/\libhal_bsp.a(alt_exception_entry.o)
 .debug_ranges  0x000001b8       0x18 c:/intel/nios2eds/bin/gnu/h-i686-mingw32/bin/../lib/gcc/nios2-elf/4.1.2/../../../../nios2-elf/lib/mno-hw-mul\libsmallc.a(lib_a-__call_atexit.o)
