Archive member included because of file (symbol)

c:/intel/nios2eds/bin/gnu/h-i686-mingw32/bin/../lib/gcc/nios2-elf/4.1.2/mno-hw-mul\libgcc.a(lib2-divmod.o)
                              obj/default/includes/lcd.o (__divsi3)
c:/intel/nios2eds/bin/gnu/h-i686-mingw32/bin/../lib/gcc/nios2-elf/4.1.2/mno-hw-mul\libgcc.a(lib2-mul.o)
                              obj/default/includes/lcd.o (__mulsi3)
../fpga_bsp/\libhal_bsp.a(alt_iic.o)
                              obj/default/source.o (alt_ic_isr_register)
../fpga_bsp/\libhal_bsp.a(alt_iic_isr_register.o)
                              ../fpga_bsp/\libhal_bsp.a(alt_iic.o) (alt_iic_isr_register)
../fpga_bsp/\libhal_bsp.a(alt_irq_entry.o)
                              ../fpga_bsp/\libhal_bsp.a(alt_iic_isr_register.o) (alt_irq_entry)
../fpga_bsp/\libhal_bsp.a(alt_irq_handler.o)
                              ../fpga_bsp/\libhal_bsp.a(alt_iic_isr_register.o) (alt_irq_handler)
../fpga_bsp/\libhal_bsp.a(alt_irq_vars.o)
                              ../fpga_bsp/\libhal_bsp.a(alt_iic.o) (alt_irq_active)
../fpga_bsp/\libhal_bsp.a(alt_load.o)
                              ../fpga_bsp//obj/HAL/src/crt0.o (alt_load)
../fpga_bsp/\libhal_bsp.a(alt_main.o)
                              ../fpga_bsp//obj/HAL/src/crt0.o (alt_main)
../fpga_bsp/\libhal_bsp.a(alt_sys_init.o)
                              ../fpga_bsp/\libhal_bsp.a(alt_main.o) (alt_irq_init)
../fpga_bsp/\libhal_bsp.a(altera_avalon_jtag_uart_fd.o)
                              ../fpga_bsp/\libhal_bsp.a(alt_sys_init.o) (altera_avalon_jtag_uart_read_fd)
../fpga_bsp/\libhal_bsp.a(altera_avalon_jtag_uart_read.o)
                              ../fpga_bsp/\libhal_bsp.a(altera_avalon_jtag_uart_fd.o) (altera_avalon_jtag_uart_read)
../fpga_bsp/\libhal_bsp.a(altera_avalon_jtag_uart_write.o)
                              ../fpga_bsp/\libhal_bsp.a(altera_avalon_jtag_uart_fd.o) (altera_avalon_jtag_uart_write)
../fpga_bsp/\libhal_bsp.a(altera_avalon_uart_fd.o)
                              ../fpga_bsp/\libhal_bsp.a(alt_sys_init.o) (altera_avalon_uart_read_fd)
../fpga_bsp/\libhal_bsp.a(altera_avalon_uart_read.o)
                              ../fpga_bsp/\libhal_bsp.a(altera_avalon_uart_fd.o) (altera_avalon_uart_read)
../fpga_bsp/\libhal_bsp.a(altera_avalon_uart_write.o)
                              ../fpga_bsp/\libhal_bsp.a(altera_avalon_uart_fd.o) (altera_avalon_uart_write)
../fpga_bsp/\libhal_bsp.a(alt_close.o)
                              ../fpga_bsp/\libhal_bsp.a(alt_main.o) (close)
../fpga_bsp/\libhal_bsp.a(alt_dcache_flush_all.o)
                              ../fpga_bsp/\libhal_bsp.a(alt_load.o) (alt_dcache_flush_all)
../fpga_bsp/\libhal_bsp.a(alt_dev.o)
                              ../fpga_bsp/\libhal_bsp.a(alt_sys_init.o) (alt_dev_list)
../fpga_bsp/\libhal_bsp.a(alt_dev_llist_insert.o)
                              ../fpga_bsp/\libhal_bsp.a(alt_sys_init.o) (alt_dev_llist_insert)
../fpga_bsp/\libhal_bsp.a(alt_do_ctors.o)
                              ../fpga_bsp/\libhal_bsp.a(alt_main.o) (_do_ctors)
../fpga_bsp/\libhal_bsp.a(alt_do_dtors.o)
                              ../fpga_bsp/\libhal_bsp.a(alt_main.o) (_do_dtors)
../fpga_bsp/\libhal_bsp.a(alt_errno.o)
                              ../fpga_bsp/\libhal_bsp.a(altera_avalon_uart_read.o) (alt_errno)
../fpga_bsp/\libhal_bsp.a(alt_exception_entry.o)
                              ../fpga_bsp/\libhal_bsp.a(alt_irq_entry.o) (alt_exception)
../fpga_bsp/\libhal_bsp.a(alt_icache_flush_all.o)
                              ../fpga_bsp/\libhal_bsp.a(alt_load.o) (alt_icache_flush_all)
../fpga_bsp/\libhal_bsp.a(alt_io_redirect.o)
                              ../fpga_bsp/\libhal_bsp.a(alt_main.o) (alt_io_redirect)
../fpga_bsp/\libhal_bsp.a(alt_open.o)
                              ../fpga_bsp/\libhal_bsp.a(alt_io_redirect.o) (open)
../fpga_bsp/\libhal_bsp.a(alt_release_fd.o)
                              ../fpga_bsp/\libhal_bsp.a(alt_close.o) (alt_release_fd)
../fpga_bsp/\libhal_bsp.a(altera_nios2_qsys_irq.o)
                              ../fpga_bsp/\libhal_bsp.a(alt_sys_init.o) (altera_nios2_qsys_irq_init)
../fpga_bsp/\libhal_bsp.a(alt_find_dev.o)
                              ../fpga_bsp/\libhal_bsp.a(alt_open.o) (alt_find_dev)
../fpga_bsp/\libhal_bsp.a(alt_find_file.o)
                              ../fpga_bsp/\libhal_bsp.a(alt_open.o) (alt_find_file)
../fpga_bsp/\libhal_bsp.a(alt_get_fd.o)
                              ../fpga_bsp/\libhal_bsp.a(alt_open.o) (alt_get_fd)
c:/intel/nios2eds/bin/gnu/h-i686-mingw32/bin/../lib/gcc/nios2-elf/4.1.2/../../../../nios2-elf/lib/mno-hw-mul\libsmallc.a(lib_a-atexit.o)
                              ../fpga_bsp/\libhal_bsp.a(alt_main.o) (atexit)
c:/intel/nios2eds/bin/gnu/h-i686-mingw32/bin/../lib/gcc/nios2-elf/4.1.2/../../../../nios2-elf/lib/mno-hw-mul\libsmallc.a(lib_a-exit.o)
                              ../fpga_bsp/\libhal_bsp.a(alt_main.o) (exit)
c:/intel/nios2eds/bin/gnu/h-i686-mingw32/bin/../lib/gcc/nios2-elf/4.1.2/../../../../nios2-elf/lib/mno-hw-mul\libsmallc.a(lib_a-int_errno.o)
                              ../fpga_bsp/\libhal_bsp.a(altera_avalon_uart_read.o) (errno)
c:/intel/nios2eds/bin/gnu/h-i686-mingw32/bin/../lib/gcc/nios2-elf/4.1.2/../../../../nios2-elf/lib/mno-hw-mul\libsmallc.a(lib_a-memcmp.o)
                              ../fpga_bsp/\libhal_bsp.a(alt_find_dev.o) (memcmp)
c:/intel/nios2eds/bin/gnu/h-i686-mingw32/bin/../lib/gcc/nios2-elf/4.1.2/../../../../nios2-elf/lib/mno-hw-mul\libsmallc.a(lib_a-strlen.o)
                              ../fpga_bsp/\libhal_bsp.a(alt_find_dev.o) (strlen)
c:/intel/nios2eds/bin/gnu/h-i686-mingw32/bin/../lib/gcc/nios2-elf/4.1.2/../../../../nios2-elf/lib/mno-hw-mul\libsmallc.a(lib_a-__atexit.o)
                              c:/intel/nios2eds/bin/gnu/h-i686-mingw32/bin/../lib/gcc/nios2-elf/4.1.2/../../../../nios2-elf/lib/mno-hw-mul\libsmallc.a(lib_a-atexit.o) (__register_exitproc)
c:/intel/nios2eds/bin/gnu/h-i686-mingw32/bin/../lib/gcc/nios2-elf/4.1.2/../../../../nios2-elf/lib/mno-hw-mul\libsmallc.a(lib_a-__call_atexit.o)
                              c:/intel/nios2eds/bin/gnu/h-i686-mingw32/bin/../lib/gcc/nios2-elf/4.1.2/../../../../nios2-elf/lib/mno-hw-mul\libsmallc.a(lib_a-exit.o) (__call_exitprocs)
c:/intel/nios2eds/bin/gnu/h-i686-mingw32/bin/../lib/gcc/nios2-elf/4.1.2/../../../../nios2-elf/lib/mno-hw-mul\libsmallc.a(lib_a-impure.o)
                              c:/intel/nios2eds/bin/gnu/h-i686-mingw32/bin/../lib/gcc/nios2-elf/4.1.2/../../../../nios2-elf/lib/mno-hw-mul\libsmallc.a(lib_a-__atexit.o) (_global_impure_ptr)
../fpga_bsp/\libhal_bsp.a(alt_exit.o)
                              c:/intel/nios2eds/bin/gnu/h-i686-mingw32/bin/../lib/gcc/nios2-elf/4.1.2/../../../../nios2-elf/lib/mno-hw-mul\libsmallc.a(lib_a-exit.o) (_exit)

Allocating common symbols
Common symbol       size              file

alt_irq             0x100             ../fpga_bsp/\libhal_bsp.a(alt_irq_handler.o)
errno               0x4               c:/intel/nios2eds/bin/gnu/h-i686-mingw32/bin/../lib/gcc/nios2-elf/4.1.2/../../../../nios2-elf/lib/mno-hw-mul\libsmallc.a(lib_a-int_errno.o)
_atexit0            0x8c              c:/intel/nios2eds/bin/gnu/h-i686-mingw32/bin/../lib/gcc/nios2-elf/4.1.2/../../../../nios2-elf/lib/mno-hw-mul\libsmallc.a(lib_a-atexit.o)

Memory Configuration

Name             Origin             Length             Attributes
reset            0x00008000         0x00000020
onchip_memory2_0 0x00008020         0x00007fe0
*default*        0x00000000         0xffffffff

Linker script and memory map

LOAD ../fpga_bsp//obj/HAL/src/crt0.o
LOAD obj/default/includes/datetime.o
LOAD obj/default/includes/lcd.o
LOAD obj/default/includes/timer_ctrl.o
LOAD obj/default/source.o
LOAD c:/intel/nios2eds/bin/gnu/h-i686-mingw32/bin/../lib/gcc/nios2-elf/4.1.2/../../../../nios2-elf/lib/mno-hw-mul\libstdc++.a
LOAD c:/intel/nios2eds/bin/gnu/h-i686-mingw32/bin/../lib/gcc/nios2-elf/4.1.2/../../../../nios2-elf/lib/mno-hw-mul\libm.a
LOAD c:/intel/nios2eds/bin/gnu/h-i686-mingw32/bin/../lib/gcc/nios2-elf/4.1.2/mno-hw-mul\libgcc.a
START GROUP
LOAD c:/intel/nios2eds/bin/gnu/h-i686-mingw32/bin/../lib/gcc/nios2-elf/4.1.2/../../../../nios2-elf/lib/mno-hw-mul\libsmallc.a
LOAD c:/intel/nios2eds/bin/gnu/h-i686-mingw32/bin/../lib/gcc/nios2-elf/4.1.2/mno-hw-mul\libgcc.a
LOAD ../fpga_bsp/\libhal_bsp.a
END GROUP
LOAD c:/intel/nios2eds/bin/gnu/h-i686-mingw32/bin/../lib/gcc/nios2-elf/4.1.2/mno-hw-mul\libgcc.a
                0x00008000                __alt_mem_onchip_memory2_0 = 0x8000

.entry          0x00008000       0x20
 *(.entry)
 .entry         0x00008000       0x20 ../fpga_bsp//obj/HAL/src/crt0.o
                0x00008000                __reset

.exceptions     0x00008020      0x194
                0x00008020                PROVIDE (__ram_exceptions_start, ABSOLUTE (.))
                0x00008020                . = ALIGN (0x20)
 *(.irq)
 *(.exceptions.entry.label)
 .exceptions.entry.label
                0x00008020        0x0 ../fpga_bsp/\libhal_bsp.a(alt_irq_entry.o)
                0x00008020                alt_irq_entry
 .exceptions.entry.label
                0x00008020        0x0 ../fpga_bsp/\libhal_bsp.a(alt_exception_entry.o)
                0x00008020                alt_exception
 *(.exceptions.entry.user)
 *(.exceptions.entry)
 .exceptions.entry
                0x00008020       0x54 ../fpga_bsp/\libhal_bsp.a(alt_exception_entry.o)
 *(.exceptions.irqtest.user)
 *(.exceptions.irqtest)
 .exceptions.irqtest
                0x00008074       0x10 ../fpga_bsp/\libhal_bsp.a(alt_irq_entry.o)
 *(.exceptions.irqhandler.user)
 *(.exceptions.irqhandler)
 .exceptions.irqhandler
                0x00008084        0x4 ../fpga_bsp/\libhal_bsp.a(alt_irq_entry.o)
 *(.exceptions.irqreturn.user)
 *(.exceptions.irqreturn)
 .exceptions.irqreturn
                0x00008088        0x4 ../fpga_bsp/\libhal_bsp.a(alt_irq_entry.o)
 *(.exceptions.notirq.label)
 .exceptions.notirq.label
                0x0000808c        0x0 ../fpga_bsp/\libhal_bsp.a(alt_irq_entry.o)
 *(.exceptions.notirq.user)
 *(.exceptions.notirq)
 .exceptions.notirq
                0x0000808c        0x8 ../fpga_bsp/\libhal_bsp.a(alt_exception_entry.o)
 *(.exceptions.soft.user)
 *(.exceptions.soft)
 *(.exceptions.unknown.user)
 *(.exceptions.unknown)
 .exceptions.unknown
                0x00008094        0x4 ../fpga_bsp/\libhal_bsp.a(alt_exception_entry.o)
 *(.exceptions.exit.label)
 .exceptions.exit.label
                0x00008098        0x0 ../fpga_bsp/\libhal_bsp.a(alt_irq_entry.o)
 .exceptions.exit.label
                0x00008098        0x0 ../fpga_bsp/\libhal_bsp.a(alt_exception_entry.o)
 *(.exceptions.exit.user)
 *(.exceptions.exit)
 .exceptions.exit
                0x00008098       0x54 ../fpga_bsp/\libhal_bsp.a(alt_exception_entry.o)
 *(.exceptions)
 .exceptions    0x000080ec       0xc8 ../fpga_bsp/\libhal_bsp.a(alt_irq_handler.o)
                0x000080ec                alt_irq_handler
                0x000081b4                PROVIDE (__ram_exceptions_end, ABSOLUTE (.))
                0x00008020                PROVIDE (__flash_exceptions_start, LOADADDR (.exceptions))

.text           0x000081b4     0x253c
                0x000081b4                PROVIDE (stext, ABSOLUTE (.))
 *(.interp)
 *(.hash)
 *(.dynsym)
 *(.dynstr)
 *(.gnu.version)
 *(.gnu.version_d)
 *(.gnu.version_r)
 *(.rel.init)
 *(.rela.init)
 *(.rel.text .rel.text.* .rel.gnu.linkonce.t.*)
 *(.rela.text .rela.text.* .rela.gnu.linkonce.t.*)
 *(.rel.fini)
 *(.rela.fini)
 *(.rel.rodata .rel.rodata.* .rel.gnu.linkonce.r.*)
 *(.rela.rodata .rela.rodata.* .rela.gnu.linkonce.r.*)
 *(.rel.data .rel.data.* .rel.gnu.linkonce.d.*)
 *(.rela.data .rela.data.* .rela.gnu.linkonce.d.*)
 *(.rel.tdata .rel.tdata.* .rel.gnu.linkonce.td.*)
 *(.rela.tdata .rela.tdata.* .rela.gnu.linkonce.td.*)
 *(.rel.tbss .rel.tbss.* .rel.gnu.linkonce.tb.*)
 *(.rela.tbss .rela.tbss.* .rela.gnu.linkonce.tb.*)
 *(.rel.ctors)
 *(.rela.ctors)
 *(.rel.dtors)
 *(.rela.dtors)
 *(.rel.got)
 *(.rela.got)
 *(.rel.sdata .rel.sdata.* .rel.gnu.linkonce.s.*)
 *(.rela.sdata .rela.sdata.* .rela.gnu.linkonce.s.*)
 *(.rel.sbss .rel.sbss.* .rel.gnu.linkonce.sb.*)
 *(.rela.sbss .rela.sbss.* .rela.gnu.linkonce.sb.*)
 *(.rel.sdata2 .rel.sdata2.* .rel.gnu.linkonce.s2.*)
 *(.rela.sdata2 .rela.sdata2.* .rela.gnu.linkonce.s2.*)
 *(.rel.sbss2 .rel.sbss2.* .rel.gnu.linkonce.sb2.*)
 *(.rela.sbss2 .rela.sbss2.* .rela.gnu.linkonce.sb2.*)
 *(.rel.bss .rel.bss.* .rel.gnu.linkonce.b.*)
 *(.rela.bss .rela.bss.* .rela.gnu.linkonce.b.*)
 *(.rel.plt)
 *(.rela.plt)
 *(.rel.dyn)
 *(.init)
 *(.plt)
 *(.text .stub .text.* .gnu.linkonce.t.*)
 .text          0x000081b4       0x3c ../fpga_bsp//obj/HAL/src/crt0.o
                0x000081b4                _start
 .text          0x000081f0      0x314 obj/default/includes/datetime.o
                0x000081f0                datetime_get
                0x00008214                datetime_tick
 .text          0x00008504      0x5e4 obj/default/includes/lcd.o
                0x000087f4                lcd_init
                0x00008850                lcd_power_on
                0x0000888c                lcd_show_datetime
 .text          0x00008ae8       0x9c obj/default/includes/timer_ctrl.o
                0x00008ae8                timer_init_1s
                0x00008b58                timer_clear_timeout
 .text          0x00008b84       0x84 obj/default/source.o
                0x00008b84                Timer_IQR_Handler
                0x00008bc0                main
 .text          0x00008c08      0x14c c:/intel/nios2eds/bin/gnu/h-i686-mingw32/bin/../lib/gcc/nios2-elf/4.1.2/mno-hw-mul\libgcc.a(lib2-divmod.o)
                0x00008c84                __divsi3
                0x00008ce4                __modsi3
                0x00008d44                __udivsi3
                0x00008d4c                __umodsi3
 .text          0x00008d54       0x38 c:/intel/nios2eds/bin/gnu/h-i686-mingw32/bin/../lib/gcc/nios2-elf/4.1.2/mno-hw-mul\libgcc.a(lib2-mul.o)
                0x00008d54                __mulsi3
 .text          0x00008d8c      0x1d4 ../fpga_bsp/\libhal_bsp.a(alt_iic.o)
                0x00008d8c                alt_ic_isr_register
                0x00008ddc                alt_ic_irq_enable
                0x00008e78                alt_ic_irq_disable
                0x00008f18                alt_ic_irq_enabled
 .text          0x00008f60       0xf8 ../fpga_bsp/\libhal_bsp.a(alt_iic_isr_register.o)
                0x00008f60                alt_iic_isr_register
 .text          0x00009058        0x0 ../fpga_bsp/\libhal_bsp.a(alt_irq_entry.o)
 .text          0x00009058        0x0 ../fpga_bsp/\libhal_bsp.a(alt_irq_handler.o)
 .text          0x00009058        0x0 ../fpga_bsp/\libhal_bsp.a(alt_irq_vars.o)
 .text          0x00009058       0xec ../fpga_bsp/\libhal_bsp.a(alt_load.o)
                0x00009058                alt_load
 .text          0x00009144       0x6c ../fpga_bsp/\libhal_bsp.a(alt_main.o)
                0x00009144                alt_main
 .text          0x000091b0       0xa8 ../fpga_bsp/\libhal_bsp.a(alt_sys_init.o)
                0x000091b0                alt_irq_init
                0x000091e4                alt_sys_init
 .text          0x00009258       0xb0 ../fpga_bsp/\libhal_bsp.a(altera_avalon_jtag_uart_fd.o)
                0x00009258                altera_avalon_jtag_uart_read_fd
                0x000092b0                altera_avalon_jtag_uart_write_fd
 .text          0x00009308      0x104 ../fpga_bsp/\libhal_bsp.a(altera_avalon_jtag_uart_read.o)
                0x00009308                altera_avalon_jtag_uart_read
 .text          0x0000940c       0xa4 ../fpga_bsp/\libhal_bsp.a(altera_avalon_jtag_uart_write.o)
                0x0000940c                altera_avalon_jtag_uart_write
 .text          0x000094b0       0xb0 ../fpga_bsp/\libhal_bsp.a(altera_avalon_uart_fd.o)
                0x000094b0                altera_avalon_uart_read_fd
                0x00009508                altera_avalon_uart_write_fd
 .text          0x00009560      0x130 ../fpga_bsp/\libhal_bsp.a(altera_avalon_uart_read.o)
                0x00009560                altera_avalon_uart_read
 .text          0x00009690      0x150 ../fpga_bsp/\libhal_bsp.a(altera_avalon_uart_write.o)
                0x00009690                altera_avalon_uart_write
 .text          0x000097e0      0x160 ../fpga_bsp/\libhal_bsp.a(alt_close.o)
                0x000097e0                close
 .text          0x00009940       0x1c ../fpga_bsp/\libhal_bsp.a(alt_dcache_flush_all.o)
                0x00009940                alt_dcache_flush_all
 .text          0x0000995c       0x2c ../fpga_bsp/\libhal_bsp.a(alt_dev.o)
 .text          0x00009988      0x114 ../fpga_bsp/\libhal_bsp.a(alt_dev_llist_insert.o)
                0x00009988                alt_dev_llist_insert
 .text          0x00009a9c       0x64 ../fpga_bsp/\libhal_bsp.a(alt_do_ctors.o)
                0x00009a9c                _do_ctors
 .text          0x00009b00       0x64 ../fpga_bsp/\libhal_bsp.a(alt_do_dtors.o)
                0x00009b00                _do_dtors
 .text          0x00009b64        0x0 ../fpga_bsp/\libhal_bsp.a(alt_errno.o)
 .text          0x00009b64        0x0 ../fpga_bsp/\libhal_bsp.a(alt_exception_entry.o)
 .text          0x00009b64       0x1c ../fpga_bsp/\libhal_bsp.a(alt_icache_flush_all.o)
                0x00009b64                alt_icache_flush_all
 .text          0x00009b80      0x150 ../fpga_bsp/\libhal_bsp.a(alt_io_redirect.o)
                0x00009c58                alt_io_redirect
 .text          0x00009cd0      0x2e4 ../fpga_bsp/\libhal_bsp.a(alt_open.o)
                0x00009dc8                open
 .text          0x00009fb4       0x78 ../fpga_bsp/\libhal_bsp.a(alt_release_fd.o)
                0x00009fb4                alt_release_fd
 .text          0x0000a02c       0x20 ../fpga_bsp/\libhal_bsp.a(altera_nios2_qsys_irq.o)
                0x0000a02c                altera_nios2_qsys_irq_init
 .text          0x0000a04c       0x94 ../fpga_bsp/\libhal_bsp.a(alt_find_dev.o)
                0x0000a04c                alt_find_dev
 .text          0x0000a0e0      0x120 ../fpga_bsp/\libhal_bsp.a(alt_find_file.o)
                0x0000a0e0                alt_find_file
 .text          0x0000a200       0xd0 ../fpga_bsp/\libhal_bsp.a(alt_get_fd.o)
                0x0000a200                alt_get_fd
 .text          0x0000a2d0       0x14 c:/intel/nios2eds/bin/gnu/h-i686-mingw32/bin/../lib/gcc/nios2-elf/4.1.2/../../../../nios2-elf/lib/mno-hw-mul\libsmallc.a(lib_a-atexit.o)
                0x0000a2d0                atexit
 .text          0x0000a2e4       0x20 c:/intel/nios2eds/bin/gnu/h-i686-mingw32/bin/../lib/gcc/nios2-elf/4.1.2/../../../../nios2-elf/lib/mno-hw-mul\libsmallc.a(lib_a-exit.o)
                0x0000a2e4                exit
 .text          0x0000a304        0x0 c:/intel/nios2eds/bin/gnu/h-i686-mingw32/bin/../lib/gcc/nios2-elf/4.1.2/../../../../nios2-elf/lib/mno-hw-mul\libsmallc.a(lib_a-int_errno.o)
 .text          0x0000a304       0x3c c:/intel/nios2eds/bin/gnu/h-i686-mingw32/bin/../lib/gcc/nios2-elf/4.1.2/../../../../nios2-elf/lib/mno-hw-mul\libsmallc.a(lib_a-memcmp.o)
                0x0000a304                memcmp
 .text          0x0000a340       0x20 c:/intel/nios2eds/bin/gnu/h-i686-mingw32/bin/../lib/gcc/nios2-elf/4.1.2/../../../../nios2-elf/lib/mno-hw-mul\libsmallc.a(lib_a-strlen.o)
                0x0000a340                strlen
 .text          0x0000a360      0x16c c:/intel/nios2eds/bin/gnu/h-i686-mingw32/bin/../lib/gcc/nios2-elf/4.1.2/../../../../nios2-elf/lib/mno-hw-mul\libsmallc.a(lib_a-__atexit.o)
                0x0000a360                __register_exitproc
 .text          0x0000a4cc      0x1c0 c:/intel/nios2eds/bin/gnu/h-i686-mingw32/bin/../lib/gcc/nios2-elf/4.1.2/../../../../nios2-elf/lib/mno-hw-mul\libsmallc.a(lib_a-__call_atexit.o)
                0x0000a4d0                __call_exitprocs
 .text          0x0000a68c        0x0 c:/intel/nios2eds/bin/gnu/h-i686-mingw32/bin/../lib/gcc/nios2-elf/4.1.2/../../../../nios2-elf/lib/mno-hw-mul\libsmallc.a(lib_a-impure.o)
 .text          0x0000a68c       0x60 ../fpga_bsp/\libhal_bsp.a(alt_exit.o)
                0x0000a6cc                _exit
 *(.gnu.warning.*)
 *(.fini)
                0x0000a6ec                PROVIDE (__etext, ABSOLUTE (.))
                0x0000a6ec                PROVIDE (_etext, ABSOLUTE (.))
                0x0000a6ec                PROVIDE (etext, ABSOLUTE (.))
 *(.eh_frame_hdr)
                0x0000a6ec                . = ALIGN (0x4)
                0x0000a6ec                PROVIDE (__preinit_array_start, ABSOLUTE (.))
 *(.preinit_array)
                0x0000a6ec                PROVIDE (__preinit_array_end, ABSOLUTE (.))
                0x0000a6ec                PROVIDE (__init_array_start, ABSOLUTE (.))
 *(.init_array)
                0x0000a6ec                PROVIDE (__init_array_end, ABSOLUTE (.))
                0x0000a6ec                PROVIDE (__fini_array_start, ABSOLUTE (.))
 *(.fini_array)
                0x0000a6ec                PROVIDE (__fini_array_end, ABSOLUTE (.))
 *(.eh_frame)
 *(.gcc_except_table)
 *(.dynamic)
                0x0000a6ec                PROVIDE (__CTOR_LIST__, ABSOLUTE (.))
 *(.ctors)
 *(SORT(.ctors.*))
 .ctors.65535   0x0000a6ec        0x4 c:/intel/nios2eds/bin/gnu/h-i686-mingw32/bin/../lib/gcc/nios2-elf/4.1.2/../../../../nios2-elf/lib/mno-hw-mul\libsmallc.a(lib_a-__call_atexit.o)
                0x0000a6f0                PROVIDE (__CTOR_END__, ABSOLUTE (.))
                0x0000a6f0                PROVIDE (__DTOR_LIST__, ABSOLUTE (.))
 *(.dtors)
 *(SORT(.dtors.*))
                0x0000a6f0                PROVIDE (__DTOR_END__, ABSOLUTE (.))
 *(.jcr)
                0x0000a6f0                . = ALIGN (0x4)

.rodata         0x0000a6f0       0x40
                0x0000a6f0                PROVIDE (__ram_rodata_start, ABSOLUTE (.))
                0x0000a6f0                . = ALIGN (0x4)
 *(.rodata .rodata.* .gnu.linkonce.r.*)
 .rodata        0x0000a6f0       0x14 ../fpga_bsp/\libhal_bsp.a(alt_main.o)
 .rodata        0x0000a704       0x20 ../fpga_bsp/\libhal_bsp.a(alt_sys_init.o)
 .rodata        0x0000a724        0xc ../fpga_bsp/\libhal_bsp.a(alt_dev.o)
 *(.rodata1)
                0x0000a730                . = ALIGN (0x4)
                0x0000a730                PROVIDE (__ram_rodata_end, ABSOLUTE (.))
                0x0000a6f0                PROVIDE (__flash_rodata_start, LOADADDR (.rodata))

.rwdata         0x0000a730      0x31c load address 0x0000aa4c
                0x0000a730                PROVIDE (__ram_rwdata_start, ABSOLUTE (.))
                0x0000a730                . = ALIGN (0x4)
 *(.got.plt)
 *(.got)
 *(.data1)
 *(.data .data.* .gnu.linkonce.d.*)
 .data          0x0000a730        0x0 ../fpga_bsp//obj/HAL/src/crt0.o
 .data          0x0000a730       0x18 obj/default/includes/datetime.o
 .data          0x0000a748        0x0 obj/default/includes/lcd.o
 .data          0x0000a748        0x0 obj/default/includes/timer_ctrl.o
 .data          0x0000a748        0x0 obj/default/source.o
 .data          0x0000a748        0x0 c:/intel/nios2eds/bin/gnu/h-i686-mingw32/bin/../lib/gcc/nios2-elf/4.1.2/mno-hw-mul\libgcc.a(lib2-divmod.o)
 .data          0x0000a748        0x0 c:/intel/nios2eds/bin/gnu/h-i686-mingw32/bin/../lib/gcc/nios2-elf/4.1.2/mno-hw-mul\libgcc.a(lib2-mul.o)
 .data          0x0000a748        0x0 ../fpga_bsp/\libhal_bsp.a(alt_iic.o)
 .data          0x0000a748        0x0 ../fpga_bsp/\libhal_bsp.a(alt_iic_isr_register.o)
 .data          0x0000a748        0x0 ../fpga_bsp/\libhal_bsp.a(alt_irq_entry.o)
 .data          0x0000a748        0x0 ../fpga_bsp/\libhal_bsp.a(alt_irq_handler.o)
 .data          0x0000a748        0x0 ../fpga_bsp/\libhal_bsp.a(alt_irq_vars.o)
 .data          0x0000a748        0x0 ../fpga_bsp/\libhal_bsp.a(alt_load.o)
 .data          0x0000a748        0x0 ../fpga_bsp/\libhal_bsp.a(alt_main.o)
 .data          0x0000a748       0x58 ../fpga_bsp/\libhal_bsp.a(alt_sys_init.o)
 .data          0x0000a7a0        0x0 ../fpga_bsp/\libhal_bsp.a(altera_avalon_jtag_uart_fd.o)
 .data          0x0000a7a0        0x0 ../fpga_bsp/\libhal_bsp.a(altera_avalon_jtag_uart_read.o)
 .data          0x0000a7a0        0x0 ../fpga_bsp/\libhal_bsp.a(altera_avalon_jtag_uart_write.o)
 .data          0x0000a7a0        0x0 ../fpga_bsp/\libhal_bsp.a(altera_avalon_uart_fd.o)
 .data          0x0000a7a0        0x0 ../fpga_bsp/\libhal_bsp.a(altera_avalon_uart_read.o)
 .data          0x0000a7a0        0x0 ../fpga_bsp/\libhal_bsp.a(altera_avalon_uart_write.o)
 .data          0x0000a7a0        0x0 ../fpga_bsp/\libhal_bsp.a(alt_close.o)
 .data          0x0000a7a0        0x0 ../fpga_bsp/\libhal_bsp.a(alt_dcache_flush_all.o)
 .data          0x0000a7a0      0x1a8 ../fpga_bsp/\libhal_bsp.a(alt_dev.o)
                0x0000a7a0                alt_dev_null
                0x0000a7c8                alt_fd_list
 .data          0x0000a948        0x0 ../fpga_bsp/\libhal_bsp.a(alt_dev_llist_insert.o)
 .data          0x0000a948        0x0 ../fpga_bsp/\libhal_bsp.a(alt_do_ctors.o)
 .data          0x0000a948        0x0 ../fpga_bsp/\libhal_bsp.a(alt_do_dtors.o)
 .data          0x0000a948        0x0 ../fpga_bsp/\libhal_bsp.a(alt_errno.o)
 .data          0x0000a948        0x0 ../fpga_bsp/\libhal_bsp.a(alt_exception_entry.o)
 .data          0x0000a948        0x0 ../fpga_bsp/\libhal_bsp.a(alt_icache_flush_all.o)
 .data          0x0000a948        0x0 ../fpga_bsp/\libhal_bsp.a(alt_io_redirect.o)
 .data          0x0000a948        0x0 ../fpga_bsp/\libhal_bsp.a(alt_open.o)
 .data          0x0000a948        0x0 ../fpga_bsp/\libhal_bsp.a(alt_release_fd.o)
 .data          0x0000a948        0x0 ../fpga_bsp/\libhal_bsp.a(altera_nios2_qsys_irq.o)
 .data          0x0000a948        0x0 ../fpga_bsp/\libhal_bsp.a(alt_find_dev.o)
 .data          0x0000a948        0x0 ../fpga_bsp/\libhal_bsp.a(alt_find_file.o)
 .data          0x0000a948        0x0 ../fpga_bsp/\libhal_bsp.a(alt_get_fd.o)
 .data          0x0000a948        0x0 c:/intel/nios2eds/bin/gnu/h-i686-mingw32/bin/../lib/gcc/nios2-elf/4.1.2/../../../../nios2-elf/lib/mno-hw-mul\libsmallc.a(lib_a-atexit.o)
 .data          0x0000a948        0x0 c:/intel/nios2eds/bin/gnu/h-i686-mingw32/bin/../lib/gcc/nios2-elf/4.1.2/../../../../nios2-elf/lib/mno-hw-mul\libsmallc.a(lib_a-exit.o)
 .data          0x0000a948        0x0 c:/intel/nios2eds/bin/gnu/h-i686-mingw32/bin/../lib/gcc/nios2-elf/4.1.2/../../../../nios2-elf/lib/mno-hw-mul\libsmallc.a(lib_a-int_errno.o)
 .data          0x0000a948        0x0 c:/intel/nios2eds/bin/gnu/h-i686-mingw32/bin/../lib/gcc/nios2-elf/4.1.2/../../../../nios2-elf/lib/mno-hw-mul\libsmallc.a(lib_a-memcmp.o)
 .data          0x0000a948        0x0 c:/intel/nios2eds/bin/gnu/h-i686-mingw32/bin/../lib/gcc/nios2-elf/4.1.2/../../../../nios2-elf/lib/mno-hw-mul\libsmallc.a(lib_a-strlen.o)
 .data          0x0000a948        0x0 c:/intel/nios2eds/bin/gnu/h-i686-mingw32/bin/../lib/gcc/nios2-elf/4.1.2/../../../../nios2-elf/lib/mno-hw-mul\libsmallc.a(lib_a-__atexit.o)
 .data          0x0000a948        0x0 c:/intel/nios2eds/bin/gnu/h-i686-mingw32/bin/../lib/gcc/nios2-elf/4.1.2/../../../../nios2-elf/lib/mno-hw-mul\libsmallc.a(lib_a-__call_atexit.o)
 .data          0x0000a948       0xe0 c:/intel/nios2eds/bin/gnu/h-i686-mingw32/bin/../lib/gcc/nios2-elf/4.1.2/../../../../nios2-elf/lib/mno-hw-mul\libsmallc.a(lib_a-impure.o)
 .data          0x0000aa28        0x0 ../fpga_bsp/\libhal_bsp.a(alt_exit.o)
                0x00012a28                _gp = ABSOLUTE ((. + 0x8000))
                0x00012a28                PROVIDE (gp, _gp)
 *(.rwdata .rwdata.*)
 *(.sdata .sdata.* .gnu.linkonce.s.*)
 .sdata         0x0000aa28        0x4 ../fpga_bsp/\libhal_bsp.a(alt_irq_vars.o)
                0x0000aa28                alt_priority_mask
 .sdata         0x0000aa2c       0x14 ../fpga_bsp/\libhal_bsp.a(alt_dev.o)
                0x0000aa2c                alt_fs_list
                0x0000aa34                alt_dev_list
                0x0000aa3c                alt_max_fd
 .sdata         0x0000aa40        0x4 ../fpga_bsp/\libhal_bsp.a(alt_errno.o)
                0x0000aa40                alt_errno
 .sdata         0x0000aa44        0x8 c:/intel/nios2eds/bin/gnu/h-i686-mingw32/bin/../lib/gcc/nios2-elf/4.1.2/../../../../nios2-elf/lib/mno-hw-mul\libsmallc.a(lib_a-impure.o)
                0x0000aa44                _impure_ptr
                0x0000aa48                _global_impure_ptr
 *(.sdata2 .sdata2.* .gnu.linkonce.s2.*)
                0x0000aa4c                . = ALIGN (0x4)
                0x0000aa4c                _edata = ABSOLUTE (.)
                0x0000aa4c                PROVIDE (edata, ABSOLUTE (.))
                0x0000aa4c                PROVIDE (__ram_rwdata_end, ABSOLUTE (.))
                0x0000aa4c                PROVIDE (__flash_rwdata_start, LOADADDR (.rwdata))

.bss            0x0000ad68      0x1bc
                0x0000ad68                __bss_start = ABSOLUTE (.)
                0x0000ad68                PROVIDE (__sbss_start, ABSOLUTE (.))
                0x0000ad68                PROVIDE (___sbss_start, ABSOLUTE (.))
 *(.dynsbss)
 *(.sbss .sbss.* .gnu.linkonce.sb.*)
 .sbss          0x0000ad68        0x4 obj/default/includes/lcd.o
 .sbss          0x0000ad6c        0x4 ../fpga_bsp/\libhal_bsp.a(alt_irq_vars.o)
                0x0000ad6c                alt_irq_active
 .sbss          0x0000ad70        0xc ../fpga_bsp/\libhal_bsp.a(alt_main.o)
                0x0000ad70                alt_argc
                0x0000ad74                alt_argv
                0x0000ad78                alt_envp
 .sbss          0x0000ad7c        0x4 c:/intel/nios2eds/bin/gnu/h-i686-mingw32/bin/../lib/gcc/nios2-elf/4.1.2/../../../../nios2-elf/lib/mno-hw-mul\libsmallc.a(lib_a-int_errno.o)
                0x0000ad7c                errno
 *(.sbss2 .sbss2.* .gnu.linkonce.sb2.*)
 *(.scommon)
                0x0000ad80                PROVIDE (__sbss_end, ABSOLUTE (.))
                0x0000ad80                PROVIDE (___sbss_end, ABSOLUTE (.))
 *(.dynbss)
 *(.bss .bss.* .gnu.linkonce.b.*)
 .bss           0x0000ad80        0x0 ../fpga_bsp//obj/HAL/src/crt0.o
 .bss           0x0000ad80        0x0 obj/default/includes/datetime.o
 .bss           0x0000ad80       0x18 obj/default/includes/lcd.o
 .bss           0x0000ad98        0x0 obj/default/includes/timer_ctrl.o
 .bss           0x0000ad98        0x0 obj/default/source.o
 .bss           0x0000ad98        0x0 c:/intel/nios2eds/bin/gnu/h-i686-mingw32/bin/../lib/gcc/nios2-elf/4.1.2/mno-hw-mul\libgcc.a(lib2-divmod.o)
 .bss           0x0000ad98        0x0 c:/intel/nios2eds/bin/gnu/h-i686-mingw32/bin/../lib/gcc/nios2-elf/4.1.2/mno-hw-mul\libgcc.a(lib2-mul.o)
 .bss           0x0000ad98        0x0 ../fpga_bsp/\libhal_bsp.a(alt_iic.o)
 .bss           0x0000ad98        0x0 ../fpga_bsp/\libhal_bsp.a(alt_iic_isr_register.o)
 .bss           0x0000ad98        0x0 ../fpga_bsp/\libhal_bsp.a(alt_irq_entry.o)
 .bss           0x0000ad98        0x0 ../fpga_bsp/\libhal_bsp.a(alt_irq_handler.o)
 .bss           0x0000ad98        0x0 ../fpga_bsp/\libhal_bsp.a(alt_irq_vars.o)
 .bss           0x0000ad98        0x0 ../fpga_bsp/\libhal_bsp.a(alt_load.o)
 .bss           0x0000ad98        0x0 ../fpga_bsp/\libhal_bsp.a(alt_main.o)
 .bss           0x0000ad98        0x0 ../fpga_bsp/\libhal_bsp.a(alt_sys_init.o)
 .bss           0x0000ad98        0x0 ../fpga_bsp/\libhal_bsp.a(altera_avalon_jtag_uart_fd.o)
 .bss           0x0000ad98        0x0 ../fpga_bsp/\libhal_bsp.a(altera_avalon_jtag_uart_read.o)
 .bss           0x0000ad98        0x0 ../fpga_bsp/\libhal_bsp.a(altera_avalon_jtag_uart_write.o)
 .bss           0x0000ad98        0x0 ../fpga_bsp/\libhal_bsp.a(altera_avalon_uart_fd.o)
 .bss           0x0000ad98        0x0 ../fpga_bsp/\libhal_bsp.a(altera_avalon_uart_read.o)
 .bss           0x0000ad98        0x0 ../fpga_bsp/\libhal_bsp.a(altera_avalon_uart_write.o)
 .bss           0x0000ad98        0x0 ../fpga_bsp/\libhal_bsp.a(alt_close.o)
 .bss           0x0000ad98        0x0 ../fpga_bsp/\libhal_bsp.a(alt_dcache_flush_all.o)
 .bss           0x0000ad98        0x0 ../fpga_bsp/\libhal_bsp.a(alt_dev.o)
 .bss           0x0000ad98        0x0 ../fpga_bsp/\libhal_bsp.a(alt_dev_llist_insert.o)
 .bss           0x0000ad98        0x0 ../fpga_bsp/\libhal_bsp.a(alt_do_ctors.o)
 .bss           0x0000ad98        0x0 ../fpga_bsp/\libhal_bsp.a(alt_do_dtors.o)
 .bss           0x0000ad98        0x0 ../fpga_bsp/\libhal_bsp.a(alt_errno.o)
 .bss           0x0000ad98        0x0 ../fpga_bsp/\libhal_bsp.a(alt_exception_entry.o)
 .bss           0x0000ad98        0x0 ../fpga_bsp/\libhal_bsp.a(alt_icache_flush_all.o)
 .bss           0x0000ad98        0x0 ../fpga_bsp/\libhal_bsp.a(alt_io_redirect.o)
 .bss           0x0000ad98        0x0 ../fpga_bsp/\libhal_bsp.a(alt_open.o)
 .bss           0x0000ad98        0x0 ../fpga_bsp/\libhal_bsp.a(alt_release_fd.o)
 .bss           0x0000ad98        0x0 ../fpga_bsp/\libhal_bsp.a(altera_nios2_qsys_irq.o)
 .bss           0x0000ad98        0x0 ../fpga_bsp/\libhal_bsp.a(alt_find_dev.o)
 .bss           0x0000ad98        0x0 ../fpga_bsp/\libhal_bsp.a(alt_find_file.o)
 .bss           0x0000ad98        0x0 ../fpga_bsp/\libhal_bsp.a(alt_get_fd.o)
 .bss           0x0000ad98        0x0 c:/intel/nios2eds/bin/gnu/h-i686-mingw32/bin/../lib/gcc/nios2-elf/4.1.2/../../../../nios2-elf/lib/mno-hw-mul\libsmallc.a(lib_a-atexit.o)
 .bss           0x0000ad98        0x0 c:/intel/nios2eds/bin/gnu/h-i686-mingw32/bin/../lib/gcc/nios2-elf/4.1.2/../../../../nios2-elf/lib/mno-hw-mul\libsmallc.a(lib_a-exit.o)
 .bss           0x0000ad98        0x0 c:/intel/nios2eds/bin/gnu/h-i686-mingw32/bin/../lib/gcc/nios2-elf/4.1.2/../../../../nios2-elf/lib/mno-hw-mul\libsmallc.a(lib_a-int_errno.o)
 .bss           0x0000ad98        0x0 c:/intel/nios2eds/bin/gnu/h-i686-mingw32/bin/../lib/gcc/nios2-elf/4.1.2/../../../../nios2-elf/lib/mno-hw-mul\libsmallc.a(lib_a-memcmp.o)
 .bss           0x0000ad98        0x0 c:/intel/nios2eds/bin/gnu/h-i686-mingw32/bin/../lib/gcc/nios2-elf/4.1.2/../../../../nios2-elf/lib/mno-hw-mul\libsmallc.a(lib_a-strlen.o)
 .bss           0x0000ad98        0x0 c:/intel/nios2eds/bin/gnu/h-i686-mingw32/bin/../lib/gcc/nios2-elf/4.1.2/../../../../nios2-elf/lib/mno-hw-mul\libsmallc.a(lib_a-__atexit.o)
 .bss           0x0000ad98        0x0 c:/intel/nios2eds/bin/gnu/h-i686-mingw32/bin/../lib/gcc/nios2-elf/4.1.2/../../../../nios2-elf/lib/mno-hw-mul\libsmallc.a(lib_a-__call_atexit.o)
 .bss           0x0000ad98        0x0 c:/intel/nios2eds/bin/gnu/h-i686-mingw32/bin/../lib/gcc/nios2-elf/4.1.2/../../../../nios2-elf/lib/mno-hw-mul\libsmallc.a(lib_a-impure.o)
 .bss           0x0000ad98        0x0 ../fpga_bsp/\libhal_bsp.a(alt_exit.o)
 *(COMMON)
 COMMON         0x0000ad98      0x100 ../fpga_bsp/\libhal_bsp.a(alt_irq_handler.o)
                0x0000ad98                alt_irq
 COMMON         0x0000ae98       0x8c c:/intel/nios2eds/bin/gnu/h-i686-mingw32/bin/../lib/gcc/nios2-elf/4.1.2/../../../../nios2-elf/lib/mno-hw-mul\libsmallc.a(lib_a-atexit.o)
                0x0000ae98                _atexit0
                0x0000af24                . = ALIGN (0x4)
                0x0000af24                __bss_end = ABSOLUTE (.)

.onchip_memory2_0
                0x0000af24        0x0
                0x0000af24                PROVIDE (_alt_partition_onchip_memory2_0_start, ABSOLUTE (.))
 *(.onchip_memory2_0. onchip_memory2_0.*)
                0x0000af24                . = ALIGN (0x4)
                0x0000af24                PROVIDE (_alt_partition_onchip_memory2_0_end, ABSOLUTE (.))
                0x0000af24                _end = ABSOLUTE (.)
                0x0000af24                end = ABSOLUTE (.)
                0x0000af24                __alt_stack_base = ABSOLUTE (.)
                0x0000af24                PROVIDE (_alt_partition_onchip_memory2_0_load_addr, LOADADDR (.onchip_memory2_0))

.stab
 *(.stab)

.stabstr
 *(.stabstr)

.stab.excl
 *(.stab.excl)

.stab.exclstr
 *(.stab.exclstr)

.stab.index
 *(.stab.index)

.stab.indexstr
 *(.stab.indexstr)

.comment        0x00000000       0x26
 *(.comment)
 .comment       0x00000000       0x26 obj/default/includes/datetime.o
                                 0x27 (size before relaxing)
 .comment       0x00000000       0x27 obj/default/includes/lcd.o
 .comment       0x00000000       0x27 obj/default/includes/timer_ctrl.o
 .comment       0x00000000       0x27 obj/default/source.o
 .comment       0x00000000       0x27 c:/intel/nios2eds/bin/gnu/h-i686-mingw32/bin/../lib/gcc/nios2-elf/4.1.2/mno-hw-mul\libgcc.a(lib2-divmod.o)
 .comment       0x00000000       0x27 c:/intel/nios2eds/bin/gnu/h-i686-mingw32/bin/../lib/gcc/nios2-elf/4.1.2/mno-hw-mul\libgcc.a(lib2-mul.o)
 .comment       0x00000000       0x27 ../fpga_bsp/\libhal_bsp.a(alt_iic.o)
 .comment       0x00000000       0x27 ../fpga_bsp/\libhal_bsp.a(alt_iic_isr_register.o)
 .comment       0x00000000       0x27 ../fpga_bsp/\libhal_bsp.a(alt_irq_handler.o)
 .comment       0x00000000       0x27 ../fpga_bsp/\libhal_bsp.a(alt_irq_vars.o)
 .comment       0x00000000       0x27 ../fpga_bsp/\libhal_bsp.a(alt_load.o)
 .comment       0x00000000       0x27 ../fpga_bsp/\libhal_bsp.a(alt_main.o)
 .comment       0x00000000       0x27 ../fpga_bsp/\libhal_bsp.a(alt_sys_init.o)
 .comment       0x00000000       0x27 ../fpga_bsp/\libhal_bsp.a(altera_avalon_jtag_uart_fd.o)
 .comment       0x00000000       0x27 ../fpga_bsp/\libhal_bsp.a(altera_avalon_jtag_uart_read.o)
 .comment       0x00000000       0x27 ../fpga_bsp/\libhal_bsp.a(altera_avalon_jtag_uart_write.o)
 .comment       0x00000000       0x27 ../fpga_bsp/\libhal_bsp.a(altera_avalon_uart_fd.o)
 .comment       0x00000000       0x27 ../fpga_bsp/\libhal_bsp.a(altera_avalon_uart_read.o)
 .comment       0x00000000       0x27 ../fpga_bsp/\libhal_bsp.a(altera_avalon_uart_write.o)
 .comment       0x00000000       0x27 ../fpga_bsp/\libhal_bsp.a(alt_close.o)
 .comment       0x00000000       0x27 ../fpga_bsp/\libhal_bsp.a(alt_dcache_flush_all.o)
 .comment       0x00000000       0x27 ../fpga_bsp/\libhal_bsp.a(alt_dev.o)
 .comment       0x00000000       0x27 ../fpga_bsp/\libhal_bsp.a(alt_dev_llist_insert.o)
 .comment       0x00000000       0x27 ../fpga_bsp/\libhal_bsp.a(alt_do_ctors.o)
 .comment       0x00000000       0x27 ../fpga_bsp/\libhal_bsp.a(alt_do_dtors.o)
 .comment       0x00000000       0x27 ../fpga_bsp/\libhal_bsp.a(alt_errno.o)
 .comment       0x00000000       0x27 ../fpga_bsp/\libhal_bsp.a(alt_icache_flush_all.o)
 .comment       0x00000000       0x27 ../fpga_bsp/\libhal_bsp.a(alt_io_redirect.o)
 .comment       0x00000000       0x27 ../fpga_bsp/\libhal_bsp.a(alt_open.o)
 .comment       0x00000000       0x27 ../fpga_bsp/\libhal_bsp.a(alt_release_fd.o)
 .comment       0x00000000       0x27 ../fpga_bsp/\libhal_bsp.a(altera_nios2_qsys_irq.o)
 .comment       0x00000000       0x27 ../fpga_bsp/\libhal_bsp.a(alt_find_dev.o)
 .comment       0x00000000       0x27 ../fpga_bsp/\libhal_bsp.a(alt_find_file.o)
 .comment       0x00000000       0x27 ../fpga_bsp/\libhal_bsp.a(alt_get_fd.o)
 .comment       0x00000000       0x27 c:/intel/nios2eds/bin/gnu/h-i686-mingw32/bin/../lib/gcc/nios2-elf/4.1.2/../../../../nios2-elf/lib/mno-hw-mul\libsmallc.a(lib_a-atexit.o)
 .comment       0x00000000       0x27 c:/intel/nios2eds/bin/gnu/h-i686-mingw32/bin/../lib/gcc/nios2-elf/4.1.2/../../../../nios2-elf/lib/mno-hw-mul\libsmallc.a(lib_a-exit.o)
 .comment       0x00000000       0x27 c:/intel/nios2eds/bin/gnu/h-i686-mingw32/bin/../lib/gcc/nios2-elf/4.1.2/../../../../nios2-elf/lib/mno-hw-mul\libsmallc.a(lib_a-int_errno.o)
 .comment       0x00000000       0x27 c:/intel/nios2eds/bin/gnu/h-i686-mingw32/bin/../lib/gcc/nios2-elf/4.1.2/../../../../nios2-elf/lib/mno-hw-mul\libsmallc.a(lib_a-memcmp.o)
 .comment       0x00000000       0x27 c:/intel/nios2eds/bin/gnu/h-i686-mingw32/bin/../lib/gcc/nios2-elf/4.1.2/../../../../nios2-elf/lib/mno-hw-mul\libsmallc.a(lib_a-strlen.o)
 .comment       0x00000000       0x27 c:/intel/nios2eds/bin/gnu/h-i686-mingw32/bin/../lib/gcc/nios2-elf/4.1.2/../../../../nios2-elf/lib/mno-hw-mul\libsmallc.a(lib_a-__atexit.o)
 .comment       0x00000000       0x27 c:/intel/nios2eds/bin/gnu/h-i686-mingw32/bin/../lib/gcc/nios2-elf/4.1.2/../../../../nios2-elf/lib/mno-hw-mul\libsmallc.a(lib_a-__call_atexit.o)
 .comment       0x00000000       0x27 c:/intel/nios2eds/bin/gnu/h-i686-mingw32/bin/../lib/gcc/nios2-elf/4.1.2/../../../../nios2-elf/lib/mno-hw-mul\libsmallc.a(lib_a-impure.o)
 .comment       0x00000000       0x27 ../fpga_bsp/\libhal_bsp.a(alt_exit.o)

.debug
 *(.debug)

.line
 *(.line)

.debug_srcinfo
 *(.debug_srcinfo)

.debug_sfnames
 *(.debug_sfnames)

.debug_aranges  0x00000000      0x578
 *(.debug_aranges)
 .debug_aranges
                0x00000000       0x28 ../fpga_bsp//obj/HAL/src/crt0.o
 .debug_aranges
                0x00000028       0x20 obj/default/includes/datetime.o
 .debug_aranges
                0x00000048       0x20 obj/default/includes/lcd.o
 .debug_aranges
                0x00000068       0x20 obj/default/includes/timer_ctrl.o
 .debug_aranges
                0x00000088       0x20 obj/default/source.o
 .debug_aranges
                0x000000a8       0x20 c:/intel/nios2eds/bin/gnu/h-i686-mingw32/bin/../lib/gcc/nios2-elf/4.1.2/mno-hw-mul\libgcc.a(lib2-divmod.o)
 .debug_aranges
                0x000000c8       0x20 c:/intel/nios2eds/bin/gnu/h-i686-mingw32/bin/../lib/gcc/nios2-elf/4.1.2/mno-hw-mul\libgcc.a(lib2-mul.o)
 .debug_aranges
                0x000000e8       0x20 ../fpga_bsp/\libhal_bsp.a(alt_iic.o)
 .debug_aranges
                0x00000108       0x20 ../fpga_bsp/\libhal_bsp.a(alt_iic_isr_register.o)
 .debug_aranges
                0x00000128       0x30 ../fpga_bsp/\libhal_bsp.a(alt_irq_entry.o)
 .debug_aranges
                0x00000158       0x28 ../fpga_bsp/\libhal_bsp.a(alt_irq_handler.o)
 .debug_aranges
                0x00000180       0x20 ../fpga_bsp/\libhal_bsp.a(alt_load.o)
 .debug_aranges
                0x000001a0       0x20 ../fpga_bsp/\libhal_bsp.a(alt_main.o)
 .debug_aranges
                0x000001c0       0x20 ../fpga_bsp/\libhal_bsp.a(alt_sys_init.o)
 .debug_aranges
                0x000001e0       0x20 ../fpga_bsp/\libhal_bsp.a(altera_avalon_jtag_uart_fd.o)
 .debug_aranges
                0x00000200       0x20 ../fpga_bsp/\libhal_bsp.a(altera_avalon_jtag_uart_read.o)
 .debug_aranges
                0x00000220       0x20 ../fpga_bsp/\libhal_bsp.a(altera_avalon_jtag_uart_write.o)
 .debug_aranges
                0x00000240       0x20 ../fpga_bsp/\libhal_bsp.a(altera_avalon_uart_fd.o)
 .debug_aranges
                0x00000260       0x20 ../fpga_bsp/\libhal_bsp.a(altera_avalon_uart_read.o)
 .debug_aranges
                0x00000280       0x20 ../fpga_bsp/\libhal_bsp.a(altera_avalon_uart_write.o)
 .debug_aranges
                0x000002a0       0x20 ../fpga_bsp/\libhal_bsp.a(alt_close.o)
 .debug_aranges
                0x000002c0       0x20 ../fpga_bsp/\libhal_bsp.a(alt_dcache_flush_all.o)
 .debug_aranges
                0x000002e0       0x20 ../fpga_bsp/\libhal_bsp.a(alt_dev.o)
 .debug_aranges
                0x00000300       0x20 ../fpga_bsp/\libhal_bsp.a(alt_dev_llist_insert.o)
 .debug_aranges
                0x00000320       0x20 ../fpga_bsp/\libhal_bsp.a(alt_do_ctors.o)
 .debug_aranges
                0x00000340       0x20 ../fpga_bsp/\libhal_bsp.a(alt_do_dtors.o)
 .debug_aranges
                0x00000360       0x38 ../fpga_bsp/\libhal_bsp.a(alt_exception_entry.o)
 .debug_aranges
                0x00000398       0x20 ../fpga_bsp/\libhal_bsp.a(alt_icache_flush_all.o)
 .debug_aranges
                0x000003b8       0x20 ../fpga_bsp/\libhal_bsp.a(alt_io_redirect.o)
 .debug_aranges
                0x000003d8       0x20 ../fpga_bsp/\libhal_bsp.a(alt_open.o)
 .debug_aranges
                0x000003f8       0x20 ../fpga_bsp/\libhal_bsp.a(alt_release_fd.o)
 .debug_aranges
                0x00000418       0x20 ../fpga_bsp/\libhal_bsp.a(altera_nios2_qsys_irq.o)
 .debug_aranges
                0x00000438       0x20 ../fpga_bsp/\libhal_bsp.a(alt_find_dev.o)
 .debug_aranges
                0x00000458       0x20 ../fpga_bsp/\libhal_bsp.a(alt_find_file.o)
 .debug_aranges
                0x00000478       0x20 ../fpga_bsp/\libhal_bsp.a(alt_get_fd.o)
 .debug_aranges
                0x00000498       0x20 c:/intel/nios2eds/bin/gnu/h-i686-mingw32/bin/../lib/gcc/nios2-elf/4.1.2/../../../../nios2-elf/lib/mno-hw-mul\libsmallc.a(lib_a-atexit.o)
 .debug_aranges
                0x000004b8       0x20 c:/intel/nios2eds/bin/gnu/h-i686-mingw32/bin/../lib/gcc/nios2-elf/4.1.2/../../../../nios2-elf/lib/mno-hw-mul\libsmallc.a(lib_a-exit.o)
 .debug_aranges
                0x000004d8       0x20 c:/intel/nios2eds/bin/gnu/h-i686-mingw32/bin/../lib/gcc/nios2-elf/4.1.2/../../../../nios2-elf/lib/mno-hw-mul\libsmallc.a(lib_a-memcmp.o)
 .debug_aranges
                0x000004f8       0x20 c:/intel/nios2eds/bin/gnu/h-i686-mingw32/bin/../lib/gcc/nios2-elf/4.1.2/../../../../nios2-elf/lib/mno-hw-mul\libsmallc.a(lib_a-strlen.o)
 .debug_aranges
                0x00000518       0x20 c:/intel/nios2eds/bin/gnu/h-i686-mingw32/bin/../lib/gcc/nios2-elf/4.1.2/../../../../nios2-elf/lib/mno-hw-mul\libsmallc.a(lib_a-__atexit.o)
 .debug_aranges
                0x00000538       0x20 c:/intel/nios2eds/bin/gnu/h-i686-mingw32/bin/../lib/gcc/nios2-elf/4.1.2/../../../../nios2-elf/lib/mno-hw-mul\libsmallc.a(lib_a-__call_atexit.o)
 .debug_aranges
                0x00000558       0x20 ../fpga_bsp/\libhal_bsp.a(alt_exit.o)

.debug_pubnames
                0x00000000      0x7fe
 *(.debug_pubnames)
 .debug_pubnames
                0x00000000       0x35 obj/default/includes/datetime.o
 .debug_pubnames
                0x00000035       0x46 obj/default/includes/lcd.o
 .debug_pubnames
                0x0000007b       0x3c obj/default/includes/timer_ctrl.o
 .debug_pubnames
                0x000000b7       0x31 obj/default/source.o
 .debug_pubnames
                0x000000e8       0x48 c:/intel/nios2eds/bin/gnu/h-i686-mingw32/bin/../lib/gcc/nios2-elf/4.1.2/mno-hw-mul\libgcc.a(lib2-divmod.o)
 .debug_pubnames
                0x00000130       0x1f c:/intel/nios2eds/bin/gnu/h-i686-mingw32/bin/../lib/gcc/nios2-elf/4.1.2/mno-hw-mul\libgcc.a(lib2-mul.o)
 .debug_pubnames
                0x0000014f       0x6e ../fpga_bsp/\libhal_bsp.a(alt_iic.o)
 .debug_pubnames
                0x000001bd       0x2b ../fpga_bsp/\libhal_bsp.a(alt_iic_isr_register.o)
 .debug_pubnames
                0x000001e8       0x32 ../fpga_bsp/\libhal_bsp.a(alt_irq_handler.o)
 .debug_pubnames
                0x0000021a       0x3b ../fpga_bsp/\libhal_bsp.a(alt_irq_vars.o)
 .debug_pubnames
                0x00000255       0x1f ../fpga_bsp/\libhal_bsp.a(alt_load.o)
 .debug_pubnames
                0x00000274       0x46 ../fpga_bsp/\libhal_bsp.a(alt_main.o)
 .debug_pubnames
                0x000002ba       0x34 ../fpga_bsp/\libhal_bsp.a(alt_sys_init.o)
 .debug_pubnames
                0x000002ee       0x5b ../fpga_bsp/\libhal_bsp.a(altera_avalon_jtag_uart_fd.o)
 .debug_pubnames
                0x00000349       0x33 ../fpga_bsp/\libhal_bsp.a(altera_avalon_jtag_uart_read.o)
 .debug_pubnames
                0x0000037c       0x34 ../fpga_bsp/\libhal_bsp.a(altera_avalon_jtag_uart_write.o)
 .debug_pubnames
                0x000003b0       0x51 ../fpga_bsp/\libhal_bsp.a(altera_avalon_uart_fd.o)
 .debug_pubnames
                0x00000401       0x2e ../fpga_bsp/\libhal_bsp.a(altera_avalon_uart_read.o)
 .debug_pubnames
                0x0000042f       0x2f ../fpga_bsp/\libhal_bsp.a(altera_avalon_uart_write.o)
 .debug_pubnames
                0x0000045e       0x1c ../fpga_bsp/\libhal_bsp.a(alt_close.o)
 .debug_pubnames
                0x0000047a       0x2b ../fpga_bsp/\libhal_bsp.a(alt_dcache_flush_all.o)
 .debug_pubnames
                0x000004a5       0x63 ../fpga_bsp/\libhal_bsp.a(alt_dev.o)
 .debug_pubnames
                0x00000508       0x2b ../fpga_bsp/\libhal_bsp.a(alt_dev_llist_insert.o)
 .debug_pubnames
                0x00000533       0x20 ../fpga_bsp/\libhal_bsp.a(alt_do_ctors.o)
 .debug_pubnames
                0x00000553       0x20 ../fpga_bsp/\libhal_bsp.a(alt_do_dtors.o)
 .debug_pubnames
                0x00000573       0x20 ../fpga_bsp/\libhal_bsp.a(alt_errno.o)
 .debug_pubnames
                0x00000593       0x2b ../fpga_bsp/\libhal_bsp.a(alt_icache_flush_all.o)
 .debug_pubnames
                0x000005be       0x26 ../fpga_bsp/\libhal_bsp.a(alt_io_redirect.o)
 .debug_pubnames
                0x000005e4       0x1b ../fpga_bsp/\libhal_bsp.a(alt_open.o)
 .debug_pubnames
                0x000005ff       0x25 ../fpga_bsp/\libhal_bsp.a(alt_release_fd.o)
 .debug_pubnames
                0x00000624       0x31 ../fpga_bsp/\libhal_bsp.a(altera_nios2_qsys_irq.o)
 .debug_pubnames
                0x00000655       0x23 ../fpga_bsp/\libhal_bsp.a(alt_find_dev.o)
 .debug_pubnames
                0x00000678       0x24 ../fpga_bsp/\libhal_bsp.a(alt_find_file.o)
 .debug_pubnames
                0x0000069c       0x21 ../fpga_bsp/\libhal_bsp.a(alt_get_fd.o)
 .debug_pubnames
                0x000006bd       0x2a c:/intel/nios2eds/bin/gnu/h-i686-mingw32/bin/../lib/gcc/nios2-elf/4.1.2/../../../../nios2-elf/lib/mno-hw-mul\libsmallc.a(lib_a-atexit.o)
 .debug_pubnames
                0x000006e7       0x1b c:/intel/nios2eds/bin/gnu/h-i686-mingw32/bin/../lib/gcc/nios2-elf/4.1.2/../../../../nios2-elf/lib/mno-hw-mul\libsmallc.a(lib_a-exit.o)
 .debug_pubnames
                0x00000702       0x1c c:/intel/nios2eds/bin/gnu/h-i686-mingw32/bin/../lib/gcc/nios2-elf/4.1.2/../../../../nios2-elf/lib/mno-hw-mul\libsmallc.a(lib_a-int_errno.o)
 .debug_pubnames
                0x0000071e       0x1d c:/intel/nios2eds/bin/gnu/h-i686-mingw32/bin/../lib/gcc/nios2-elf/4.1.2/../../../../nios2-elf/lib/mno-hw-mul\libsmallc.a(lib_a-memcmp.o)
 .debug_pubnames
                0x0000073b       0x1d c:/intel/nios2eds/bin/gnu/h-i686-mingw32/bin/../lib/gcc/nios2-elf/4.1.2/../../../../nios2-elf/lib/mno-hw-mul\libsmallc.a(lib_a-strlen.o)
 .debug_pubnames
                0x00000758       0x2a c:/intel/nios2eds/bin/gnu/h-i686-mingw32/bin/../lib/gcc/nios2-elf/4.1.2/../../../../nios2-elf/lib/mno-hw-mul\libsmallc.a(lib_a-__atexit.o)
 .debug_pubnames
                0x00000782       0x27 c:/intel/nios2eds/bin/gnu/h-i686-mingw32/bin/../lib/gcc/nios2-elf/4.1.2/../../../../nios2-elf/lib/mno-hw-mul\libsmallc.a(lib_a-__call_atexit.o)
 .debug_pubnames
                0x000007a9       0x39 c:/intel/nios2eds/bin/gnu/h-i686-mingw32/bin/../lib/gcc/nios2-elf/4.1.2/../../../../nios2-elf/lib/mno-hw-mul\libsmallc.a(lib_a-impure.o)
 .debug_pubnames
                0x000007e2       0x1c ../fpga_bsp/\libhal_bsp.a(alt_exit.o)

.debug_info     0x00000000     0x7f74
 *(.debug_info .gnu.linkonce.wi.*)
 .debug_info    0x00000000       0x52 ../fpga_bsp//obj/HAL/src/crt0.o
 .debug_info    0x00000052      0x169 obj/default/includes/datetime.o
 .debug_info    0x000001bb      0x361 obj/default/includes/lcd.o
 .debug_info    0x0000051c      0x152 obj/default/includes/timer_ctrl.o
 .debug_info    0x0000066e      0x14d obj/default/source.o
 .debug_info    0x000007bb      0x21c c:/intel/nios2eds/bin/gnu/h-i686-mingw32/bin/../lib/gcc/nios2-elf/4.1.2/mno-hw-mul\libgcc.a(lib2-divmod.o)
 .debug_info    0x000009d7       0xf3 c:/intel/nios2eds/bin/gnu/h-i686-mingw32/bin/../lib/gcc/nios2-elf/4.1.2/mno-hw-mul\libgcc.a(lib2-mul.o)
 .debug_info    0x00000aca      0x46a ../fpga_bsp/\libhal_bsp.a(alt_iic.o)
 .debug_info    0x00000f34      0x2eb ../fpga_bsp/\libhal_bsp.a(alt_iic_isr_register.o)
 .debug_info    0x0000121f       0x5b ../fpga_bsp/\libhal_bsp.a(alt_irq_entry.o)
 .debug_info    0x0000127a      0x24c ../fpga_bsp/\libhal_bsp.a(alt_irq_handler.o)
 .debug_info    0x000014c6      0x13e ../fpga_bsp/\libhal_bsp.a(alt_irq_vars.o)
 .debug_info    0x00001604      0x264 ../fpga_bsp/\libhal_bsp.a(alt_load.o)
 .debug_info    0x00001868      0x1fc ../fpga_bsp/\libhal_bsp.a(alt_main.o)
 .debug_info    0x00001a64      0x65f ../fpga_bsp/\libhal_bsp.a(alt_sys_init.o)
 .debug_info    0x000020c3      0x590 ../fpga_bsp/\libhal_bsp.a(altera_avalon_jtag_uart_fd.o)
 .debug_info    0x00002653      0x2e0 ../fpga_bsp/\libhal_bsp.a(altera_avalon_jtag_uart_read.o)
 .debug_info    0x00002933      0x2bd ../fpga_bsp/\libhal_bsp.a(altera_avalon_jtag_uart_write.o)
 .debug_info    0x00002bf0      0x525 ../fpga_bsp/\libhal_bsp.a(altera_avalon_uart_fd.o)
 .debug_info    0x00003115      0x2b9 ../fpga_bsp/\libhal_bsp.a(altera_avalon_uart_read.o)
 .debug_info    0x000033ce      0x2d0 ../fpga_bsp/\libhal_bsp.a(altera_avalon_uart_write.o)
 .debug_info    0x0000369e      0x43e ../fpga_bsp/\libhal_bsp.a(alt_close.o)
 .debug_info    0x00003adc      0x133 ../fpga_bsp/\libhal_bsp.a(alt_dcache_flush_all.o)
 .debug_info    0x00003c0f      0x656 ../fpga_bsp/\libhal_bsp.a(alt_dev.o)
 .debug_info    0x00004265      0x28e ../fpga_bsp/\libhal_bsp.a(alt_dev_llist_insert.o)
 .debug_info    0x000044f3       0xe6 ../fpga_bsp/\libhal_bsp.a(alt_do_ctors.o)
 .debug_info    0x000045d9       0xe5 ../fpga_bsp/\libhal_bsp.a(alt_do_dtors.o)
 .debug_info    0x000046be      0x13b ../fpga_bsp/\libhal_bsp.a(alt_errno.o)
 .debug_info    0x000047f9       0x61 ../fpga_bsp/\libhal_bsp.a(alt_exception_entry.o)
 .debug_info    0x0000485a      0x133 ../fpga_bsp/\libhal_bsp.a(alt_icache_flush_all.o)
 .debug_info    0x0000498d      0x66c ../fpga_bsp/\libhal_bsp.a(alt_io_redirect.o)
 .debug_info    0x00004ff9      0x4fc ../fpga_bsp/\libhal_bsp.a(alt_open.o)
 .debug_info    0x000054f5      0x3c9 ../fpga_bsp/\libhal_bsp.a(alt_release_fd.o)
 .debug_info    0x000058be      0x13a ../fpga_bsp/\libhal_bsp.a(altera_nios2_qsys_irq.o)
 .debug_info    0x000059f8      0x3ef ../fpga_bsp/\libhal_bsp.a(alt_find_dev.o)
 .debug_info    0x00005de7      0x3f6 ../fpga_bsp/\libhal_bsp.a(alt_find_file.o)
 .debug_info    0x000061dd      0x437 ../fpga_bsp/\libhal_bsp.a(alt_get_fd.o)
 .debug_info    0x00006614      0x186 c:/intel/nios2eds/bin/gnu/h-i686-mingw32/bin/../lib/gcc/nios2-elf/4.1.2/../../../../nios2-elf/lib/mno-hw-mul\libsmallc.a(lib_a-atexit.o)
 .debug_info    0x0000679a       0x9f c:/intel/nios2eds/bin/gnu/h-i686-mingw32/bin/../lib/gcc/nios2-elf/4.1.2/../../../../nios2-elf/lib/mno-hw-mul\libsmallc.a(lib_a-exit.o)
 .debug_info    0x00006839       0x8c c:/intel/nios2eds/bin/gnu/h-i686-mingw32/bin/../lib/gcc/nios2-elf/4.1.2/../../../../nios2-elf/lib/mno-hw-mul\libsmallc.a(lib_a-int_errno.o)
 .debug_info    0x000068c5       0xef c:/intel/nios2eds/bin/gnu/h-i686-mingw32/bin/../lib/gcc/nios2-elf/4.1.2/../../../../nios2-elf/lib/mno-hw-mul\libsmallc.a(lib_a-memcmp.o)
 .debug_info    0x000069b4       0xc2 c:/intel/nios2eds/bin/gnu/h-i686-mingw32/bin/../lib/gcc/nios2-elf/4.1.2/../../../../nios2-elf/lib/mno-hw-mul\libsmallc.a(lib_a-strlen.o)
 .debug_info    0x00006a76      0x68f c:/intel/nios2eds/bin/gnu/h-i686-mingw32/bin/../lib/gcc/nios2-elf/4.1.2/../../../../nios2-elf/lib/mno-hw-mul\libsmallc.a(lib_a-__atexit.o)
 .debug_info    0x00007105      0x6d5 c:/intel/nios2eds/bin/gnu/h-i686-mingw32/bin/../lib/gcc/nios2-elf/4.1.2/../../../../nios2-elf/lib/mno-hw-mul\libsmallc.a(lib_a-__call_atexit.o)
 .debug_info    0x000077da      0x636 c:/intel/nios2eds/bin/gnu/h-i686-mingw32/bin/../lib/gcc/nios2-elf/4.1.2/../../../../nios2-elf/lib/mno-hw-mul\libsmallc.a(lib_a-impure.o)
 .debug_info    0x00007e10      0x164 ../fpga_bsp/\libhal_bsp.a(alt_exit.o)

.debug_abbrev   0x00000000     0x1fe7
 *(.debug_abbrev)
 .debug_abbrev  0x00000000       0x12 ../fpga_bsp//obj/HAL/src/crt0.o
 .debug_abbrev  0x00000012       0x9e obj/default/includes/datetime.o
 .debug_abbrev  0x000000b0       0xbe obj/default/includes/lcd.o
 .debug_abbrev  0x0000016e       0x5a obj/default/includes/timer_ctrl.o
 .debug_abbrev  0x000001c8       0x6e obj/default/source.o
 .debug_abbrev  0x00000236       0xe0 c:/intel/nios2eds/bin/gnu/h-i686-mingw32/bin/../lib/gcc/nios2-elf/4.1.2/mno-hw-mul\libgcc.a(lib2-divmod.o)
 .debug_abbrev  0x00000316       0x7b c:/intel/nios2eds/bin/gnu/h-i686-mingw32/bin/../lib/gcc/nios2-elf/4.1.2/mno-hw-mul\libgcc.a(lib2-mul.o)
 .debug_abbrev  0x00000391      0x134 ../fpga_bsp/\libhal_bsp.a(alt_iic.o)
 .debug_abbrev  0x000004c5      0x14e ../fpga_bsp/\libhal_bsp.a(alt_iic_isr_register.o)
 .debug_abbrev  0x00000613       0x12 ../fpga_bsp/\libhal_bsp.a(alt_irq_entry.o)
 .debug_abbrev  0x00000625      0x10c ../fpga_bsp/\libhal_bsp.a(alt_irq_handler.o)
 .debug_abbrev  0x00000731       0x44 ../fpga_bsp/\libhal_bsp.a(alt_irq_vars.o)
 .debug_abbrev  0x00000775       0x88 ../fpga_bsp/\libhal_bsp.a(alt_load.o)
 .debug_abbrev  0x000007fd       0xb7 ../fpga_bsp/\libhal_bsp.a(alt_main.o)
 .debug_abbrev  0x000008b4      0x121 ../fpga_bsp/\libhal_bsp.a(alt_sys_init.o)
 .debug_abbrev  0x000009d5       0xcb ../fpga_bsp/\libhal_bsp.a(altera_avalon_jtag_uart_fd.o)
 .debug_abbrev  0x00000aa0       0xb6 ../fpga_bsp/\libhal_bsp.a(altera_avalon_jtag_uart_read.o)
 .debug_abbrev  0x00000b56       0xb4 ../fpga_bsp/\libhal_bsp.a(altera_avalon_jtag_uart_write.o)
 .debug_abbrev  0x00000c0a       0xcf ../fpga_bsp/\libhal_bsp.a(altera_avalon_uart_fd.o)
 .debug_abbrev  0x00000cd9       0xc4 ../fpga_bsp/\libhal_bsp.a(altera_avalon_uart_read.o)
 .debug_abbrev  0x00000d9d       0xcb ../fpga_bsp/\libhal_bsp.a(altera_avalon_uart_write.o)
 .debug_abbrev  0x00000e68       0xfb ../fpga_bsp/\libhal_bsp.a(alt_close.o)
 .debug_abbrev  0x00000f63       0x3f ../fpga_bsp/\libhal_bsp.a(alt_dcache_flush_all.o)
 .debug_abbrev  0x00000fa2       0xc7 ../fpga_bsp/\libhal_bsp.a(alt_dev.o)
 .debug_abbrev  0x00001069       0xf6 ../fpga_bsp/\libhal_bsp.a(alt_dev_llist_insert.o)
 .debug_abbrev  0x0000115f       0x76 ../fpga_bsp/\libhal_bsp.a(alt_do_ctors.o)
 .debug_abbrev  0x000011d5       0x76 ../fpga_bsp/\libhal_bsp.a(alt_do_dtors.o)
 .debug_abbrev  0x0000124b       0x5e ../fpga_bsp/\libhal_bsp.a(alt_errno.o)
 .debug_abbrev  0x000012a9       0x12 ../fpga_bsp/\libhal_bsp.a(alt_exception_entry.o)
 .debug_abbrev  0x000012bb       0x3f ../fpga_bsp/\libhal_bsp.a(alt_icache_flush_all.o)
 .debug_abbrev  0x000012fa       0xf0 ../fpga_bsp/\libhal_bsp.a(alt_io_redirect.o)
 .debug_abbrev  0x000013ea      0x112 ../fpga_bsp/\libhal_bsp.a(alt_open.o)
 .debug_abbrev  0x000014fc       0xc1 ../fpga_bsp/\libhal_bsp.a(alt_release_fd.o)
 .debug_abbrev  0x000015bd       0x3f ../fpga_bsp/\libhal_bsp.a(altera_nios2_qsys_irq.o)
 .debug_abbrev  0x000015fc       0xcf ../fpga_bsp/\libhal_bsp.a(alt_find_dev.o)
 .debug_abbrev  0x000016cb       0xcf ../fpga_bsp/\libhal_bsp.a(alt_find_file.o)
 .debug_abbrev  0x0000179a       0xfb ../fpga_bsp/\libhal_bsp.a(alt_get_fd.o)
 .debug_abbrev  0x00001895       0xc6 c:/intel/nios2eds/bin/gnu/h-i686-mingw32/bin/../lib/gcc/nios2-elf/4.1.2/../../../../nios2-elf/lib/mno-hw-mul\libsmallc.a(lib_a-atexit.o)
 .debug_abbrev  0x0000195b       0x4e c:/intel/nios2eds/bin/gnu/h-i686-mingw32/bin/../lib/gcc/nios2-elf/4.1.2/../../../../nios2-elf/lib/mno-hw-mul\libsmallc.a(lib_a-exit.o)
 .debug_abbrev  0x000019a9       0x3b c:/intel/nios2eds/bin/gnu/h-i686-mingw32/bin/../lib/gcc/nios2-elf/4.1.2/../../../../nios2-elf/lib/mno-hw-mul\libsmallc.a(lib_a-int_errno.o)
 .debug_abbrev  0x000019e4       0x7c c:/intel/nios2eds/bin/gnu/h-i686-mingw32/bin/../lib/gcc/nios2-elf/4.1.2/../../../../nios2-elf/lib/mno-hw-mul\libsmallc.a(lib_a-memcmp.o)
 .debug_abbrev  0x00001a60       0x7a c:/intel/nios2eds/bin/gnu/h-i686-mingw32/bin/../lib/gcc/nios2-elf/4.1.2/../../../../nios2-elf/lib/mno-hw-mul\libsmallc.a(lib_a-strlen.o)
 .debug_abbrev  0x00001ada      0x196 c:/intel/nios2eds/bin/gnu/h-i686-mingw32/bin/../lib/gcc/nios2-elf/4.1.2/../../../../nios2-elf/lib/mno-hw-mul\libsmallc.a(lib_a-__atexit.o)
 .debug_abbrev  0x00001c70      0x1c6 c:/intel/nios2eds/bin/gnu/h-i686-mingw32/bin/../lib/gcc/nios2-elf/4.1.2/../../../../nios2-elf/lib/mno-hw-mul\libsmallc.a(lib_a-__call_atexit.o)
 .debug_abbrev  0x00001e36      0x13f c:/intel/nios2eds/bin/gnu/h-i686-mingw32/bin/../lib/gcc/nios2-elf/4.1.2/../../../../nios2-elf/lib/mno-hw-mul\libsmallc.a(lib_a-impure.o)
 .debug_abbrev  0x00001f75       0x72 ../fpga_bsp/\libhal_bsp.a(alt_exit.o)

.debug_line     0x00000000     0x5d8e
 *(.debug_line)
 .debug_line    0x00000000       0x66 ../fpga_bsp//obj/HAL/src/crt0.o
 .debug_line    0x00000066      0x168 obj/default/includes/datetime.o
 .debug_line    0x000001ce      0x34f obj/default/includes/lcd.o
 .debug_line    0x0000051d       0xd0 obj/default/includes/timer_ctrl.o
 .debug_line    0x000005ed      0x211 obj/default/source.o
 .debug_line    0x000007fe      0x24f c:/intel/nios2eds/bin/gnu/h-i686-mingw32/bin/../lib/gcc/nios2-elf/4.1.2/mno-hw-mul\libgcc.a(lib2-divmod.o)
 .debug_line    0x00000a4d      0x11a c:/intel/nios2eds/bin/gnu/h-i686-mingw32/bin/../lib/gcc/nios2-elf/4.1.2/mno-hw-mul\libgcc.a(lib2-mul.o)
 .debug_line    0x00000b67      0x2b6 ../fpga_bsp/\libhal_bsp.a(alt_iic.o)
 .debug_line    0x00000e1d      0x237 ../fpga_bsp/\libhal_bsp.a(alt_iic_isr_register.o)
 .debug_line    0x00001054       0x6b ../fpga_bsp/\libhal_bsp.a(alt_irq_entry.o)
 .debug_line    0x000010bf      0x236 ../fpga_bsp/\libhal_bsp.a(alt_irq_handler.o)
 .debug_line    0x000012f5       0x72 ../fpga_bsp/\libhal_bsp.a(alt_irq_vars.o)
 .debug_line    0x00001367      0x205 ../fpga_bsp/\libhal_bsp.a(alt_load.o)
 .debug_line    0x0000156c      0x2b8 ../fpga_bsp/\libhal_bsp.a(alt_main.o)
 .debug_line    0x00001824      0x2f5 ../fpga_bsp/\libhal_bsp.a(alt_sys_init.o)
 .debug_line    0x00001b19      0x1ce ../fpga_bsp/\libhal_bsp.a(altera_avalon_jtag_uart_fd.o)
 .debug_line    0x00001ce7      0x331 ../fpga_bsp/\libhal_bsp.a(altera_avalon_jtag_uart_read.o)
 .debug_line    0x00002018      0x2f2 ../fpga_bsp/\libhal_bsp.a(altera_avalon_jtag_uart_write.o)
 .debug_line    0x0000230a      0x1a9 ../fpga_bsp/\libhal_bsp.a(altera_avalon_uart_fd.o)
 .debug_line    0x000024b3      0x30f ../fpga_bsp/\libhal_bsp.a(altera_avalon_uart_read.o)
 .debug_line    0x000027c2      0x310 ../fpga_bsp/\libhal_bsp.a(altera_avalon_uart_write.o)
 .debug_line    0x00002ad2      0x287 ../fpga_bsp/\libhal_bsp.a(alt_close.o)
 .debug_line    0x00002d59      0x1a3 ../fpga_bsp/\libhal_bsp.a(alt_dcache_flush_all.o)
 .debug_line    0x00002efc      0x242 ../fpga_bsp/\libhal_bsp.a(alt_dev.o)
 .debug_line    0x0000313e      0x248 ../fpga_bsp/\libhal_bsp.a(alt_dev_llist_insert.o)
 .debug_line    0x00003386       0x83 ../fpga_bsp/\libhal_bsp.a(alt_do_ctors.o)
 .debug_line    0x00003409       0x83 ../fpga_bsp/\libhal_bsp.a(alt_do_dtors.o)
 .debug_line    0x0000348c      0x198 ../fpga_bsp/\libhal_bsp.a(alt_errno.o)
 .debug_line    0x00003624       0xab ../fpga_bsp/\libhal_bsp.a(alt_exception_entry.o)
 .debug_line    0x000036cf      0x1a3 ../fpga_bsp/\libhal_bsp.a(alt_icache_flush_all.o)
 .debug_line    0x00003872      0x2a2 ../fpga_bsp/\libhal_bsp.a(alt_io_redirect.o)
 .debug_line    0x00003b14      0x2ed ../fpga_bsp/\libhal_bsp.a(alt_open.o)
 .debug_line    0x00003e01       0xed ../fpga_bsp/\libhal_bsp.a(alt_release_fd.o)
 .debug_line    0x00003eee      0x1bc ../fpga_bsp/\libhal_bsp.a(altera_nios2_qsys_irq.o)
 .debug_line    0x000040aa      0x259 ../fpga_bsp/\libhal_bsp.a(alt_find_dev.o)
 .debug_line    0x00004303      0x26a ../fpga_bsp/\libhal_bsp.a(alt_find_file.o)
 .debug_line    0x0000456d      0x285 ../fpga_bsp/\libhal_bsp.a(alt_get_fd.o)
 .debug_line    0x000047f2      0x203 c:/intel/nios2eds/bin/gnu/h-i686-mingw32/bin/../lib/gcc/nios2-elf/4.1.2/../../../../nios2-elf/lib/mno-hw-mul\libsmallc.a(lib_a-atexit.o)
 .debug_line    0x000049f5      0x223 c:/intel/nios2eds/bin/gnu/h-i686-mingw32/bin/../lib/gcc/nios2-elf/4.1.2/../../../../nios2-elf/lib/mno-hw-mul\libsmallc.a(lib_a-exit.o)
 .debug_line    0x00004c18      0x1e2 c:/intel/nios2eds/bin/gnu/h-i686-mingw32/bin/../lib/gcc/nios2-elf/4.1.2/../../../../nios2-elf/lib/mno-hw-mul\libsmallc.a(lib_a-int_errno.o)
 .debug_line    0x00004dfa      0x270 c:/intel/nios2eds/bin/gnu/h-i686-mingw32/bin/../lib/gcc/nios2-elf/4.1.2/../../../../nios2-elf/lib/mno-hw-mul\libsmallc.a(lib_a-memcmp.o)
 .debug_line    0x0000506a      0x250 c:/intel/nios2eds/bin/gnu/h-i686-mingw32/bin/../lib/gcc/nios2-elf/4.1.2/../../../../nios2-elf/lib/mno-hw-mul\libsmallc.a(lib_a-strlen.o)
 .debug_line    0x000052ba      0x350 c:/intel/nios2eds/bin/gnu/h-i686-mingw32/bin/../lib/gcc/nios2-elf/4.1.2/../../../../nios2-elf/lib/mno-hw-mul\libsmallc.a(lib_a-__atexit.o)
 .debug_line    0x0000560a      0x360 c:/intel/nios2eds/bin/gnu/h-i686-mingw32/bin/../lib/gcc/nios2-elf/4.1.2/../../../../nios2-elf/lib/mno-hw-mul\libsmallc.a(lib_a-__call_atexit.o)
 .debug_line    0x0000596a      0x230 c:/intel/nios2eds/bin/gnu/h-i686-mingw32/bin/../lib/gcc/nios2-elf/4.1.2/../../../../nios2-elf/lib/mno-hw-mul\libsmallc.a(lib_a-impure.o)
 .debug_line    0x00005b9a      0x1f4 ../fpga_bsp/\libhal_bsp.a(alt_exit.o)

.debug_frame    0x00000000      0x9f4
 *(.debug_frame)
 .debug_frame   0x00000000       0x48 obj/default/includes/datetime.o
 .debug_frame   0x00000048      0x10c obj/default/includes/lcd.o
 .debug_frame   0x00000154       0x48 obj/default/includes/timer_ctrl.o
 .debug_frame   0x0000019c       0x48 obj/default/source.o
 .debug_frame   0x000001e4       0x70 c:/intel/nios2eds/bin/gnu/h-i686-mingw32/bin/../lib/gcc/nios2-elf/4.1.2/mno-hw-mul\libgcc.a(lib2-divmod.o)
 .debug_frame   0x00000254       0x20 c:/intel/nios2eds/bin/gnu/h-i686-mingw32/bin/../lib/gcc/nios2-elf/4.1.2/mno-hw-mul\libgcc.a(lib2-mul.o)
 .debug_frame   0x00000274       0x80 ../fpga_bsp/\libhal_bsp.a(alt_iic.o)
 .debug_frame   0x000002f4       0x2c ../fpga_bsp/\libhal_bsp.a(alt_iic_isr_register.o)
 .debug_frame   0x00000320       0x2c ../fpga_bsp/\libhal_bsp.a(alt_irq_handler.o)
 .debug_frame   0x0000034c       0x48 ../fpga_bsp/\libhal_bsp.a(alt_load.o)
 .debug_frame   0x00000394       0x2c ../fpga_bsp/\libhal_bsp.a(alt_main.o)
 .debug_frame   0x000003c0       0x64 ../fpga_bsp/\libhal_bsp.a(alt_sys_init.o)
 .debug_frame   0x00000424       0x48 ../fpga_bsp/\libhal_bsp.a(altera_avalon_jtag_uart_fd.o)
 .debug_frame   0x0000046c       0x2c ../fpga_bsp/\libhal_bsp.a(altera_avalon_jtag_uart_read.o)
 .debug_frame   0x00000498       0x2c ../fpga_bsp/\libhal_bsp.a(altera_avalon_jtag_uart_write.o)
 .debug_frame   0x000004c4       0x48 ../fpga_bsp/\libhal_bsp.a(altera_avalon_uart_fd.o)
 .debug_frame   0x0000050c       0x48 ../fpga_bsp/\libhal_bsp.a(altera_avalon_uart_read.o)
 .debug_frame   0x00000554       0x48 ../fpga_bsp/\libhal_bsp.a(altera_avalon_uart_write.o)
 .debug_frame   0x0000059c       0x48 ../fpga_bsp/\libhal_bsp.a(alt_close.o)
 .debug_frame   0x000005e4       0x2c ../fpga_bsp/\libhal_bsp.a(alt_dcache_flush_all.o)
 .debug_frame   0x00000610       0x2c ../fpga_bsp/\libhal_bsp.a(alt_dev.o)
 .debug_frame   0x0000063c       0x48 ../fpga_bsp/\libhal_bsp.a(alt_dev_llist_insert.o)
 .debug_frame   0x00000684       0x2c ../fpga_bsp/\libhal_bsp.a(alt_do_ctors.o)
 .debug_frame   0x000006b0       0x2c ../fpga_bsp/\libhal_bsp.a(alt_do_dtors.o)
 .debug_frame   0x000006dc       0x2c ../fpga_bsp/\libhal_bsp.a(alt_icache_flush_all.o)
 .debug_frame   0x00000708       0x4c ../fpga_bsp/\libhal_bsp.a(alt_io_redirect.o)
 .debug_frame   0x00000754       0x68 ../fpga_bsp/\libhal_bsp.a(alt_open.o)
 .debug_frame   0x000007bc       0x30 ../fpga_bsp/\libhal_bsp.a(alt_release_fd.o)
 .debug_frame   0x000007ec       0x2c ../fpga_bsp/\libhal_bsp.a(altera_nios2_qsys_irq.o)
 .debug_frame   0x00000818       0x2c ../fpga_bsp/\libhal_bsp.a(alt_find_dev.o)
 .debug_frame   0x00000844       0x2c ../fpga_bsp/\libhal_bsp.a(alt_find_file.o)
 .debug_frame   0x00000870       0x30 ../fpga_bsp/\libhal_bsp.a(alt_get_fd.o)
 .debug_frame   0x000008a0       0x20 c:/intel/nios2eds/bin/gnu/h-i686-mingw32/bin/../lib/gcc/nios2-elf/4.1.2/../../../../nios2-elf/lib/mno-hw-mul\libsmallc.a(lib_a-atexit.o)
 .debug_frame   0x000008c0       0x2c c:/intel/nios2eds/bin/gnu/h-i686-mingw32/bin/../lib/gcc/nios2-elf/4.1.2/../../../../nios2-elf/lib/mno-hw-mul\libsmallc.a(lib_a-exit.o)
 .debug_frame   0x000008ec       0x20 c:/intel/nios2eds/bin/gnu/h-i686-mingw32/bin/../lib/gcc/nios2-elf/4.1.2/../../../../nios2-elf/lib/mno-hw-mul\libsmallc.a(lib_a-memcmp.o)
 .debug_frame   0x0000090c       0x20 c:/intel/nios2eds/bin/gnu/h-i686-mingw32/bin/../lib/gcc/nios2-elf/4.1.2/../../../../nios2-elf/lib/mno-hw-mul\libsmallc.a(lib_a-strlen.o)
 .debug_frame   0x0000092c       0x34 c:/intel/nios2eds/bin/gnu/h-i686-mingw32/bin/../lib/gcc/nios2-elf/4.1.2/../../../../nios2-elf/lib/mno-hw-mul\libsmallc.a(lib_a-__atexit.o)
 .debug_frame   0x00000960       0x4c c:/intel/nios2eds/bin/gnu/h-i686-mingw32/bin/../lib/gcc/nios2-elf/4.1.2/../../../../nios2-elf/lib/mno-hw-mul\libsmallc.a(lib_a-__call_atexit.o)
 .debug_frame   0x000009ac       0x48 ../fpga_bsp/\libhal_bsp.a(alt_exit.o)

.debug_str      0x00000000      0xa7d
 *(.debug_str)
 .debug_str     0x00000000       0x12 obj/default/source.o
 .debug_str     0x00000012      0x167 c:/intel/nios2eds/bin/gnu/h-i686-mingw32/bin/../lib/gcc/nios2-elf/4.1.2/mno-hw-mul\libgcc.a(lib2-divmod.o)
                                0x1b4 (size before relaxing)
 .debug_str     0x00000179       0x37 c:/intel/nios2eds/bin/gnu/h-i686-mingw32/bin/../lib/gcc/nios2-elf/4.1.2/mno-hw-mul\libgcc.a(lib2-mul.o)
                                0x175 (size before relaxing)
 .debug_str     0x000001b0       0x18 ../fpga_bsp/\libhal_bsp.a(alt_iic.o)
 .debug_str     0x000001c8       0x1a ../fpga_bsp/\libhal_bsp.a(alt_iic_isr_register.o)
 .debug_str     0x000001e2       0x12 ../fpga_bsp/\libhal_bsp.a(alt_irq_handler.o)
 .debug_str     0x000001f4       0x12 ../fpga_bsp/\libhal_bsp.a(alt_load.o)
 .debug_str     0x00000206       0x12 ../fpga_bsp/\libhal_bsp.a(alt_main.o)
 .debug_str     0x00000218       0x12 ../fpga_bsp/\libhal_bsp.a(alt_sys_init.o)
 .debug_str     0x0000022a       0x12 ../fpga_bsp/\libhal_bsp.a(altera_avalon_jtag_uart_read.o)
 .debug_str     0x0000023c       0x12 ../fpga_bsp/\libhal_bsp.a(altera_avalon_jtag_uart_write.o)
 .debug_str     0x0000024e       0x12 ../fpga_bsp/\libhal_bsp.a(altera_avalon_uart_fd.o)
 .debug_str     0x00000260       0x12 ../fpga_bsp/\libhal_bsp.a(altera_avalon_uart_read.o)
 .debug_str     0x00000272       0x12 ../fpga_bsp/\libhal_bsp.a(altera_avalon_uart_write.o)
 .debug_str     0x00000284       0x12 ../fpga_bsp/\libhal_bsp.a(alt_close.o)
 .debug_str     0x00000296       0x12 ../fpga_bsp/\libhal_bsp.a(alt_dcache_flush_all.o)
 .debug_str     0x000002a8       0x12 ../fpga_bsp/\libhal_bsp.a(alt_dev.o)
 .debug_str     0x000002ba       0x12 ../fpga_bsp/\libhal_bsp.a(alt_dev_llist_insert.o)
 .debug_str     0x000002cc       0x12 ../fpga_bsp/\libhal_bsp.a(alt_errno.o)
 .debug_str     0x000002de       0x12 ../fpga_bsp/\libhal_bsp.a(alt_icache_flush_all.o)
 .debug_str     0x000002f0       0x12 ../fpga_bsp/\libhal_bsp.a(alt_io_redirect.o)
 .debug_str     0x00000302       0x12 ../fpga_bsp/\libhal_bsp.a(alt_open.o)
 .debug_str     0x00000314       0x12 ../fpga_bsp/\libhal_bsp.a(altera_nios2_qsys_irq.o)
 .debug_str     0x00000326       0x12 ../fpga_bsp/\libhal_bsp.a(alt_find_dev.o)
 .debug_str     0x00000338       0x12 ../fpga_bsp/\libhal_bsp.a(alt_find_file.o)
 .debug_str     0x0000034a       0x12 ../fpga_bsp/\libhal_bsp.a(alt_get_fd.o)
 .debug_str     0x0000035c      0x143 c:/intel/nios2eds/bin/gnu/h-i686-mingw32/bin/../lib/gcc/nios2-elf/4.1.2/../../../../nios2-elf/lib/mno-hw-mul\libsmallc.a(lib_a-atexit.o)
                                0x1e5 (size before relaxing)
 .debug_str     0x0000049f       0x41 c:/intel/nios2eds/bin/gnu/h-i686-mingw32/bin/../lib/gcc/nios2-elf/4.1.2/../../../../nios2-elf/lib/mno-hw-mul\libsmallc.a(lib_a-exit.o)
                                0x178 (size before relaxing)
 .debug_str     0x000004e0       0xdc c:/intel/nios2eds/bin/gnu/h-i686-mingw32/bin/../lib/gcc/nios2-elf/4.1.2/../../../../nios2-elf/lib/mno-hw-mul\libsmallc.a(lib_a-int_errno.o)
                                0x177 (size before relaxing)
 .debug_str     0x000005bc       0xe9 c:/intel/nios2eds/bin/gnu/h-i686-mingw32/bin/../lib/gcc/nios2-elf/4.1.2/../../../../nios2-elf/lib/mno-hw-mul\libsmallc.a(lib_a-memcmp.o)
                                0x17e (size before relaxing)
 .debug_str     0x000006a5       0x45 c:/intel/nios2eds/bin/gnu/h-i686-mingw32/bin/../lib/gcc/nios2-elf/4.1.2/../../../../nios2-elf/lib/mno-hw-mul\libsmallc.a(lib_a-strlen.o)
                                0x184 (size before relaxing)
 .debug_str     0x000006ea      0x2b0 c:/intel/nios2eds/bin/gnu/h-i686-mingw32/bin/../lib/gcc/nios2-elf/4.1.2/../../../../nios2-elf/lib/mno-hw-mul\libsmallc.a(lib_a-__atexit.o)
                                0x467 (size before relaxing)
 .debug_str     0x0000099a       0x7e c:/intel/nios2eds/bin/gnu/h-i686-mingw32/bin/../lib/gcc/nios2-elf/4.1.2/../../../../nios2-elf/lib/mno-hw-mul\libsmallc.a(lib_a-__call_atexit.o)
                                0x491 (size before relaxing)
 .debug_str     0x00000a18       0x49 c:/intel/nios2eds/bin/gnu/h-i686-mingw32/bin/../lib/gcc/nios2-elf/4.1.2/../../../../nios2-elf/lib/mno-hw-mul\libsmallc.a(lib_a-impure.o)
                                0x45d (size before relaxing)
 .debug_str     0x00000a61       0x1c ../fpga_bsp/\libhal_bsp.a(alt_exit.o)

.debug_loc      0x00000000      0xfca
 *(.debug_loc)
 .debug_loc     0x00000000       0x56 obj/default/includes/datetime.o
 .debug_loc     0x00000056      0x183 obj/default/includes/lcd.o
 .debug_loc     0x000001d9       0x56 obj/default/includes/timer_ctrl.o
 .debug_loc     0x0000022f       0x56 obj/default/source.o
 .debug_loc     0x00000285      0x1d2 c:/intel/nios2eds/bin/gnu/h-i686-mingw32/bin/../lib/gcc/nios2-elf/4.1.2/mno-hw-mul\libgcc.a(lib2-divmod.o)
 .debug_loc     0x00000457       0x4f c:/intel/nios2eds/bin/gnu/h-i686-mingw32/bin/../lib/gcc/nios2-elf/4.1.2/mno-hw-mul\libgcc.a(lib2-mul.o)
 .debug_loc     0x000004a6       0xac ../fpga_bsp/\libhal_bsp.a(alt_iic.o)
 .debug_loc     0x00000552       0x2b ../fpga_bsp/\libhal_bsp.a(alt_iic_isr_register.o)
 .debug_loc     0x0000057d       0x2b ../fpga_bsp/\libhal_bsp.a(alt_irq_handler.o)
 .debug_loc     0x000005a8       0x56 ../fpga_bsp/\libhal_bsp.a(alt_load.o)
 .debug_loc     0x000005fe       0x2b ../fpga_bsp/\libhal_bsp.a(alt_main.o)
 .debug_loc     0x00000629       0x81 ../fpga_bsp/\libhal_bsp.a(alt_sys_init.o)
 .debug_loc     0x000006aa       0x56 ../fpga_bsp/\libhal_bsp.a(altera_avalon_jtag_uart_fd.o)
 .debug_loc     0x00000700       0x2b ../fpga_bsp/\libhal_bsp.a(altera_avalon_jtag_uart_read.o)
 .debug_loc     0x0000072b       0x2b ../fpga_bsp/\libhal_bsp.a(altera_avalon_jtag_uart_write.o)
 .debug_loc     0x00000756       0x56 ../fpga_bsp/\libhal_bsp.a(altera_avalon_uart_fd.o)
 .debug_loc     0x000007ac       0x56 ../fpga_bsp/\libhal_bsp.a(altera_avalon_uart_read.o)
 .debug_loc     0x00000802       0x56 ../fpga_bsp/\libhal_bsp.a(altera_avalon_uart_write.o)
 .debug_loc     0x00000858       0x56 ../fpga_bsp/\libhal_bsp.a(alt_close.o)
 .debug_loc     0x000008ae       0x2b ../fpga_bsp/\libhal_bsp.a(alt_dcache_flush_all.o)
 .debug_loc     0x000008d9       0x2b ../fpga_bsp/\libhal_bsp.a(alt_dev.o)
 .debug_loc     0x00000904       0x56 ../fpga_bsp/\libhal_bsp.a(alt_dev_llist_insert.o)
 .debug_loc     0x0000095a       0x2b ../fpga_bsp/\libhal_bsp.a(alt_do_ctors.o)
 .debug_loc     0x00000985       0x2b ../fpga_bsp/\libhal_bsp.a(alt_do_dtors.o)
 .debug_loc     0x000009b0       0x2b ../fpga_bsp/\libhal_bsp.a(alt_icache_flush_all.o)
 .debug_loc     0x000009db       0x56 ../fpga_bsp/\libhal_bsp.a(alt_io_redirect.o)
 .debug_loc     0x00000a31       0x81 ../fpga_bsp/\libhal_bsp.a(alt_open.o)
 .debug_loc     0x00000ab2       0x2b ../fpga_bsp/\libhal_bsp.a(alt_release_fd.o)
 .debug_loc     0x00000add       0x2b ../fpga_bsp/\libhal_bsp.a(altera_nios2_qsys_irq.o)
 .debug_loc     0x00000b08       0x2b ../fpga_bsp/\libhal_bsp.a(alt_find_dev.o)
 .debug_loc     0x00000b33       0x2b ../fpga_bsp/\libhal_bsp.a(alt_find_file.o)
 .debug_loc     0x00000b5e       0x2b ../fpga_bsp/\libhal_bsp.a(alt_get_fd.o)
 .debug_loc     0x00000b89       0x1e c:/intel/nios2eds/bin/gnu/h-i686-mingw32/bin/../lib/gcc/nios2-elf/4.1.2/../../../../nios2-elf/lib/mno-hw-mul\libsmallc.a(lib_a-atexit.o)
 .debug_loc     0x00000ba7       0x3d c:/intel/nios2eds/bin/gnu/h-i686-mingw32/bin/../lib/gcc/nios2-elf/4.1.2/../../../../nios2-elf/lib/mno-hw-mul\libsmallc.a(lib_a-exit.o)
 .debug_loc     0x00000be4       0x70 c:/intel/nios2eds/bin/gnu/h-i686-mingw32/bin/../lib/gcc/nios2-elf/4.1.2/../../../../nios2-elf/lib/mno-hw-mul\libsmallc.a(lib_a-memcmp.o)
 .debug_loc     0x00000c54       0x1e c:/intel/nios2eds/bin/gnu/h-i686-mingw32/bin/../lib/gcc/nios2-elf/4.1.2/../../../../nios2-elf/lib/mno-hw-mul\libsmallc.a(lib_a-strlen.o)
 .debug_loc     0x00000c72      0x141 c:/intel/nios2eds/bin/gnu/h-i686-mingw32/bin/../lib/gcc/nios2-elf/4.1.2/../../../../nios2-elf/lib/mno-hw-mul\libsmallc.a(lib_a-__atexit.o)
 .debug_loc     0x00000db3      0x1c1 c:/intel/nios2eds/bin/gnu/h-i686-mingw32/bin/../lib/gcc/nios2-elf/4.1.2/../../../../nios2-elf/lib/mno-hw-mul\libsmallc.a(lib_a-__call_atexit.o)
 .debug_loc     0x00000f74       0x56 ../fpga_bsp/\libhal_bsp.a(alt_exit.o)

.debug_macinfo
 *(.debug_macinfo)

.debug_weaknames
 *(.debug_weaknames)

.debug_funcnames
 *(.debug_funcnames)

.debug_typenames
 *(.debug_typenames)

.debug_varnames
 *(.debug_varnames)

.debug_alt_sim_info
                0x00000000       0x10
 *(.debug_alt_sim_info)
 .debug_alt_sim_info
                0x00000000       0x10 ../fpga_bsp//obj/HAL/src/crt0.o
                0x00010000                __alt_data_end = 0x10000
                0x00010000                PROVIDE (__alt_stack_pointer, __alt_data_end)
                0x0000af24                PROVIDE (__alt_stack_limit, __alt_stack_base)
                0x0000af24                PROVIDE (__alt_heap_start, end)
                0x00010000                PROVIDE (__alt_heap_limit, 0x10000)
OUTPUT(fpga.elf elf32-littlenios2)

.debug_ranges   0x00000000       0x90
 .debug_ranges  0x00000000       0x20 ../fpga_bsp//obj/HAL/src/crt0.o
 .debug_ranges  0x00000020       0x28 ../fpga_bsp/\libhal_bsp.a(alt_irq_entry.o)
 .debug_ranges  0x00000048       0x30 ../fpga_bsp/\libhal_bsp.a(alt_exception_entry.o)
 .debug_ranges  0x00000078       0x18 c:/intel/nios2eds/bin/gnu/h-i686-mingw32/bin/../lib/gcc/nios2-elf/4.1.2/../../../../nios2-elf/lib/mno-hw-mul\libsmallc.a(lib_a-__call_atexit.o)
